Microchip MPLAB XC8 Compiler V2.41

Linker command line:

-W-3 \
  --edf=C:\Program Files\Microchip\xc8\v2.41\pic\dat\20230208172133_en.msgs \
  -cn -h+dist/default/debug\TermistorRevH_modbus.X.debug.sym \
  --cmf=dist/default/debug\TermistorRevH_modbus.X.debug.cmf -z -Q16F18424 \
  -oC:\Users\asus\AppData\Local\Temp\xcAs3ok.\driver_tmp_3.o \
  --defsym=__MPLAB_BUILD=1 --fixupoverflow=error \
  -Mdist/default/debug/TermistorRevH_modbus.X.debug.map \
  --md=C:\Users\asus\AppData\Local\Temp\xcAs3ok.\driver_tmp_0.dat -E1 \
  -ver=XC8 Compiler --acfsm=1493 -ACODE=00h-07FFhx2 -ASTRCODE=00h-0FFFh \
  -ASTRING=00h-0FFhx16 -ACONST=00h-0FFhx16 -AENTRY=00h-0FFhx16 \
  -ACOMMON=070h-07Fh -ABANK0=020h-06Fh -ABANK1=0A0h-0EFh \
  -ABANK2=0120h-016Fh -ABANK3=01A0h-01EFh -ABANK4=0220h-026Fh \
  -ABANK5=02A0h-02EFh -ABANK6=0320h-032Fh -ABIGRAM=02000h-021EFh \
  -ARAM=020h-06Fh,0A0h-0EFh,0120h-016Fh,01A0h-01EFh,0220h-026Fh,02A0h-02EFh,0320h-032Fh \
  -AABS1=020h-07Fh,0A0h-0EFh,0120h-016Fh,01A0h-01EFh,0220h-026Fh,02A0h-02EFh,0320h-032Fh \
  -ASFR0=00h-01Fh -ASFR1=080h-09Fh -ASFR2=0100h-011Fh -ASFR3=0180h-019Fh \
  -ASFR4=0200h-021Fh -ASFR5=0280h-029Fh -ASFR6=0300h-031Fh \
  -ASFR7=0380h-03EFh -ASFR8=0400h-046Fh -ASFR9=0480h-04EFh \
  -ASFR10=0500h-056Fh -ASFR11=0580h-05EFh -ASFR12=0600h-066Fh \
  -ASFR13=0680h-06EFh -ASFR14=0700h-076Fh -ASFR15=0780h-07EFh \
  -ASFR16=0800h-086Fh -ASFR17=0880h-08EFh -ASFR18=0900h-096Fh \
  -ASFR19=0980h-09EFh -ASFR20=0A00h-0A6Fh -ASFR21=0A80h-0AEFh \
  -ASFR22=0B00h-0B6Fh -ASFR23=0B80h-0BEFh -ASFR24=0C00h-0C6Fh \
  -ASFR25=0C80h-0CEFh -ASFR26=0D00h-0D6Fh -ASFR27=0D80h-0DEFh \
  -ASFR28=0E00h-0E6Fh -ASFR29=0E80h-0EEFh -ASFR30=0F00h-0F6Fh \
  -ASFR31=0F80h-0FEFh -ASFR32=01000h-0106Fh -ASFR33=01080h-010EFh \
  -ASFR34=01100h-0116Fh -ASFR35=01180h-011EFh -ASFR36=01200h-0126Fh \
  -ASFR37=01280h-012EFh -ASFR38=01300h-0136Fh -ASFR39=01380h-013EFh \
  -ASFR40=01400h-0146Fh -ASFR41=01480h-014EFh -ASFR42=01500h-0156Fh \
  -ASFR43=01580h-015EFh -ASFR44=01600h-0166Fh -ASFR45=01680h-016EFh \
  -ASFR46=01700h-0176Fh -ASFR47=01780h-017EFh -ASFR48=01800h-0186Fh \
  -ASFR49=01880h-018EFh -ASFR50=01900h-0196Fh -ASFR51=01980h-019EFh \
  -ASFR52=01A00h-01A6Fh -ASFR53=01A80h-01AEFh -ASFR54=01B00h-01B6Fh \
  -ASFR55=01B80h-01BEFh -ASFR56=01C00h-01C6Fh -ASFR57=01C80h-01CEFh \
  -ASFR58=01D00h-01D6Fh -ASFR59=01D80h-01DEFh -ASFR60=01E00h-01E6Fh \
  -ASFR61=01E80h-01EEFh -ASFR62=01F00h-01F6Fh -ASFR63=01F80h-01FEFh \
  -ACONFIG=08007h-0800Bh -DCONFIG=2 -AIDLOC=08000h-08003h -DIDLOC=2 \
  -AEEDATA=00h-0FFh/0F000h -peeprom_data=EEDATA -DEEDATA=2 -DCODE=2 \
  -DSTRCODE=2 -DSTRING=2 -DCONST=2 -DENTRY=2 \
  -preset_vec=00h,intentry=04h,init,end_init -ppowerup=CODE -pcinit=CODE \
  -pfunctab=ENTRY -k \
  C:\Users\asus\AppData\Local\Temp\xcAs3ok.\driver_tmp_20.o \
  dist/default/debug\TermistorRevH_modbus.X.debug.o 

Object code version is 3.11

Machine type is 16F18424



                Name                               Link     Load   Length Selector   Space Scale
C:\Users\asus\AppData\Local\Temp\xcAs3ok.\driver_tmp_20.o
                end_init                             1B       1B        2        8       0
                reset_vec                             0        0        3        0       0
                config                             8007     8007        5        0       4
                idloc                              8000     8000        4        0       5
dist/default/debug\TermistorRevH_modbus.X.debug.o
                cinit                                1D       1D       2F        8       0
                intentry                              4        4       17        8       0
                config                             8007     8007        5        0       4
                idloc                              8000     8000        4        0       5
                text88                              88F      88F        2     111E       0
                text87                              8B2      8B2        5     1164       0
                text86                              C5E      C5E       34     18BC       0
                text85                              895      895        3     112A       0
                text84                              88C      88C        1     1118       0
                text83                              89E      89E        4     113C       0
                text82                              BF9      BF9       32     17F2       0
                text81                              898      898        3     1130       0
                text80                              8A2      8A2        4     1144       0
                text79                              94F      94F        D     129E       0
                text78                              937      937        C     126E       0
                text76                              976      976        E     12EC       0
                text75                              B28      B28       23     1650       0
                text74                              8B7      8B7        6     116E       0
                text73                              A5E      A5E       1B     14BC       0
                text72                              8C9      8C9        8     1192       0
                text71                              8D1      8D1        8     11A2       0
                text70                              8D9      8D9        8     11B2       0
                text69                              8E1      8E1        8     11C2       0
                text68                              C2B      C2B       33     1856       0
                text67                              8A6      8A6        4     114C       0
                text66                              8F1      8F1        9     11E2       0
                text65                              AE9      AE9       1E     15D2       0
                text64                              903      903        A     1206       0
                text63                              8E9      8E9        8     11D2       0
                text62                              891      891        2     1122       0
                text61                              9FD      9FD       17     13FA       0
                text60                              9E8      9E8       15     13D0       0
                text59                              8AA      8AA        4     1154       0
                text58                              88D      88D        1     111A       0
                text57                              A14      A14       18     1428       0
                text56                              DA6      DA6       3C     1B4C       0
                text55                              88E      88E        1     111C       0
                text54                              921      921        B     1242       0
                text53                              92C      92C        B     1258       0
                text52                              9C1      9C1       13     1382       0
                text51                              9AF      9AF       12     135E       0
                text50                              B07      B07       21     160E       0
                text49                              9D4      9D4       14     13A8       0
                text48                              61B      61B       61        8       0
                text47                              31B      31B       A4        8       0
                text46                              EE3      EE3       45     1DC6       0
                text45                              B99      B99       2F     1732       0
                text44                              C92      C92       36     1924       0
                text43                              CC8      CC8       36     1990       0
                text42                              90D      90D        A     121A       0
                text41                              A79      A79       1B     14F2       0
                text40                              B70      B70       29     16E0       0
                text39                              78F      78F       4A        8       0
                text38                              917      917        A     122E       0
                text37                              CFE      CFE       38     19FC       0
                text36                              6DC      6DC       5E        8       0
                text35                              943      943        C     1286       0
                text34                              DE2      DE2       3D     1BC4       0
                text33                              BC8      BC8       31     1790       0
                text32                              E5D      E5D       43     1CBA       0
                text31                              A94      A94       1B     1528       0
                text30                              B4B      B4B       25     1696       0
                text29                              F6E      F6E       49     1EDC       0
                text28                              3BF      3BF       93        8       0
                text27                              4D5      4D5       7F        8       0
                text26                              8FA      8FA        9     11F4       0
                text25                              8AE      8AE        4     115C       0
                text24                              95C      95C        D     12B8       0
                text23                              89B      89B        3     1136       0
                text22                              893      893        2     1126       0
                text21                              F28      F28       46     1E50       0
                text20                              67C      67C       60        8       0
                text19                              D36      D36       38     1A6C       0
                text18                              AAF      AAF       1D     155E       0
                text17                               4C       4C      12C        8       0
                text16                              984      984        E     1308       0
                text15                              992      992        E     1324       0
                text14                              554      554       65        8       0
                text13                              EA0      EA0       43     1D40       0
                text12                              25A      25A       C1        8       0
                text11                              A2C      A2C       18     1458       0
                text10                              ACC      ACC       1D     1598       0
                text9                               452      452       83        8       0
                text8                               D6E      D6E       38     1ADC       0
                text7                               E1F      E1F       3E     1C3E       0
                text6                               5B9      5B9       62        8       0
                text5                                 3        3        1        0       0
                text4                               73A      73A       55        8       0
                text3                               FB7      FB7       49     1F6E       0
                text2                               A44      A44       1A     1488       0
                text1                               9A0      9A0        F     1340       0
                maintext                            178      178       E2        8       0
                cstackBANK0                          20       20       4B       20       1
                cstackCOMMON                         75       75        5       70       1
                cstackBANK1                          A0       A0       31       A0       1
                cstackBANK2                         120      120       3B      120       1
                clrtext                             8BD      8BD        6     117A       0
                inittext                            8C3      8C3        6     1186       0
                bssBANK4                            220      220       40      220       1
                bssBANK3                            1A0      1A0       2A      1A0       1
                dataBANK2                           15B      15B        D      120       1
                bssBANK1                             D1       D1       15       A0       1
                bssBANK0                             6B       6B        3       20       1
                bssCOMMON                            70       70        5       70       1
                stringtext5                         7FF      7FF        4      FB2       0
                stringtext4                         7D9      7D9       26      FB2       0
                nvBANK1                              E6       E6        A       A0       1
                stringtext3                         805      805        1      FB2       0
                stringtext2                         804      804        1      FB2       0
                stringtext1                         803      803        1      FB2       0
                idataBANK2                          969      969        D     12D2       0

TOTAL           Name                               Link     Load   Length     Space
        CLASS   CODE           
                end_init                             1B       1B        2         0
                cinit                                1D       1D       2F         0
                intentry                              4        4       17         0
                reset_vec                             0        0        3         0
                text88                              88F      88F        2         0
                text87                              8B2      8B2        5         0
                text86                              C5E      C5E       34         0
                text85                              895      895        3         0
                text84                              88C      88C        1         0
                text83                              89E      89E        4         0
                text82                              BF9      BF9       32         0
                text81                              898      898        3         0
                text80                              8A2      8A2        4         0
                text79                              94F      94F        D         0
                text78                              937      937        C         0
                text76                              976      976        E         0
                text75                              B28      B28       23         0
                text74                              8B7      8B7        6         0
                text73                              A5E      A5E       1B         0
                text72                              8C9      8C9        8         0
                text71                              8D1      8D1        8         0
                text70                              8D9      8D9        8         0
                text69                              8E1      8E1        8         0
                text68                              C2B      C2B       33         0
                text67                              8A6      8A6        4         0
                text66                              8F1      8F1        9         0
                text65                              AE9      AE9       1E         0
                text64                              903      903        A         0
                text63                              8E9      8E9        8         0
                text62                              891      891        2         0
                text61                              9FD      9FD       17         0
                text60                              9E8      9E8       15         0
                text59                              8AA      8AA        4         0
                text58                              88D      88D        1         0
                text57                              A14      A14       18         0
                text56                              DA6      DA6       3C         0
                text55                              88E      88E        1         0
                text54                              921      921        B         0
                text53                              92C      92C        B         0
                text52                              9C1      9C1       13         0
                text51                              9AF      9AF       12         0
                text50                              B07      B07       21         0
                text49                              9D4      9D4       14         0
                text48                              61B      61B       61         0
                text47                              31B      31B       A4         0
                text46                              EE3      EE3       45         0
                text45                              B99      B99       2F         0
                text44                              C92      C92       36         0
                text43                              CC8      CC8       36         0
                text42                              90D      90D        A         0
                text41                              A79      A79       1B         0
                text40                              B70      B70       29         0
                text39                              78F      78F       4A         0
                text38                              917      917        A         0
                text37                              CFE      CFE       38         0
                text36                              6DC      6DC       5E         0
                text35                              943      943        C         0
                text34                              DE2      DE2       3D         0
                text33                              BC8      BC8       31         0
                text32                              E5D      E5D       43         0
                text31                              A94      A94       1B         0
                text30                              B4B      B4B       25         0
                text29                              F6E      F6E       49         0
                text28                              3BF      3BF       93         0
                text27                              4D5      4D5       7F         0
                text26                              8FA      8FA        9         0
                text25                              8AE      8AE        4         0
                text24                              95C      95C        D         0
                text23                              89B      89B        3         0
                text22                              893      893        2         0
                text21                              F28      F28       46         0
                text20                              67C      67C       60         0
                text19                              D36      D36       38         0
                text18                              AAF      AAF       1D         0
                text17                               4C       4C      12C         0
                text16                              984      984        E         0
                text15                              992      992        E         0
                text14                              554      554       65         0
                text13                              EA0      EA0       43         0
                text12                              25A      25A       C1         0
                text11                              A2C      A2C       18         0
                text10                              ACC      ACC       1D         0
                text9                               452      452       83         0
                text8                               D6E      D6E       38         0
                text7                               E1F      E1F       3E         0
                text6                               5B9      5B9       62         0
                text5                                 3        3        1         0
                text4                               73A      73A       55         0
                text3                               FB7      FB7       49         0
                text2                               A44      A44       1A         0
                text1                               9A0      9A0        F         0
                maintext                            178      178       E2         0
                clrtext                             8BD      8BD        6         0
                inittext                            8C3      8C3        6         0
                idataBANK2                          969      969        D         0

        CLASS   STRCODE        
                stringtext5                         7FF      7FF        4         0
                stringtext4                         7D9      7D9       26         0
                stringtext3                         805      805        1         0
                stringtext2                         804      804        1         0
                stringtext1                         803      803        1         0

        CLASS   STRING         

        CLASS   CONST          

        CLASS   ENTRY          

        CLASS   COMMON         
                cstackCOMMON                         75       75        5         1
                bssCOMMON                            70       70        5         1

        CLASS   BANK0          
                cstackBANK0                          20       20       4B         1
                bssBANK0                             6B       6B        3         1

        CLASS   BANK1          
                cstackBANK1                          A0       A0       31         1
                bssBANK1                             D1       D1       15         1
                nvBANK1                              E6       E6        A         1

        CLASS   BANK2          
                cstackBANK2                         120      120       3B         1
                dataBANK2                           15B      15B        D         1

        CLASS   BANK3          
                bssBANK3                            1A0      1A0       2A         1

        CLASS   BANK4          
                bssBANK4                            220      220       40         1

        CLASS   BANK5          

        CLASS   BANK6          

        CLASS   BIGRAM         

        CLASS   RAM            

        CLASS   ABS1           
                abs_s1                               7E       7E        2         1

        CLASS   SFR0           

        CLASS   SFR1           

        CLASS   SFR2           

        CLASS   SFR3           

        CLASS   SFR4           

        CLASS   SFR5           

        CLASS   SFR6           

        CLASS   SFR7           

        CLASS   SFR8           

        CLASS   SFR9           

        CLASS   SFR10          

        CLASS   SFR11          

        CLASS   SFR12          

        CLASS   SFR13          

        CLASS   SFR14          

        CLASS   SFR15          

        CLASS   SFR16          

        CLASS   SFR17          

        CLASS   SFR18          

        CLASS   SFR19          

        CLASS   SFR20          

        CLASS   SFR21          

        CLASS   SFR22          

        CLASS   SFR23          

        CLASS   SFR24          

        CLASS   SFR25          

        CLASS   SFR26          

        CLASS   SFR27          

        CLASS   SFR28          

        CLASS   SFR29          

        CLASS   SFR30          

        CLASS   SFR31          

        CLASS   SFR32          

        CLASS   SFR33          

        CLASS   SFR34          

        CLASS   SFR35          

        CLASS   SFR36          

        CLASS   SFR37          

        CLASS   SFR38          

        CLASS   SFR39          

        CLASS   SFR40          

        CLASS   SFR41          

        CLASS   SFR42          

        CLASS   SFR43          

        CLASS   SFR44          

        CLASS   SFR45          

        CLASS   SFR46          

        CLASS   SFR47          

        CLASS   SFR48          

        CLASS   SFR49          

        CLASS   SFR50          

        CLASS   SFR51          

        CLASS   SFR52          

        CLASS   SFR53          

        CLASS   SFR54          

        CLASS   SFR55          

        CLASS   SFR56          

        CLASS   SFR57          

        CLASS   SFR58          

        CLASS   SFR59          

        CLASS   SFR60          

        CLASS   SFR61          

        CLASS   SFR62          

        CLASS   SFR63          

        CLASS   CONFIG         
                config                             8007     8007        5         4

        CLASS   IDLOC          
                idloc                              8000     8000        4         5

        CLASS   EEDATA         

        CLASS   BANK63         

        CLASS   BANK62         

        CLASS   BANK61         

        CLASS   BANK60         

        CLASS   BANK59         

        CLASS   BANK58         

        CLASS   BANK57         

        CLASS   BANK56         

        CLASS   BANK55         

        CLASS   BANK54         

        CLASS   BANK53         

        CLASS   BANK52         

        CLASS   BANK51         

        CLASS   BANK50         

        CLASS   BANK49         

        CLASS   BANK48         

        CLASS   BANK47         

        CLASS   BANK46         

        CLASS   BANK45         

        CLASS   BANK44         

        CLASS   BANK43         

        CLASS   BANK42         

        CLASS   BANK41         

        CLASS   BANK40         

        CLASS   BANK39         

        CLASS   BANK38         

        CLASS   BANK37         

        CLASS   BANK36         

        CLASS   BANK35         

        CLASS   BANK34         

        CLASS   BANK33         

        CLASS   BANK32         

        CLASS   BANK31         

        CLASS   BANK30         

        CLASS   BANK29         

        CLASS   BANK28         

        CLASS   BANK27         

        CLASS   BANK26         

        CLASS   BANK25         

        CLASS   BANK24         

        CLASS   BANK23         

        CLASS   BANK22         

        CLASS   BANK21         

        CLASS   BANK20         

        CLASS   BANK19         

        CLASS   BANK18         

        CLASS   BANK17         

        CLASS   BANK16         

        CLASS   BANK15         

        CLASS   BANK14         

        CLASS   BANK13         

        CLASS   BANK12         

        CLASS   BANK11         

        CLASS   BANK10         

        CLASS   BANK9          

        CLASS   BANK8          

        CLASS   BANK7          

        CLASS   HEAP           

        CLASS   STACK          



SEGMENTS        Name                           Load    Length   Top    Selector   Space  Class     Delta

                reset_vec                      000000  000004  000004         0       0  CODE        2
                intentry                       000004  0007D5  0007D9         8       0  CODE        2
                cstackBANK0                    000020  00004E  00006E        20       1  BANK0       1
                bssCOMMON                      000070  00000A  00007A        70       1  COMMON      1
                cstackBANK1                    0000A0  000050  0000F0        A0       1  BANK1       1
                cstackBANK2                    000120  000048  000168       120       1  BANK2       1
                bssBANK3                       0001A0  00002A  0001CA       1A0       1  BANK3       1
                bssBANK4                       000220  000040  000260       220       1  BANK4       1
                stringtext4                    0007D9  00002D  000806       FB2       0  STRCODE     2
                text84                         00088C  000001  00088D      1118       0  CODE        2
                text58                         00088D  000001  00088E      111A       0  CODE        2
                text55                         00088E  000001  00088F      111C       0  CODE        2
                text88                         00088F  000002  000891      111E       0  CODE        2
                text62                         000891  000002  000893      1122       0  CODE        2
                text22                         000893  000002  000895      1126       0  CODE        2
                text85                         000895  000003  000898      112A       0  CODE        2
                text81                         000898  000003  00089B      1130       0  CODE        2
                text23                         00089B  000003  00089E      1136       0  CODE        2
                text83                         00089E  000004  0008A2      113C       0  CODE        2
                text80                         0008A2  000004  0008A6      1144       0  CODE        2
                text67                         0008A6  000004  0008AA      114C       0  CODE        2
                text59                         0008AA  000004  0008AE      1154       0  CODE        2
                text25                         0008AE  000004  0008B2      115C       0  CODE        2
                text87                         0008B2  000005  0008B7      1164       0  CODE        2
                text74                         0008B7  000006  0008BD      116E       0  CODE        2
                clrtext                        0008BD  000006  0008C3      117A       0  CODE        2
                inittext                       0008C3  000006  0008C9      1186       0  CODE        2
                text72                         0008C9  000008  0008D1      1192       0  CODE        2
                text71                         0008D1  000008  0008D9      11A2       0  CODE        2
                text70                         0008D9  000008  0008E1      11B2       0  CODE        2
                text69                         0008E1  000008  0008E9      11C2       0  CODE        2
                text63                         0008E9  000008  0008F1      11D2       0  CODE        2
                text66                         0008F1  000009  0008FA      11E2       0  CODE        2
                text26                         0008FA  000009  000903      11F4       0  CODE        2
                text64                         000903  00000A  00090D      1206       0  CODE        2
                text42                         00090D  00000A  000917      121A       0  CODE        2
                text38                         000917  00000A  000921      122E       0  CODE        2
                text54                         000921  00000B  00092C      1242       0  CODE        2
                text53                         00092C  00000B  000937      1258       0  CODE        2
                text78                         000937  00000C  000943      126E       0  CODE        2
                text35                         000943  00000C  00094F      1286       0  CODE        2
                text79                         00094F  00000D  00095C      129E       0  CODE        2
                text24                         00095C  00000D  000969      12B8       0  CODE        2
                idataBANK2                     000969  00000D  000976      12D2       0  CODE        2
                text76                         000976  00000E  000984      12EC       0  CODE        2
                text16                         000984  00000E  000992      1308       0  CODE        2
                text15                         000992  00000E  0009A0      1324       0  CODE        2
                text1                          0009A0  00000F  0009AF      1340       0  CODE        2
                text51                         0009AF  000012  0009C1      135E       0  CODE        2
                text52                         0009C1  000013  0009D4      1382       0  CODE        2
                text49                         0009D4  000014  0009E8      13A8       0  CODE        2
                text60                         0009E8  000015  0009FD      13D0       0  CODE        2
                text61                         0009FD  000017  000A14      13FA       0  CODE        2
                text57                         000A14  000018  000A2C      1428       0  CODE        2
                text11                         000A2C  000018  000A44      1458       0  CODE        2
                text2                          000A44  00001A  000A5E      1488       0  CODE        2
                text73                         000A5E  00001B  000A79      14BC       0  CODE        2
                text41                         000A79  00001B  000A94      14F2       0  CODE        2
                text31                         000A94  00001B  000AAF      1528       0  CODE        2
                text18                         000AAF  00001D  000ACC      155E       0  CODE        2
                text10                         000ACC  00001D  000AE9      1598       0  CODE        2
                text65                         000AE9  00001E  000B07      15D2       0  CODE        2
                text50                         000B07  000021  000B28      160E       0  CODE        2
                text75                         000B28  000023  000B4B      1650       0  CODE        2
                text30                         000B4B  000025  000B70      1696       0  CODE        2
                text40                         000B70  000029  000B99      16E0       0  CODE        2
                text45                         000B99  00002F  000BC8      1732       0  CODE        2
                text33                         000BC8  000031  000BF9      1790       0  CODE        2
                text82                         000BF9  000032  000C2B      17F2       0  CODE        2
                text68                         000C2B  000033  000C5E      1856       0  CODE        2
                text86                         000C5E  000034  000C92      18BC       0  CODE        2
                text44                         000C92  000036  000CC8      1924       0  CODE        2
                text43                         000CC8  000036  000CFE      1990       0  CODE        2
                text37                         000CFE  000038  000D36      19FC       0  CODE        2
                text19                         000D36  000038  000D6E      1A6C       0  CODE        2
                text8                          000D6E  000038  000DA6      1ADC       0  CODE        2
                text56                         000DA6  00003C  000DE2      1B4C       0  CODE        2
                text34                         000DE2  00003D  000E1F      1BC4       0  CODE        2
                text7                          000E1F  00003E  000E5D      1C3E       0  CODE        2
                text32                         000E5D  000043  000EA0      1CBA       0  CODE        2
                text13                         000EA0  000043  000EE3      1D40       0  CODE        2
                text46                         000EE3  000045  000F28      1DC6       0  CODE        2
                text21                         000F28  000046  000F6E      1E50       0  CODE        2
                text29                         000F6E  000049  000FB7      1EDC       0  CODE        2
                text3                          000FB7  000049  001000      1F6E       0  CODE        2


UNUSED ADDRESS RANGES

        Name                Unused          Largest block    Delta
        BANK0            0006E-0006F               2           1
        BANK2            00168-0016F               8           1
        BANK3            001CA-001EF              26           1
        BANK4            00260-0026F              10           1
        BANK5            002A0-002EF              50           1
        BANK6            00320-0032F              10           1
        BIGRAM           02000-021EF             1F0           1
        CODE             00806-0088B              86           2
        COMMON           0007A-0007D               4           1
        CONST            00806-0088B              86           2
        EEDATA           0F000-0F0FF             100           2
        ENTRY            00806-0088B              86           2
        RAM              0006E-0006F               2           1
                         00168-0016F               8
                         001CA-001EF              26
                         00260-0026F              10
                         002A0-002EF              50
                         00320-0032F              10
        SFR0             00000-0001F              20           1
        SFR1             00080-0009F              20           1
        SFR10            00500-0056F              70           1
        SFR11            00580-005EF              70           1
        SFR12            00600-0066F              70           1
        SFR13            00680-006EF              70           1
        SFR14            00700-0076F              70           1
        SFR15            00780-007EF              70           1
        SFR16            00800-0086F              70           1
        SFR17            00880-008EF              70           1
        SFR18            00900-0096F              70           1
        SFR19            00980-009EF              70           1
        SFR2             00100-0011F              20           1
        SFR20            00A00-00A6F              70           1
        SFR21            00A80-00AEF              70           1
        SFR22            00B00-00B6F              70           1
        SFR23            00B80-00BEF              70           1
        SFR24            00C00-00C6F              70           1
        SFR25            00C80-00CEF              70           1
        SFR26            00D00-00D6F              70           1
        SFR27            00D80-00DEF              70           1
        SFR28            00E00-00E6F              70           1
        SFR29            00E80-00EEF              70           1
        SFR3             00180-0019F              20           1
        SFR30            00F00-00F6F              70           1
        SFR31            00F80-00FEF              70           1
        SFR32            01000-0106F              70           1
        SFR33            01080-010EF              70           1
        SFR34            01100-0116F              70           1
        SFR35            01180-011EF              70           1
        SFR36            01200-0126F              70           1
        SFR37            01280-012EF              70           1
        SFR38            01300-0136F              70           1
        SFR39            01380-013EF              70           1
        SFR4             00200-0021F              20           1
        SFR40            01400-0146F              70           1
        SFR41            01480-014EF              70           1
        SFR42            01500-0156F              70           1
        SFR43            01580-015EF              70           1
        SFR44            01600-0166F              70           1
        SFR45            01680-016EF              70           1
        SFR46            01700-0176F              70           1
        SFR47            01780-017EF              70           1
        SFR48            01800-0186F              70           1
        SFR49            01880-018EF              70           1
        SFR5             00280-0029F              20           1
        SFR50            01900-0196F              70           1
        SFR51            01980-019EF              70           1
        SFR52            01A00-01A6F              70           1
        SFR53            01A80-01AEF              70           1
        SFR54            01B00-01B6F              70           1
        SFR55            01B80-01BEF              70           1
        SFR56            01C00-01C6F              70           1
        SFR57            01C80-01CEF              70           1
        SFR58            01D00-01D6F              70           1
        SFR59            01D80-01DEF              70           1
        SFR6             00300-0031F              20           1
        SFR60            01E00-01E6F              70           1
        SFR61            01E80-01EEF              70           1
        SFR62            01F00-01F6F              70           1
        SFR63            01F80-01FEF              70           1
        SFR7             00380-003EF              70           1
        SFR8             00400-0046F              70           1
        SFR9             00480-004EF              70           1
        STRCODE          00806-0088B              86           2
        STRING           00806-0088B              86           2

                                  Symbol Table

?_ADCC_GetSingleConversion                             cstackBANK0  00020
?_DATAEE_ReadWord                                      cstackBANK0  00022
?_getADCData                                           cstackBANK0  00023
?_get_2                                                cstackBANK0  00020
?_nmbs_crc_calc                                        cstackBANK0  00020
?_printf                                               cstackBANK0  00039
?_read_serial                                          cstackBANK0  00021
?_vfprintf                                             cstackBANK0  00031
?_write_serial                                         cstackBANK0  00021
ADCC_GetSingleConversion@channel                       cstackBANK0  00022
DATAEE_ReadByte@bAdd                                   cstackBANK0  00020
DATAEE_ReadWord@bAdd                                   cstackBANK0  00022
DATAEE_ReadWord@high_byte                              cstackBANK0  0002A
DATAEE_ReadWord@low_byte                               cstackBANK0  00029
DATAEE_WriteByte@GIEBitValue                           cstackBANK0  00023
DATAEE_WriteByte@bAdd                                  cstackBANK0  00020
DATAEE_WriteByte@bData                                 cstackBANK0  00022
DATAEE_WriteWord@bAdd                                  cstackBANK0  00024
DATAEE_WriteWord@bData                                 cstackBANK0  00026
EUSART1_Read@readValue                                 cstackBANK0  00020
EUSART1_RxDataHandler@t                                cstackCOMMON 00078
EUSART1_SetErrorHandler@interruptHandler               cstackBANK0  00020
EUSART1_SetFramingErrorHandler@interruptHandler        cstackBANK0  00020
EUSART1_SetOverrunErrorHandler@interruptHandler        cstackBANK0  00020
EUSART1_SetRxInterruptHandler@interruptHandler         cstackBANK0  00020
EUSART1_Write@txData                                   cstackBANK0  00020
TMR0_SetInterruptHandler@InterruptHandler              cstackBANK0  00020
TMR0_WriteTimer@timerVal                               cstackCOMMON 00075
_ADACCU                                                (abs)        00098
_ADACQH                                                (abs)        0010D
_ADACQL                                                (abs)        0010C
_ADACT                                                 (abs)        00117
_ADCAP                                                 (abs)        0010E
_ADCC_GetSingleConversion                              text52       009C1
_ADCC_Initialize                                       text73       00A5E
_ADCLK                                                 (abs)        00118
_ADCON0                                                (abs)        00111
_ADCON0bits                                            (abs)        00111
_ADCON1                                                (abs)        00112
_ADCON2                                                (abs)        00113
_ADCON3                                                (abs)        00114
_ADLTHH                                                (abs)        0008D
_ADLTHL                                                (abs)        0008C
_ADPCH                                                 (abs)        0009F
_ADPREH                                                (abs)        00110
_ADPREL                                                (abs)        0010F
_ADREF                                                 (abs)        00116
_ADRESH                                                (abs)        0009E
_ADRESL                                                (abs)        0009D
_ADRPT                                                 (abs)        0009A
_ADSTAT                                                (abs)        00115
_ADSTPTH                                               (abs)        00093
_ADSTPTL                                               (abs)        00092
_ADUTHH                                                (abs)        0008F
_ADUTHL                                                (abs)        0008E
_ANSELA                                                (abs)        01F38
_ANSELC                                                (abs)        01F4E
_BAUD1CON                                              (abs)        0011F
_DATAEE_ReadByte                                       text76       00976
_DATAEE_ReadWord                                       text75       00B28
_DATAEE_WriteByte                                      text50       00B07
_DATAEE_WriteWord                                      text49       009D4
_EUSART1_DefaultErrorHandler                           text85       00895
_EUSART1_DefaultFramingErrorHandler                    text84       0088C
_EUSART1_DefaultOverrunErrorHandler                    text83       0089E
_EUSART1_ErrorHandler                                  nvBANK1      000E8
_EUSART1_FramingErrorHandler                           nvBANK1      000EC
_EUSART1_Initialize                                    text68       00C2B
_EUSART1_OverrunErrorHandler                           nvBANK1      000EA
_EUSART1_Read                                          text35       00943
_EUSART1_Receive_ISR                                   text82       00BF9
_EUSART1_RxDataHandler                                 text86       00C5E
_EUSART1_RxDefaultInterruptHandler                     nvBANK1      000EE
_EUSART1_SetErrorHandler                               text72       008C9
_EUSART1_SetFramingErrorHandler                        text71       008D1
_EUSART1_SetOverrunErrorHandler                        text70       008D9
_EUSART1_SetRxInterruptHandler                         text69       008E1
_EUSART1_Write                                         text26       008FA
_EUSART1_is_tx_done                                    text25       008AE
_EUSART1_is_tx_ready                                   text24       0095C
_EUSART1_is_tx_ready$619                               cstackBANK0  00020
_FVRCON                                                (abs)        0090C
_FVRCONbits                                            (abs)        0090C
_FVR_Initialize                                        text67       008A6
_FVR_IsOutputReady                                     text74       008B7
_INLVLA                                                (abs)        01F3C
_INLVLC                                                (abs)        01F52
_INTCONbits                                            (abs)        0000B
_INTERRUPT_InterruptManager                            intentry     00004
_LATA                                                  (abs)        00018
_LATC                                                  (abs)        0001A
_LATCbits                                              (abs)        0001A
_NVMADRH                                               (abs)        0081B
_NVMADRL                                               (abs)        0081A
_NVMCON1bits                                           (abs)        0081E
_NVMCON2                                               (abs)        0081F
_NVMDATL                                               (abs)        0081C
_ODCONA                                                (abs)        01F3A
_ODCONC                                                (abs)        01F50
_OSCCON1                                               (abs)        0088D
_OSCCON3                                               (abs)        0088F
_OSCEN                                                 (abs)        00891
_OSCFRQ                                                (abs)        00893
_OSCILLATOR_Initialize                                 text66       008F1
_OSCTUNE                                               (abs)        00892
_PIE0bits                                              (abs)        00716
_PIE3bits                                              (abs)        00719
_PIN_MANAGER_Initialize                                text65       00AE9
_PIR0bits                                              (abs)        0070C
_PIR3bits                                              (abs)        0070F
_PMD0                                                  (abs)        00796
_PMD1                                                  (abs)        00797
_PMD2                                                  (abs)        00798
_PMD3                                                  (abs)        00799
_PMD4                                                  (abs)        0079A
_PMD5                                                  (abs)        0079B
_PMD6                                                  (abs)        0079C
_PMD7                                                  (abs)        0079D
_PMD_Initialize                                        text64       00903
_RC1REG                                                (abs)        00119
_RC1STA                                                (abs)        0011D
_RC1STAbits                                            (abs)        0011D
_RC4PPS                                                (abs)        01F24
_RX1DTPPS                                              (abs)        01ECB
_SLRCONA                                               (abs)        01F3B
_SLRCONC                                               (abs)        01F51
_SP1BRG                                                (abs)        0011B
_SP1BRGH                                               (abs)        0011C
_SP1BRGL                                               (abs)        0011B
_SYSTEM_Initialize                                     text60       009E8
_T0CON0                                                (abs)        0059E
_T0CON0bits                                            (abs)        0059E
_T0CON1                                                (abs)        0059F
_TMR0H                                                 (abs)        0059D
_TMR0L                                                 (abs)        0059C
_TMR0_DefaultInterruptHandler                          text79       0094F
_TMR0_ISR                                              text78       00937
_TMR0_Initialize                                       text61       009FD
_TMR0_InterruptHandler                                 nvBANK1      000E6
_TMR0_SetInterruptHandler                              text63       008E9
_TMR0_StartTimer                                       text88       0088F
_TMR0_StopTimer                                        text62       00891
_TMR0_WriteTimer                                       text87       008B2
_TRISA                                                 (abs)        00012
_TRISC                                                 (abs)        00014
_TX1REG                                                (abs)        0011A
_TX1STA                                                (abs)        0011E
_TX1STAbits                                            (abs)        0011E
_TxDeviceDisable                                       text23       0089B
_TxDeviceEnable                                        text22       00893
_UART_ClearBuffer                                      text59       008AA
_WPUA                                                  (abs)        01F39
_WPUC                                                  (abs)        01F4F
__Exit                                                 text55       0088E
__Exit@ec                                              cstackBANK0  00020
__H__absolute__                                        __absolute__ 00000
__Habs1                                                abs1         00000
__Hbank0                                               bank0        00000
__Hbank1                                               bank1        00000
__Hbank10                                              bank10       00000
__Hbank11                                              bank11       00000
__Hbank12                                              bank12       00000
__Hbank13                                              bank13       00000
__Hbank14                                              bank14       00000
__Hbank15                                              bank15       00000
__Hbank16                                              bank16       00000
__Hbank17                                              bank17       00000
__Hbank18                                              bank18       00000
__Hbank19                                              bank19       00000
__Hbank2                                               bank2        00000
__Hbank20                                              bank20       00000
__Hbank21                                              bank21       00000
__Hbank22                                              bank22       00000
__Hbank23                                              bank23       00000
__Hbank24                                              bank24       00000
__Hbank25                                              bank25       00000
__Hbank26                                              bank26       00000
__Hbank27                                              bank27       00000
__Hbank28                                              bank28       00000
__Hbank29                                              bank29       00000
__Hbank3                                               bank3        00000
__Hbank30                                              bank30       00000
__Hbank31                                              bank31       00000
__Hbank32                                              bank32       00000
__Hbank33                                              bank33       00000
__Hbank34                                              bank34       00000
__Hbank35                                              bank35       00000
__Hbank36                                              bank36       00000
__Hbank37                                              bank37       00000
__Hbank38                                              bank38       00000
__Hbank39                                              bank39       00000
__Hbank4                                               bank4        00000
__Hbank40                                              bank40       00000
__Hbank41                                              bank41       00000
__Hbank42                                              bank42       00000
__Hbank43                                              bank43       00000
__Hbank44                                              bank44       00000
__Hbank45                                              bank45       00000
__Hbank46                                              bank46       00000
__Hbank47                                              bank47       00000
__Hbank48                                              bank48       00000
__Hbank49                                              bank49       00000
__Hbank5                                               bank5        00000
__Hbank50                                              bank50       00000
__Hbank51                                              bank51       00000
__Hbank52                                              bank52       00000
__Hbank53                                              bank53       00000
__Hbank54                                              bank54       00000
__Hbank55                                              bank55       00000
__Hbank56                                              bank56       00000
__Hbank57                                              bank57       00000
__Hbank58                                              bank58       00000
__Hbank59                                              bank59       00000
__Hbank6                                               bank6        00000
__Hbank60                                              bank60       00000
__Hbank61                                              bank61       00000
__Hbank62                                              bank62       00000
__Hbank63                                              bank63       00000
__Hbank7                                               bank7        00000
__Hbank8                                               bank8        00000
__Hbank9                                               bank9        00000
__Hbigram                                              bigram       00000
__HbssBANK0                                            bssBANK0     00000
__HbssBANK1                                            bssBANK1     00000
__HbssBANK3                                            bssBANK3     00000
__HbssBANK4                                            bssBANK4     00000
__HbssCOMMON                                           bssCOMMON    00000
__Hcinit                                               cinit        0004C
__Hclrtext                                             clrtext      00000
__Hcode                                                code         00000
__Hcommon                                              common       00000
__Hconfig                                              config       0800C
__HcstackBANK0                                         cstackBANK0  00000
__HcstackBANK1                                         cstackBANK1  00000
__HcstackBANK2                                         cstackBANK2  00000
__HcstackCOMMON                                        cstackCOMMON 00000
__HdataBANK2                                           dataBANK2    00000
__Heeprom_data                                         eeprom_data  00000
__Hend_init                                            end_init     0001D
__Hfunctab                                             functab      00000
__Hheap                                                heap         00000
__HidataBANK2                                          idataBANK2   00000
__Hidloc                                               idloc        08004
__Hinit                                                init         0001B
__Hinittext                                            inittext     00000
__Hintentry                                            intentry     0001B
__Hmaintext                                            maintext     00000
__HnvBANK1                                             nvBANK1      00000
__Hpowerup                                             powerup      00000
__Hram                                                 ram          00000
__Hreset_vec                                           reset_vec    00003
__Hsfr0                                                sfr0         00000
__Hsfr1                                                sfr1         00000
__Hsfr10                                               sfr10        00000
__Hsfr11                                               sfr11        00000
__Hsfr12                                               sfr12        00000
__Hsfr13                                               sfr13        00000
__Hsfr14                                               sfr14        00000
__Hsfr15                                               sfr15        00000
__Hsfr16                                               sfr16        00000
__Hsfr17                                               sfr17        00000
__Hsfr18                                               sfr18        00000
__Hsfr19                                               sfr19        00000
__Hsfr2                                                sfr2         00000
__Hsfr20                                               sfr20        00000
__Hsfr21                                               sfr21        00000
__Hsfr22                                               sfr22        00000
__Hsfr23                                               sfr23        00000
__Hsfr24                                               sfr24        00000
__Hsfr25                                               sfr25        00000
__Hsfr26                                               sfr26        00000
__Hsfr27                                               sfr27        00000
__Hsfr28                                               sfr28        00000
__Hsfr29                                               sfr29        00000
__Hsfr3                                                sfr3         00000
__Hsfr30                                               sfr30        00000
__Hsfr31                                               sfr31        00000
__Hsfr32                                               sfr32        00000
__Hsfr33                                               sfr33        00000
__Hsfr34                                               sfr34        00000
__Hsfr35                                               sfr35        00000
__Hsfr36                                               sfr36        00000
__Hsfr37                                               sfr37        00000
__Hsfr38                                               sfr38        00000
__Hsfr39                                               sfr39        00000
__Hsfr4                                                sfr4         00000
__Hsfr40                                               sfr40        00000
__Hsfr41                                               sfr41        00000
__Hsfr42                                               sfr42        00000
__Hsfr43                                               sfr43        00000
__Hsfr44                                               sfr44        00000
__Hsfr45                                               sfr45        00000
__Hsfr46                                               sfr46        00000
__Hsfr47                                               sfr47        00000
__Hsfr48                                               sfr48        00000
__Hsfr49                                               sfr49        00000
__Hsfr5                                                sfr5         00000
__Hsfr50                                               sfr50        00000
__Hsfr51                                               sfr51        00000
__Hsfr52                                               sfr52        00000
__Hsfr53                                               sfr53        00000
__Hsfr54                                               sfr54        00000
__Hsfr55                                               sfr55        00000
__Hsfr56                                               sfr56        00000
__Hsfr57                                               sfr57        00000
__Hsfr58                                               sfr58        00000
__Hsfr59                                               sfr59        00000
__Hsfr6                                                sfr6         00000
__Hsfr60                                               sfr60        00000
__Hsfr61                                               sfr61        00000
__Hsfr62                                               sfr62        00000
__Hsfr63                                               sfr63        00000
__Hsfr7                                                sfr7         00000
__Hsfr8                                                sfr8         00000
__Hsfr9                                                sfr9         00000
__Hspace_0                                             (abs)        01000
__Hspace_1                                             (abs)        00260
__Hspace_2                                             (abs)        00000
__Hspace_3                                             (abs)        00000
__Hspace_4                                             (abs)        10013
__Hstack                                               stack        00000
__Hstrings                                             strings      00000
__Hstringtext1                                         stringtext1  00000
__Hstringtext2                                         stringtext2  00000
__Hstringtext3                                         stringtext3  00000
__Hstringtext4                                         stringtext4  00000
__Hstringtext5                                         stringtext5  00000
__Hstringtext6                                         stringtext6  00000
__Htext                                                text         00000
__L__absolute__                                        __absolute__ 00000
__Labs1                                                abs1         00000
__Lbank0                                               bank0        00000
__Lbank1                                               bank1        00000
__Lbank10                                              bank10       00000
__Lbank11                                              bank11       00000
__Lbank12                                              bank12       00000
__Lbank13                                              bank13       00000
__Lbank14                                              bank14       00000
__Lbank15                                              bank15       00000
__Lbank16                                              bank16       00000
__Lbank17                                              bank17       00000
__Lbank18                                              bank18       00000
__Lbank19                                              bank19       00000
__Lbank2                                               bank2        00000
__Lbank20                                              bank20       00000
__Lbank21                                              bank21       00000
__Lbank22                                              bank22       00000
__Lbank23                                              bank23       00000
__Lbank24                                              bank24       00000
__Lbank25                                              bank25       00000
__Lbank26                                              bank26       00000
__Lbank27                                              bank27       00000
__Lbank28                                              bank28       00000
__Lbank29                                              bank29       00000
__Lbank3                                               bank3        00000
__Lbank30                                              bank30       00000
__Lbank31                                              bank31       00000
__Lbank32                                              bank32       00000
__Lbank33                                              bank33       00000
__Lbank34                                              bank34       00000
__Lbank35                                              bank35       00000
__Lbank36                                              bank36       00000
__Lbank37                                              bank37       00000
__Lbank38                                              bank38       00000
__Lbank39                                              bank39       00000
__Lbank4                                               bank4        00000
__Lbank40                                              bank40       00000
__Lbank41                                              bank41       00000
__Lbank42                                              bank42       00000
__Lbank43                                              bank43       00000
__Lbank44                                              bank44       00000
__Lbank45                                              bank45       00000
__Lbank46                                              bank46       00000
__Lbank47                                              bank47       00000
__Lbank48                                              bank48       00000
__Lbank49                                              bank49       00000
__Lbank5                                               bank5        00000
__Lbank50                                              bank50       00000
__Lbank51                                              bank51       00000
__Lbank52                                              bank52       00000
__Lbank53                                              bank53       00000
__Lbank54                                              bank54       00000
__Lbank55                                              bank55       00000
__Lbank56                                              bank56       00000
__Lbank57                                              bank57       00000
__Lbank58                                              bank58       00000
__Lbank59                                              bank59       00000
__Lbank6                                               bank6        00000
__Lbank60                                              bank60       00000
__Lbank61                                              bank61       00000
__Lbank62                                              bank62       00000
__Lbank63                                              bank63       00000
__Lbank7                                               bank7        00000
__Lbank8                                               bank8        00000
__Lbank9                                               bank9        00000
__Lbigram                                              bigram       00000
__LbssBANK0                                            bssBANK0     00000
__LbssBANK1                                            bssBANK1     00000
__LbssBANK3                                            bssBANK3     00000
__LbssBANK4                                            bssBANK4     00000
__LbssCOMMON                                           bssCOMMON    00000
__Lcinit                                               cinit        0001D
__Lclrtext                                             clrtext      00000
__Lcode                                                code         00000
__Lcommon                                              common       00000
__Lconfig                                              config       00000
__LcstackBANK0                                         cstackBANK0  00000
__LcstackBANK1                                         cstackBANK1  00000
__LcstackBANK2                                         cstackBANK2  00000
__LcstackCOMMON                                        cstackCOMMON 00000
__LdataBANK2                                           dataBANK2    00000
__Leeprom_data                                         eeprom_data  00000
__Lend_init                                            end_init     0001B
__Lfunctab                                             functab      00000
__Lheap                                                heap         00000
__LidataBANK2                                          idataBANK2   00000
__Lidloc                                               idloc        00000
__Linit                                                init         0001B
__Linittext                                            inittext     00000
__Lintentry                                            intentry     00004
__Lmaintext                                            maintext     00000
__LnvBANK1                                             nvBANK1      00000
__Lpowerup                                             powerup      00000
__Lram                                                 ram          00000
__Lreset_vec                                           reset_vec    00000
__Lsfr0                                                sfr0         00000
__Lsfr1                                                sfr1         00000
__Lsfr10                                               sfr10        00000
__Lsfr11                                               sfr11        00000
__Lsfr12                                               sfr12        00000
__Lsfr13                                               sfr13        00000
__Lsfr14                                               sfr14        00000
__Lsfr15                                               sfr15        00000
__Lsfr16                                               sfr16        00000
__Lsfr17                                               sfr17        00000
__Lsfr18                                               sfr18        00000
__Lsfr19                                               sfr19        00000
__Lsfr2                                                sfr2         00000
__Lsfr20                                               sfr20        00000
__Lsfr21                                               sfr21        00000
__Lsfr22                                               sfr22        00000
__Lsfr23                                               sfr23        00000
__Lsfr24                                               sfr24        00000
__Lsfr25                                               sfr25        00000
__Lsfr26                                               sfr26        00000
__Lsfr27                                               sfr27        00000
__Lsfr28                                               sfr28        00000
__Lsfr29                                               sfr29        00000
__Lsfr3                                                sfr3         00000
__Lsfr30                                               sfr30        00000
__Lsfr31                                               sfr31        00000
__Lsfr32                                               sfr32        00000
__Lsfr33                                               sfr33        00000
__Lsfr34                                               sfr34        00000
__Lsfr35                                               sfr35        00000
__Lsfr36                                               sfr36        00000
__Lsfr37                                               sfr37        00000
__Lsfr38                                               sfr38        00000
__Lsfr39                                               sfr39        00000
__Lsfr4                                                sfr4         00000
__Lsfr40                                               sfr40        00000
__Lsfr41                                               sfr41        00000
__Lsfr42                                               sfr42        00000
__Lsfr43                                               sfr43        00000
__Lsfr44                                               sfr44        00000
__Lsfr45                                               sfr45        00000
__Lsfr46                                               sfr46        00000
__Lsfr47                                               sfr47        00000
__Lsfr48                                               sfr48        00000
__Lsfr49                                               sfr49        00000
__Lsfr5                                                sfr5         00000
__Lsfr50                                               sfr50        00000
__Lsfr51                                               sfr51        00000
__Lsfr52                                               sfr52        00000
__Lsfr53                                               sfr53        00000
__Lsfr54                                               sfr54        00000
__Lsfr55                                               sfr55        00000
__Lsfr56                                               sfr56        00000
__Lsfr57                                               sfr57        00000
__Lsfr58                                               sfr58        00000
__Lsfr59                                               sfr59        00000
__Lsfr6                                                sfr6         00000
__Lsfr60                                               sfr60        00000
__Lsfr61                                               sfr61        00000
__Lsfr62                                               sfr62        00000
__Lsfr63                                               sfr63        00000
__Lsfr7                                                sfr7         00000
__Lsfr8                                                sfr8         00000
__Lsfr9                                                sfr9         00000
__Lspace_0                                             (abs)        00000
__Lspace_1                                             (abs)        00000
__Lspace_2                                             (abs)        00000
[...]
getADCData@channel                                     cstackBANK0  00027
getADCData@result                                      cstackBANK0  00025
getADCData@sensorSelection                             cstackBANK0  00023
get_1@nmbs                                             cstackBANK0  00022
get_1@result                                           cstackBANK0  00021
get_2@nmbs                                             cstackBANK0  0002B
get_2@result                                           cstackBANK0  00029
handle_read_holding_registers@nmbs                     cstackBANK0  00061
handle_read_input_registers@nmbs                       cstackBANK0  00061
handle_read_registers@address                          cstackBANK1  000AA
handle_read_registers@callback                         cstackBANK0  00057
handle_read_registers@err                              cstackBANK1  000B1
handle_read_registers@i                                cstackBANK1  000AD
handle_read_registers@nmbs                             cstackBANK1  000B2
handle_read_registers@quantity                         cstackBANK1  000AF
handle_read_registers@regs                             cstackBANK1  000A0
handle_read_registers@regs_bytes                       cstackBANK1  000AC
handle_req_fc@err                                      cstackBANK0  00064
handle_req_fc@nmbs                                     cstackBANK0  00065
handle_write_single_coil@address                       cstackBANK0  00020
handle_write_single_coil@arg                           cstackBANK0  00024
handle_write_single_coil@coils                         cstackBANK0  00022
handle_write_single_coil@nanomodbus$F2242@address      cstackBANK0  00054
handle_write_single_coil@nanomodbus$F2242@err          cstackBANK0  00058
handle_write_single_coil@nanomodbus$F2242@nmbs         cstackBANK0  00059
handle_write_single_coil@nanomodbus$F2242@value        cstackBANK0  00056
handle_write_single_coil@server_coils                  cstackBANK0  0002D
handle_write_single_coil@unit_id                       cstackBANK0  00023
handle_write_single_register@address                   cstackBANK0  00020
handle_write_single_register@arg                       cstackBANK0  00025
handle_write_single_register@nanomodbus$F2271@address  cstackBANK0  00051
handle_write_single_register@nanomodbus$F2271@err      cstackBANK0  00050
handle_write_single_register@nanomodbus$F2271@nmbs     cstackBANK0  00055
handle_write_single_register@nanomodbus$F2271@value    cstackBANK0  00053
handle_write_single_register@registers                 cstackBANK0  00022
handle_write_single_register@server_registers          cstackBANK0  00027
handle_write_single_register@unit_id                   cstackBANK0  00024
handler_read_holding_registers@address                 cstackBANK0  00020
handler_read_holding_registers@arg                     cstackBANK0  00026
handler_read_holding_registers@i                       cstackBANK0  0002B
handler_read_holding_registers@quantity                cstackBANK0  00022
handler_read_holding_registers@registers_out           cstackBANK0  00024
handler_read_holding_registers@server_registers        cstackBANK0  0002A
handler_read_input_registers@address                   cstackBANK0  00020
handler_read_input_registers@arg                       cstackBANK0  00026
handler_read_input_registers@i                         cstackBANK0  0002B
handler_read_input_registers@quantity                  cstackBANK0  00022
handler_read_input_registers@registers_out             cstackBANK0  00024
handler_read_input_registers@server_registers          cstackBANK0  0002A
handler_read_input_registers@unit_id                   cstackBANK0  00025
i1_TMR0_StopTimer                                      text81       00898
i1_UART_ClearBuffer                                    text80       008A2
init_ram                                               inittext     008C3
int$flags                                              (abs)        0007E
intlevel0                                              functab      00000
intlevel1                                              functab      00000
intlevel2                                              functab      00000
intlevel3                                              functab      00000
intlevel4                                              functab      00000
intlevel5                                              functab      00000
is_a_new_value@actual_regs                             cstackBANK0  00028
is_a_new_value@nmbs                                    cstackBANK0  00029
is_a_new_value@registers                               cstackBANK0  0002E
m_memset@c                                             cstackBANK0  00022
m_memset@len                                           cstackBANK0  00024
m_memset@p                                             cstackBANK0  00026
m_memset@s                                             cstackBANK0  00020
main@actual_regs                                       cstackBANK1  000B3
main@callbacks                                         cstackBANK1  000B7
main@err                                               cstackBANK0  0006A
main@is_in_memory                                      cstackBANK0  00069
main@nmbs                                              cstackBANK2  00120
main@platform_conf                                     cstackBANK1  000C0
main@registers                                         cstackBANK1  000C6
msg_buf_reset@nmbs                                     cstackBANK0  00020
msg_state_reset@nmbs                                   cstackBANK0  00021
nmbs_crc_calc@crc                                      cstackBANK0  0002F
nmbs_crc_calc@data                                     cstackBANK0  00028
nmbs_crc_calc@i                                        cstackBANK0  00029
nmbs_crc_calc@j                                        cstackBANK0  0002D
nmbs_crc_calc@length                                   cstackBANK0  00020
nmbs_create@nmbs                                       cstackBANK0  0002B
nmbs_create@platform_conf                              cstackBANK0  00028
nmbs_server_create@address_rtu                         cstackBANK0  0002C
nmbs_server_create@callbacks                           cstackBANK0  0002E
nmbs_server_create@nmbs                                cstackBANK0  00031
nmbs_server_create@platform_conf                       cstackBANK0  0002D
nmbs_server_create@ret                                 cstackBANK0  00030
nmbs_server_poll@err                                   cstackBANK0  00068
nmbs_server_poll@first_byte_received                   cstackBANK0  00066
nmbs_server_poll@nmbs                                  cstackBANK0  00067
printf@ap                                              cstackBANK0  0003B
printf@fmt                                             cstackBANK0  00039
put_1@data                                             cstackBANK0  00020
put_1@nmbs                                             cstackBANK0  00022
put_2@data                                             cstackBANK0  00020
put_2@nmbs                                             cstackBANK0  00023
put_msg_header@data_length                             cstackBANK0  00024
put_msg_header@nmbs                                    cstackBANK0  00026
put_res_header@data_length                             cstackBANK0  00027
put_res_header@nmbs                                    cstackBANK0  00029
read_serial@arg                                        cstackBANK0  00028
read_serial@buf                                        cstackBANK0  00021
read_serial@byte_timeout_ms                            cstackBANK0  00024
read_serial@c                                          cstackBANK0  0002D
read_serial@charCount                                  cstackBANK0  0002E
read_serial@count                                      cstackBANK0  00022
recv@count                                             cstackBANK0  00032
recv@nmbs                                              cstackBANK0  00035
recv@ret                                               cstackBANK0  00034
recv_msg_footer@crc                                    cstackBANK0  00038
recv_msg_footer@err                                    cstackBANK0  0003C
recv_msg_footer@nmbs                                   cstackBANK0  0003D
recv_msg_footer@recv_crc                               cstackBANK0  0003A
recv_msg_header@err                                    cstackBANK0  00038
recv_msg_header@first_byte_received                    cstackBANK0  00036
recv_msg_header@nmbs                                   cstackBANK0  00039
recv_read_registers_res@err                            cstackBANK0  00056
recv_read_registers_res@i                              cstackBANK0  00052
recv_read_registers_res@nmbs                           cstackBANK0  00055
recv_read_registers_res@quantity                       cstackBANK0  00048
recv_read_registers_res@reg                            cstackBANK0  00050
recv_read_registers_res@registers                      cstackBANK0  0004A
recv_read_registers_res@registers_bytes                cstackBANK0  00054
recv_req_header@err                                    cstackBANK0  0003B
recv_req_header@first_byte_received                    cstackBANK0  0003A
recv_req_header@nmbs                                   cstackBANK0  0003C
recv_res_header@err                                    cstackBANK0  00046
recv_res_header@exception                              cstackBANK0  00045
recv_res_header@first_byte_received                    cstackBANK0  00043
recv_res_header@nmbs                                   cstackBANK0  00047
recv_res_header@req_fc                                 cstackBANK0  00044
recv_res_header@req_transaction_id                     cstackBANK0  00040
recv_res_header@req_unit_id                            cstackBANK0  00042
recv_write_single_coil_res@address                     cstackBANK0  00048
recv_write_single_coil_res@address_res                 cstackBANK0  0004C
recv_write_single_coil_res@err                         cstackBANK0  00051
recv_write_single_coil_res@nmbs                        cstackBANK0  00050
recv_write_single_coil_res@value_req                   cstackBANK0  0004A
recv_write_single_coil_res@value_res                   cstackBANK0  0004E
recv_write_single_register_res@address                 cstackBANK0  00048
recv_write_single_register_res@err                     cstackBANK0  0004C
recv_write_single_register_res@nmbs                    cstackBANK0  0004D
recv_write_single_register_res@value_req               cstackBANK0  0004A
reset_vec                                              reset_vec    00000
send@count                                             cstackBANK0  00030
send@nmbs                                              cstackBANK0  0003B
send@ret                                               cstackBANK0  00037
send_exception_msg@exception                           cstackBANK0  00042
send_exception_msg@nmbs                                cstackBANK0  00044
send_msg@crc                                           cstackBANK0  0003E
send_msg@err                                           cstackBANK0  00040
send_msg@nmbs                                          cstackBANK0  00041
setBaudRateEUSART1@baudRate                            cstackBANK0  00020
start                                                  init         0001B
start_initialization                                   cinit        0001D
vfpfcnvrt@ap                                           cstackBANK0  0002C
vfpfcnvrt@fmt                                          cstackBANK0  0002B
vfpfcnvrt@fp                                           cstackBANK0  00029
vfprintf@ap                                            cstackBANK0  00035
vfprintf@cfmt                                          cstackBANK0  00037
vfprintf@fmt                                           cstackBANK0  00033
vfprintf@fp                                            cstackBANK0  00031
write_serial@arg                                       cstackBANK0  00028
write_serial@buf                                       cstackBANK0  00021
write_serial@byte_timeout_ms                           cstackBANK0  00024
write_serial@count                                     cstackBANK0  00022
write_serial@i                                         cstackBANK0  0002E
write_serial@number_of_byte_send                       cstackBANK0  0002A
wtemp0                                                 (abs)        0007E


MODULE INFORMATION

Module		Function		Class		Link	Load	Size
sensor.c
		_getADCData    		CODE           	09AF	0000	18

sensor.c estimated size: 18

mcc_generated_files/fvr.c
		_FVR_IsOutputReady		CODE           	08B7	0000	6
		_FVR_Initialize		CODE           	08A6	0000	4

mcc_generated_files/fvr.c estimated size: 10

mcc_generated_files/interrupt_manager.c
		_INTERRUPT_InterruptManager		CODE           	0004	0000	23

mcc_generated_files/interrupt_manager.c estimated size: 23

C:\Program Files\Microchip\xc8\v2.41\pic\sources\c99\common\nf_fputc.c
		_fputc         		CODE           	073A	0000	85

C:\Program Files\Microchip\xc8\v2.41\pic\sources\c99\common\nf_fputc.c estimated size: 85

mcc_generated_files/tmr0.c
		_TMR0_SetInterruptHandler		CODE           	08E9	0000	8
		_TMR0_StopTimer		CODE           	0891	0000	2
		_TMR0_DefaultInterruptHandler		CODE           	094F	0000	13
		_TMR0_WriteTimer		CODE           	08B2	0000	5
		_TMR0_StartTimer		CODE           	088F	0000	2
		_TMR0_ISR      		CODE           	0937	0000	12
		_TMR0_Initialize		CODE           	09FD	0000	23

mcc_generated_files/tmr0.c estimated size: 65

mcc_generated_files/pin_manager.c
		_PIN_MANAGER_Initialize		CODE           	0AE9	0000	30

mcc_generated_files/pin_manager.c estimated size: 30

C:\Program Files\Microchip\xc8\v2.41\pic\sources\c99\common\doprnt.c
		_vfpfcnvrt     		CODE           	0FB7	0000	73
		_vfprintf      		CODE           	0A44	0000	26

C:\Program Files\Microchip\xc8\v2.41\pic\sources\c99\common\doprnt.c estimated size: 99

nanomodbus.c
		_send_exception_msg		CODE           	0AAF	0000	29
		_handle_read_registers		CODE           	004C	0000	300
		_get_2         		CODE           	0CFE	0000	56
		_handle_write_single_coil@nanomodbus$F2242		CODE           	025A	0000	193
		_recv_write_single_coil_res		CODE           	0EA0	0000	67
		_recv_read_registers_res		CODE           	04D5	0000	127
		_nmbs_server_poll		CODE           	05B9	0000	98
		_msg_state_reset		CODE           	0B4B	0000	37
		_handle_read_input_registers		CODE           	0992	0000	14
		_put_1         		CODE           	0A79	0000	27
		_recv_msg_header		CODE           	0F6E	0000	73
		_put_msg_header		CODE           	078F	0000	74
		_handle_req_fc 		CODE           	0D6E	0000	56
		_recv_msg_footer		CODE           	0E5D	0000	67
		_m_memset      		CODE           	0A14	0000	24
		_recv_req_header		CODE           	0E1F	0000	62
		_recv_res_header		CODE           	03BF	0000	147
		_put_2         		CODE           	0B70	0000	41
		_nmbs_create   		CODE           	0EE3	0000	69
		_nmbs_server_create		CODE           	0B99	0000	47
		_nmbs_crc_calc 		CODE           	06DC	0000	94
		_recv_write_single_register_res		CODE           	0ACC	0000	29
		_put_res_header		CODE           	0917	0000	10
		_msg_buf_reset 		CODE           	090D	0000	10
		_send_msg      		CODE           	0D36	0000	56
		_send          		CODE           	067C	0000	96
		_handle_read_holding_registers		CODE           	0984	0000	14
		_recv          		CODE           	0BC8	0000	49
		_handle_write_single_register@nanomodbus$F2271		CODE           	0452	0000	131
		_get_1         		CODE           	0A94	0000	27

nanomodbus.c estimated size: 2124

C:\Program Files\Microchip\xc8\v2.41\pic\sources\c99\common\atexit.c
		___funcs_on_exit		CODE           	0921	0000	11

C:\Program Files\Microchip\xc8\v2.41\pic\sources\c99\common\atexit.c estimated size: 11

modbus_imp.c
		_default_values_register		CODE           	0DA6	0000	60
		_handler_read_input_registers		CODE           	0C92	0000	54
		_write_serial  		CODE           	0F28	0000	70
		_check_error_modbus		CODE           	088D	0000	1
		_read_serial   		CODE           	0DE2	0000	61
		_handle_write_single_register		CODE           	0A2C	0000	24
		_handler_read_holding_registers		CODE           	0CC8	0000	54
		_handle_write_single_coil		CODE           	0554	0000	101

modbus_imp.c estimated size: 425

shared
		i1_TMR0_StopTimer		CODE           	0898	0000	3
		_NMBS_BROADCAST_ADDRESS		STRCODE        	0000	0000	0
		__initialization		CODE           	001D	0000	43
		_NMBS_BROADCAST_ADDRESS@nanomodbus$F1606		STRCODE        	0000	0000	0
		_NMBS_BROADCAST_ADDRESS@nanomodbus$F1380		STRCODE        	0000	0000	0
		i1_UART_ClearBuffer		CODE           	08A2	0000	4

shared estimated size: 50

mcc_generated_files/eusart1.c
		_EUSART1_is_tx_done		CODE           	08AE	0000	4
		_EUSART1_SetRxInterruptHandler		CODE           	08E1	0000	8
		_EUSART1_is_tx_ready		CODE           	095C	0000	13
		_EUSART1_Initialize		CODE           	0C2B	0000	51
		_EUSART1_DefaultErrorHandler		CODE           	0895	0000	3
		_EUSART1_SetFramingErrorHandler		CODE           	08D1	0000	8
		_EUSART1_Read  		CODE           	0943	0000	12
		_EUSART1_SetOverrunErrorHandler		CODE           	08D9	0000	8
		_EUSART1_SetErrorHandler		CODE           	08C9	0000	8
		_EUSART1_Write 		CODE           	08FA	0000	9
		_setBaudRateEUSART1		CODE           	061B	0000	97
		_EUSART1_Receive_ISR		CODE           	0BF9	0000	50
		_EUSART1_RxDataHandler		CODE           	0C5E	0000	52
		_EUSART1_DefaultOverrunErrorHandler		CODE           	089E	0000	4
		_UART_ClearBuffer		CODE           	08AA	0000	4
		_EUSART1_DefaultFramingErrorHandler		CODE           	088C	0000	1

mcc_generated_files/eusart1.c estimated size: 332

mcc_generated_files/mcc.c
		_PMD_Initialize		CODE           	0903	0000	10
		_OSCILLATOR_Initialize		CODE           	08F1	0000	9
		_SYSTEM_Initialize		CODE           	09E8	0000	21

mcc_generated_files/mcc.c estimated size: 40

C:\Program Files\Microchip\xc8\v2.41\pic\sources\c99\common\_Exit.c
		__Exit         		CODE           	088E	0000	1

C:\Program Files\Microchip\xc8\v2.41\pic\sources\c99\common\_Exit.c estimated size: 1

C:\Program Files\Microchip\xc8\v2.41\pic\sources\c99\common\putch.c
		_putch         		CODE           	0003	0000	1

C:\Program Files\Microchip\xc8\v2.41\pic\sources\c99\common\putch.c estimated size: 1

mcc_generated_files/memory.c
		_DATAEE_WriteWord		CODE           	09D4	0000	20
		_DATAEE_WriteByte		CODE           	0B07	0000	33
		_DATAEE_ReadWord		CODE           	0B28	0000	35
		_DATAEE_ReadByte		CODE           	0976	0000	14

mcc_generated_files/memory.c estimated size: 102

mcc_generated_files/adcc.c
		_ADCC_GetSingleConversion		CODE           	09C1	0000	19
		_ADCC_Initialize		CODE           	0A5E	0000	27

mcc_generated_files/adcc.c estimated size: 46

C:\Program Files\Microchip\xc8\v2.41\pic\sources\c99\common\exit.c
		_exit          		CODE           	092C	0000	11

C:\Program Files\Microchip\xc8\v2.41\pic\sources\c99\common\exit.c estimated size: 11

main.c
		_is_a_new_value		CODE           	031B	0000	164
		_main          		CODE           	0178	0000	226

main.c estimated size: 390

communication.c
		_TxDeviceDisable		CODE           	089B	0000	3
		_TxDeviceEnable		CODE           	0893	0000	2

communication.c estimated size: 5

C:\Program Files\Microchip\xc8\v2.41\pic\sources\c99\common\printf.c
		_printf        		CODE           	09A0	0000	15

C:\Program Files\Microchip\xc8\v2.41\pic\sources\c99\common\printf.c estimated size: 15

