Microchip MPLAB XC8 Compiler V3.00

Linker command line:

-W-3 \
  --edf=/opt/microchip/mplabx/v6.25/packs/Microchip/PIC16F1xxxx_DFP/1.26.410/xc8/pic/dat/20250122140635_en.msgs \
  -cn -h+dist/default/debug/ENERGY_LIGHT_V3.X.debug.sym \
  --cmf=dist/default/debug/ENERGY_LIGHT_V3.X.debug.cmf -z -Q16F18425 \
  -o/tmp/xcXCJamOo/driver_tmp_3.o --defsym=__MPLAB_BUILD=1 \
  --fixupoverflow=error -Mdist/default/debug/ENERGY_LIGHT_V3.X.debug.map \
  --md=/tmp/xcXCJamOo/driver_tmp_0.dat -E1 -ver=XC8 Compiler \
  -ACODE=00h-07FFhx4 -ASTRCODE=00h-01FFFh -ASTRING=00h-0FFhx32 \
  -ACONST=00h-0FFhx32 -AENTRY=00h-0FFhx32 -ACOMMON=070h-07Fh \
  -ABANK0=020h-06Fh -ABANK1=0A0h-0EFh -ABANK2=0120h-016Fh \
  -ABANK3=01A0h-01EFh -ABANK4=0220h-026Fh -ABANK5=02A0h-02EFh \
  -ABANK6=0320h-036Fh -ABANK7=03A0h-03EFh -ABANK8=0420h-046Fh \
  -ABANK9=04A0h-04EFh -ABANK10=0520h-056Fh -ABANK11=05A0h-05EFh \
  -ABANK12=0620h-064Fh -ABIGRAM=02000h-023EFh \
  -ARAM=020h-06Fh,0A0h-0EFh,0120h-016Fh,01A0h-01EFh,0220h-026Fh,02A0h-02EFh,0320h-036Fh,03A0h-03EFh,0420h-046Fh,04A0h-04EFh,0520h-056Fh,05A0h-05EFh,0620h-064Fh \
  -AABS1=020h-07Fh,0A0h-0EFh,0120h-016Fh,01A0h-01EFh,0220h-026Fh,02A0h-02EFh,0320h-036Fh,03A0h-03EFh,0420h-046Fh,04A0h-04EFh,0520h-056Fh,05A0h-05EFh,0620h-064Fh \
  -ASFR0=00h-01Fh -ASFR1=080h-09Fh -ASFR2=0100h-011Fh -ASFR3=0180h-019Fh \
  -ASFR4=0200h-021Fh -ASFR5=0280h-029Fh -ASFR6=0300h-031Fh \
  -ASFR7=0380h-039Fh -ASFR8=0400h-041Fh -ASFR9=0480h-049Fh \
  -ASFR10=0500h-051Fh -ASFR11=0580h-059Fh -ASFR12=0600h-061Fh \
  -ASFR13=0680h-06EFh -ASFR14=0700h-076Fh -ASFR15=0780h-07EFh \
  -ASFR16=0800h-086Fh -ASFR17=0880h-08EFh -ASFR18=0900h-096Fh \
  -ASFR19=0980h-09EFh -ASFR20=0A00h-0A6Fh -ASFR21=0A80h-0AEFh \
  -ASFR22=0B00h-0B6Fh -ASFR23=0B80h-0BEFh -ASFR24=0C00h-0C6Fh \
  -ASFR25=0C80h-0CEFh -ASFR26=0D00h-0D6Fh -ASFR27=0D80h-0DEFh \
  -ASFR28=0E00h-0E6Fh -ASFR29=0E80h-0EEFh -ASFR30=0F00h-0F6Fh \
  -ASFR31=0F80h-0FEFh -ASFR32=01000h-0106Fh -ASFR33=01080h-010EFh \
  -ASFR34=01100h-0116Fh -ASFR35=01180h-011EFh -ASFR36=01200h-0126Fh \
  -ASFR37=01280h-012EFh -ASFR38=01300h-0136Fh -ASFR39=01380h-013EFh \
  -ASFR40=01400h-0146Fh -ASFR41=01480h-014EFh -ASFR42=01500h-0156Fh \
  -ASFR43=01580h-015EFh -ASFR44=01600h-0166Fh -ASFR45=01680h-016EFh \
  -ASFR46=01700h-0176Fh -ASFR47=01780h-017EFh -ASFR48=01800h-0186Fh \
  -ASFR49=01880h-018EFh -ASFR50=01900h-0196Fh -ASFR51=01980h-019EFh \
  -ASFR52=01A00h-01A6Fh -ASFR53=01A80h-01AEFh -ASFR54=01B00h-01B6Fh \
  -ASFR55=01B80h-01BEFh -ASFR56=01C00h-01C6Fh -ASFR57=01C80h-01CEFh \
  -ASFR58=01D00h-01D6Fh -ASFR59=01D80h-01DEFh -ASFR60=01E00h-01E6Fh \
  -ASFR61=01E80h-01EEFh -ASFR62=01F00h-01F6Fh -ASFR63=01F80h-01FEFh \
  -ACONFIG=08007h-0800Bh -DCONFIG=2 -AIDLOC=08000h-08003h -DIDLOC=2 \
  -AEEDATA=00h-0FFh/0F000h -peeprom_data=EEDATA -DEEDATA=2 -DCODE=2 \
  -DSTRCODE=2 -DSTRING=2 -DCONST=2 -DENTRY=2 \
  -preset_vec=00h,intentry=04h,sivt,init,end_init -ppowerup=CODE \
  -pcinit=CODE -pfunctab=ENTRY -k /tmp/xcXCJamOo/driver_tmp_15.o \
  dist/default/debug/ENERGY_LIGHT_V3.X.debug.o 

Object code version is 3.11

Machine type is 16F18425



                Name                               Link     Load   Length Selector   Space Scale
/tmp/xcXCJamOo/driver_tmp_15.o
                end_init                             30       30        2        8       0
                reset_vec                             0        0        2        0       0
                config                             8007     8007        5        0       4
                idloc                              8000     8000        4        0       5
dist/default/debug/ENERGY_LIGHT_V3.X.debug.o
                cinit                                32       32       5E        8       0
                intentry                              4        4       2C        8       0
                config                             8007     8007        5        0       4
                idloc                              8000     8000        4        0       5
                text115                             929      929        6     1252       0
                text114                             9F5      9F5        E     13EA       0
                text113                             D42      D42       2E     1A84       0
                text112                             8B1      8B1        3     1162       0
                text111                             8D8      8D8        4     11B0       0
                text110                             C24      C24       27     1848       0
                text109                             8B4      8B4        3     1168       0
                text108                             A47      A47       14     148E       0
                text107                             8A3      8A3        2     1146       0
                text106                             9D1      9D1        C     13A2       0
                text105                             8A5      8A5        2     114A       0
                text104                             9DD      9DD        C     13BA       0
                text102                             A03      A03        F     1406       0
                text101                             92F      92F        6     125E       0
                text100                             910      910        5     1220       0
                text99                              935      935        6     126A       0
                text98                              915      915        5     122A       0
                text97                              93B      93B        6     1276       0
                text96                              D70      D70       2E     1AE0       0
                text95                              98A      98A        A     1314       0
                text94                              994      994        A     1328       0
                text93                              C72      C72       28     18E4       0
                text92                              A12      A12       11     1424       0
                text91                              941      941        6     1282       0
                text90                              B31      B31       1B     1662       0
                text89                              947      947        6     128E       0
                text88                              B00      B00       17     1600       0
                text87                              94D      94D        6     129A       0
                text86                              AAB      AAB       15     1556       0
                text85                              B83      B83       1E     1706       0
                text84                              8A7      8A7        2     114E       0
                text83                              8A9      8A9        2     1152       0
                text82                              8B7      8B7        3     116E       0
                text81                              8BA      8BA        3     1174       0
                text80                              6F4      6F4       4F        8       0
                text79                              511      511       7D        8       0
                text78                              5F9      5F9       58        8       0
                text77                              6A5      6A5       4F        8       0
                text76                              E6A      E6A       36     1CD4       0
                text75                              C4B      C4B       27     1896       0
                text74                              972      972        8     12E4       0
                text73                              D9E      D9E       32     1B3C       0
                text72                              CEB      CEB       2A     19D6       0
                text71                              48A      48A       87        8       0
                text70                              99E      99E        A     133C       0
                text69                              8DC      8DC        4     11B8       0
                text68                              9C6      9C6        B     138C       0
                text67                              8BD      8BD        3     117A       0
                text66                              8AB      8AB        2     1156       0
                text65                              651      651       54        8       0
                text64                              AEA      AEA       16     15D4       0
                text63                              ED6      ED6       37     1DAC       0
                text62                              7D9      7D9       27        8       0
                text61                              8C0      8C0        3     1180       0
                text60                              8C3      8C3        3     1186       0
                text59                              8AD      8AD        2     115A       0
                text58                              AC0      AC0       15     1580       0
                text57                              8C6      8C6        3     118C       0
                text56                              8C9      8C9        3     1192       0
                text55                              8CC      8CC        3     1198       0
                text54                              AD5      AD5       15     15AA       0
                text53                              EA0      EA0       36     1D40       0
                text52                              9A8      9A8        A     1350       0
                text51                              A5B      A5B       14     14B6       0
                text50                              A6F      A6F       14     14DE       0
                text49                              A83      A83       14     1506       0
                text48                              A97      A97       14     152E       0
                text47                              B67      B67       1C     16CE       0
                text46                              8AF      8AF        2     115E       0
                text45                                2        2        2        0       0
                text44                              8CF      8CF        3     119E       0
                text43                              8E0      8E0        4     11C0       0
                text42                              8D2      8D2        3     11A4       0
                text41                              8E4      8E4        4     11C8       0
                text40                              91A      91A        5     1234       0
                text39                              953      953        6     12A6       0
                text38                              8D5      8D5        3     11AA       0
                text37                              D15      D15       2D     1A2A       0
                text36                              91F      91F        5     123E       0
                text35                              97A      97A        8     12F4       0
                text34                              96B      96B        7     12D6       0
                text33                              743      743       4E        8       0
                text32                              FBE      FBE       42     1F7C       0
                text31                              959      959        6     12B2       0
                text30                              8E8      8E8        4     11D0       0
                text29                              8EC      8EC        4     11D8       0
                text28                              8F0      8F0        4     11E0       0
                text27                              8F4      8F4        4     11E8       0
                text26                              8F8      8F8        4     11F0       0
                text25                              8FC      8FC        4     11F8       0
                text24                              900      900        4     1200       0
                text23                              924      924        5     1248       0
                text22                              CC2      CC2       29     1984       0
                text21                              BFF      BFF       25     17FE       0
                text20                              904      904        4     1208       0
                text19                              9B2      9B2        A     1364       0
                text18                              B17      B17       1A     162E       0
                text17                              908      908        4     1210       0
                text16                              9E9      9E9        C     13D2       0
                text15                              DD0      DD0       33     1BA0       0
                text14                              BA1      BA1       1E     1742       0
                text13                              90C      90C        4     1218       0
                text12                              9BC      9BC        A     1378       0
                text11                              C9A      C9A       28     1934       0
                text10                              E36      E36       34     1C6C       0
                text9                               A34      A34       13     1468       0
                text8                               393      393       F7        8       0
                text7                               791      791       48        8       0
                text6                               B4C      B4C       1B     1698       0
                text5                               58E      58E       6B        8       0
                text4                               21D      21D      176        8       0
                text3                               A23      A23       11     1446       0
                text2                               BBF      BBF       1F     177E       0
                text1                               E03      E03       33     1C06       0
                maintext                             90       90      18D        8       0
                cstackBANK0                          20       20       36       20       1
                cstackCOMMON                         70       70        6       70       1
                cstackBANK2                         15B      15B        B      120       1
                clrtext                             95F      95F        6     12BE       0
                inittext                            965      965        6     12CA       0
                bssBANK6                            320      320       40      320       1
                bssBANK5                            2A0      2A0       40      2A0       1
                dataBANK4                           220      220       3B      220       1
                dataBANK3                           1A0      1A0       3B      1A0       1
                dataBANK2                           120      120       3B      120       1
                dataBANK1                            C6       C6       21       A0       1
                bssBANK1                             A0       A0       26       A0       1
                dataBANK0                            56       56        8       20       1
                bssBANK0                             64       64        3       20       1
                bssCOMMON                            76       76        4       70       1
                nvBANK1                              E7       E7        8       A0       1
                nvBANK0                              5E       5E        6       20       1
                stringtext1                        1000     1000       20     2000       0
                idataBANK4                          F0D      F0D       3B     1E1A       0
                idataBANK3                          F48      F48       3B     1E90       0
                idataBANK2                          F83      F83       3B     1F06       0
                idataBANK1                          BDE      BDE       21     17BC       0
                idataBANK0                          982      982        8     1304       0

TOTAL           Name                               Link     Load   Length     Space
        CLASS   CODE           
                end_init                             30       30        2         0
                cinit                                32       32       5E         0
                intentry                              4        4       2C         0
                reset_vec                             0        0        2         0
                text115                             929      929        6         0
                text114                             9F5      9F5        E         0
                text113                             D42      D42       2E         0
                text112                             8B1      8B1        3         0
                text111                             8D8      8D8        4         0
                text110                             C24      C24       27         0
                text109                             8B4      8B4        3         0
                text108                             A47      A47       14         0
                text107                             8A3      8A3        2         0
                text106                             9D1      9D1        C         0
                text105                             8A5      8A5        2         0
                text104                             9DD      9DD        C         0
                text102                             A03      A03        F         0
                text101                             92F      92F        6         0
                text100                             910      910        5         0
                text99                              935      935        6         0
                text98                              915      915        5         0
                text97                              93B      93B        6         0
                text96                              D70      D70       2E         0
                text95                              98A      98A        A         0
                text94                              994      994        A         0
                text93                              C72      C72       28         0
                text92                              A12      A12       11         0
                text91                              941      941        6         0
                text90                              B31      B31       1B         0
                text89                              947      947        6         0
                text88                              B00      B00       17         0
                text87                              94D      94D        6         0
                text86                              AAB      AAB       15         0
                text85                              B83      B83       1E         0
                text84                              8A7      8A7        2         0
                text83                              8A9      8A9        2         0
                text82                              8B7      8B7        3         0
                text81                              8BA      8BA        3         0
                text80                              6F4      6F4       4F         0
                text79                              511      511       7D         0
                text78                              5F9      5F9       58         0
                text77                              6A5      6A5       4F         0
                text76                              E6A      E6A       36         0
                text75                              C4B      C4B       27         0
                text74                              972      972        8         0
                text73                              D9E      D9E       32         0
                text72                              CEB      CEB       2A         0
                text71                              48A      48A       87         0
                text70                              99E      99E        A         0
                text69                              8DC      8DC        4         0
                text68                              9C6      9C6        B         0
                text67                              8BD      8BD        3         0
                text66                              8AB      8AB        2         0
                text65                              651      651       54         0
                text64                              AEA      AEA       16         0
                text63                              ED6      ED6       37         0
                text62                              7D9      7D9       27         0
                text61                              8C0      8C0        3         0
                text60                              8C3      8C3        3         0
                text59                              8AD      8AD        2         0
                text58                              AC0      AC0       15         0
                text57                              8C6      8C6        3         0
                text56                              8C9      8C9        3         0
                text55                              8CC      8CC        3         0
                text54                              AD5      AD5       15         0
                text53                              EA0      EA0       36         0
                text52                              9A8      9A8        A         0
                text51                              A5B      A5B       14         0
                text50                              A6F      A6F       14         0
                text49                              A83      A83       14         0
                text48                              A97      A97       14         0
                text47                              B67      B67       1C         0
                text46                              8AF      8AF        2         0
                text45                                2        2        2         0
                text44                              8CF      8CF        3         0
                text43                              8E0      8E0        4         0
                text42                              8D2      8D2        3         0
                text41                              8E4      8E4        4         0
                text40                              91A      91A        5         0
                text39                              953      953        6         0
                text38                              8D5      8D5        3         0
                text37                              D15      D15       2D         0
                text36                              91F      91F        5         0
                text35                              97A      97A        8         0
                text34                              96B      96B        7         0
                text33                              743      743       4E         0
                text32                              FBE      FBE       42         0
                text31                              959      959        6         0
                text30                              8E8      8E8        4         0
                text29                              8EC      8EC        4         0
                text28                              8F0      8F0        4         0
                text27                              8F4      8F4        4         0
                text26                              8F8      8F8        4         0
                text25                              8FC      8FC        4         0
                text24                              900      900        4         0
                text23                              924      924        5         0
                text22                              CC2      CC2       29         0
                text21                              BFF      BFF       25         0
                text20                              904      904        4         0
                text19                              9B2      9B2        A         0
                text18                              B17      B17       1A         0
                text17                              908      908        4         0
                text16                              9E9      9E9        C         0
                text15                              DD0      DD0       33         0
                text14                              BA1      BA1       1E         0
                text13                              90C      90C        4         0
                text12                              9BC      9BC        A         0
                text11                              C9A      C9A       28         0
                text10                              E36      E36       34         0
                text9                               A34      A34       13         0
                text8                               393      393       F7         0
                text7                               791      791       48         0
                text6                               B4C      B4C       1B         0
                text5                               58E      58E       6B         0
                text4                               21D      21D      176         0
                text3                               A23      A23       11         0
                text2                               BBF      BBF       1F         0
                text1                               E03      E03       33         0
                maintext                             90       90      18D         0
                clrtext                             95F      95F        6         0
                inittext                            965      965        6         0
                idataBANK4                          F0D      F0D       3B         0
                idataBANK3                          F48      F48       3B         0
                idataBANK2                          F83      F83       3B         0
                idataBANK1                          BDE      BDE       21         0
                idataBANK0                          982      982        8         0

        CLASS   STRCODE        
                stringtext1                        1000     1000       20         0

        CLASS   STRING         

        CLASS   CONST          

        CLASS   ENTRY          

        CLASS   COMMON         
                cstackCOMMON                         70       70        6         1
                bssCOMMON                            76       76        4         1

        CLASS   BANK0          
                cstackBANK0                          20       20       36         1
                dataBANK0                            56       56        8         1
                bssBANK0                             64       64        3         1
                nvBANK0                              5E       5E        6         1

        CLASS   BANK1          
                dataBANK1                            C6       C6       21         1
                bssBANK1                             A0       A0       26         1
                nvBANK1                              E7       E7        8         1

        CLASS   BANK2          
                cstackBANK2                         15B      15B        B         1
                dataBANK2                           120      120       3B         1

        CLASS   BANK3          
                dataBANK3                           1A0      1A0       3B         1

        CLASS   BANK4          
                dataBANK4                           220      220       3B         1

        CLASS   BANK5          
                bssBANK5                            2A0      2A0       40         1

        CLASS   BANK6          
                bssBANK6                            320      320       40         1

        CLASS   BANK7          

        CLASS   BANK8          

        CLASS   BANK9          

        CLASS   BANK10         

        CLASS   BANK11         

        CLASS   BANK12         

        CLASS   BIGRAM         

        CLASS   RAM            

        CLASS   ABS1           
                abs_s1                               7E       7E        2         1

        CLASS   SFR0           

        CLASS   SFR1           

        CLASS   SFR2           

        CLASS   SFR3           

        CLASS   SFR4           

        CLASS   SFR5           

        CLASS   SFR6           

        CLASS   SFR7           

        CLASS   SFR8           

        CLASS   SFR9           

        CLASS   SFR10          

        CLASS   SFR11          

        CLASS   SFR12          

        CLASS   SFR13          

        CLASS   SFR14          

        CLASS   SFR15          

        CLASS   SFR16          

        CLASS   SFR17          

        CLASS   SFR18          

        CLASS   SFR19          

        CLASS   SFR20          

        CLASS   SFR21          

        CLASS   SFR22          

        CLASS   SFR23          

        CLASS   SFR24          

        CLASS   SFR25          

        CLASS   SFR26          

        CLASS   SFR27          

        CLASS   SFR28          

        CLASS   SFR29          

        CLASS   SFR30          

        CLASS   SFR31          

        CLASS   SFR32          

        CLASS   SFR33          

        CLASS   SFR34          

        CLASS   SFR35          

        CLASS   SFR36          

        CLASS   SFR37          

        CLASS   SFR38          

        CLASS   SFR39          

        CLASS   SFR40          

        CLASS   SFR41          

        CLASS   SFR42          

        CLASS   SFR43          

        CLASS   SFR44          

        CLASS   SFR45          

        CLASS   SFR46          

        CLASS   SFR47          

        CLASS   SFR48          

        CLASS   SFR49          

        CLASS   SFR50          

        CLASS   SFR51          

        CLASS   SFR52          

        CLASS   SFR53          

        CLASS   SFR54          

        CLASS   SFR55          

        CLASS   SFR56          

        CLASS   SFR57          

        CLASS   SFR58          

        CLASS   SFR59          

        CLASS   SFR60          

        CLASS   SFR61          

        CLASS   SFR62          

        CLASS   SFR63          

        CLASS   CONFIG         
                config                             8007     8007        5         4

        CLASS   IDLOC          
                idloc                              8000     8000        4         5

        CLASS   EEDATA         

        CLASS   BANK63         

        CLASS   BANK62         

        CLASS   BANK61         

        CLASS   BANK60         

        CLASS   BANK59         

        CLASS   BANK58         

        CLASS   BANK57         

        CLASS   BANK56         

        CLASS   BANK55         

        CLASS   BANK54         

        CLASS   BANK53         

        CLASS   BANK52         

        CLASS   BANK51         

        CLASS   BANK50         

        CLASS   BANK49         

        CLASS   BANK48         

        CLASS   BANK47         

        CLASS   BANK46         

        CLASS   BANK45         

        CLASS   BANK44         

        CLASS   BANK43         

        CLASS   BANK42         

        CLASS   BANK41         

        CLASS   BANK40         

        CLASS   BANK39         

        CLASS   BANK38         

        CLASS   BANK37         

        CLASS   BANK36         

        CLASS   BANK35         

        CLASS   BANK34         

        CLASS   BANK33         

        CLASS   BANK32         

        CLASS   BANK31         

        CLASS   BANK30         

        CLASS   BANK29         

        CLASS   BANK28         

        CLASS   BANK27         

        CLASS   BANK26         

        CLASS   BANK25         

        CLASS   BANK24         

        CLASS   BANK23         

        CLASS   BANK22         

        CLASS   BANK21         

        CLASS   BANK20         

        CLASS   BANK19         

        CLASS   BANK18         

        CLASS   BANK17         

        CLASS   BANK16         

        CLASS   BANK15         

        CLASS   BANK14         

        CLASS   BANK13         

        CLASS   HEAP           

        CLASS   STACK          



SEGMENTS        Name                           Load    Length   Top    Selector   Space  Class     Delta

                text3                          000A23  000011  000A34      1446       0  CODE        2
                text9                          000A34  000013  000A47      1468       0  CODE        2
                text108                        000A47  000014  000A5B      148E       0  CODE        2
                text114                        0009F5  00000E  000A03      13EA       0  CODE        2
                text102                        000A03  00000F  000A12      1406       0  CODE        2
                text92                         000A12  000011  000A23      1424       0  CODE        2
                text48                         000A97  000014  000AAB      152E       0  CODE        2
                text86                         000AAB  000015  000AC0      1556       0  CODE        2
                text58                         000AC0  000015  000AD5      1580       0  CODE        2
                text51                         000A5B  000014  000A6F      14B6       0  CODE        2
                text50                         000A6F  000014  000A83      14DE       0  CODE        2
                text49                         000A83  000014  000A97      1506       0  CODE        2
                text16                         0009E9  00000C  0009F5      13D2       0  CODE        2
                text95                         00098A  00000A  000994      1314       0  CODE        2
                text94                         000994  00000A  00099E      1328       0  CODE        2
                text70                         00099E  00000A  0009A8      133C       0  CODE        2
                text74                         000972  000008  00097A      12E4       0  CODE        2
                text35                         00097A  000008  000982      12F4       0  CODE        2
                idataBANK0                     000982  000008  00098A      1304       0  CODE        2
                text68                         0009C6  00000B  0009D1      138C       0  CODE        2
                text106                        0009D1  00000C  0009DD      13A2       0  CODE        2
                text104                        0009DD  00000C  0009E9      13BA       0  CODE        2
                text52                         0009A8  00000A  0009B2      1350       0  CODE        2
                text19                         0009B2  00000A  0009BC      1364       0  CODE        2
                text12                         0009BC  00000A  0009C6      1378       0  CODE        2
                text11                         000C9A  000028  000CC2      1934       0  CODE        2
                text22                         000CC2  000029  000CEB      1984       0  CODE        2
                text72                         000CEB  00002A  000D15      19D6       0  CODE        2
                text110                        000C24  000027  000C4B      1848       0  CODE        2
                text75                         000C4B  000027  000C72      1896       0  CODE        2
                text93                         000C72  000028  000C9A      18E4       0  CODE        2
                text73                         000D9E  000032  000DD0      1B3C       0  CODE        2
                text15                         000DD0  000033  000E03      1BA0       0  CODE        2
                text1                          000E03  000033  000E36      1C06       0  CODE        2
                text37                         000D15  00002D  000D42      1A2A       0  CODE        2
                text113                        000D42  00002E  000D70      1A84       0  CODE        2
                text96                         000D70  00002E  000D9E      1AE0       0  CODE        2
                text21                         000BFF  000025  000C24      17FE       0  CODE        2
                text18                         000B17  00001A  000B31      162E       0  CODE        2
                text90                         000B31  00001B  000B4C      1662       0  CODE        2
                text6                          000B4C  00001B  000B67      1698       0  CODE        2
                text54                         000AD5  000015  000AEA      15AA       0  CODE        2
                text64                         000AEA  000016  000B00      15D4       0  CODE        2
                text88                         000B00  000017  000B17      1600       0  CODE        2
                text2                          000BBF  00001F  000BDE      177E       0  CODE        2
                stringtext1                    001000  000020  001020      2000       0  STRCODE     2
                idataBANK1                     000BDE  000021  000BFF      17BC       0  CODE        2
                text47                         000B67  00001C  000B83      16CE       0  CODE        2
                text85                         000B83  00001E  000BA1      1706       0  CODE        2
                text14                         000BA1  00001E  000BBF      1742       0  CODE        2
                text34                         00096B  000007  000972      12D6       0  CODE        2
                text55                         0008CC  000003  0008CF      1198       0  CODE        2
                text44                         0008CF  000003  0008D2      119E       0  CODE        2
                text42                         0008D2  000003  0008D5      11A4       0  CODE        2
                text60                         0008C3  000003  0008C6      1186       0  CODE        2
                text57                         0008C6  000003  0008C9      118C       0  CODE        2
                text56                         0008C9  000003  0008CC      1192       0  CODE        2
                text43                         0008E0  000004  0008E4      11C0       0  CODE        2
                text41                         0008E4  000004  0008E8      11C8       0  CODE        2
                text30                         0008E8  000004  0008EC      11D0       0  CODE        2
                text38                         0008D5  000003  0008D8      11AA       0  CODE        2
                text111                        0008D8  000004  0008DC      11B0       0  CODE        2
                text69                         0008DC  000004  0008E0      11B8       0  CODE        2
                text61                         0008C0  000003  0008C3      1180       0  CODE        2
                text83                         0008A9  000002  0008AB      1152       0  CODE        2
                text66                         0008AB  000002  0008AD      1156       0  CODE        2
                text59                         0008AD  000002  0008AF      115A       0  CODE        2
                text107                        0008A3  000002  0008A5      1146       0  CODE        2
                text105                        0008A5  000002  0008A7      114A       0  CODE        2
                text84                         0008A7  000002  0008A9      114E       0  CODE        2
                text82                         0008B7  000003  0008BA      116E       0  CODE        2
                text81                         0008BA  000003  0008BD      1174       0  CODE        2
                text67                         0008BD  000003  0008C0      117A       0  CODE        2
                text46                         0008AF  000002  0008B1      115E       0  CODE        2
                text112                        0008B1  000003  0008B4      1162       0  CODE        2
                text109                        0008B4  000003  0008B7      1168       0  CODE        2
                text99                         000935  000006  00093B      126A       0  CODE        2
                text97                         00093B  000006  000941      1276       0  CODE        2
                text91                         000941  000006  000947      1282       0  CODE        2
                text23                         000924  000005  000929      1248       0  CODE        2
                text115                        000929  000006  00092F      1252       0  CODE        2
                text101                        00092F  000006  000935      125E       0  CODE        2
                text31                         000959  000006  00095F      12B2       0  CODE        2
                clrtext                        00095F  000006  000965      12BE       0  CODE        2
                inittext                       000965  000006  00096B      12CA       0  CODE        2
                text89                         000947  000006  00094D      128E       0  CODE        2
                text87                         00094D  000006  000953      129A       0  CODE        2
                text39                         000953  000006  000959      12A6       0  CODE        2
                text36                         00091F  000005  000924      123E       0  CODE        2
                text26                         0008F8  000004  0008FC      11F0       0  CODE        2
                text25                         0008FC  000004  000900      11F8       0  CODE        2
                text24                         000900  000004  000904      1200       0  CODE        2
                text29                         0008EC  000004  0008F0      11D8       0  CODE        2
                text28                         0008F0  000004  0008F4      11E0       0  CODE        2
                text27                         0008F4  000004  0008F8      11E8       0  CODE        2
                text100                        000910  000005  000915      1220       0  CODE        2
                text98                         000915  000005  00091A      122A       0  CODE        2
                text40                         00091A  000005  00091F      1234       0  CODE        2
                text20                         000904  000004  000908      1208       0  CODE        2
                text17                         000908  000004  00090C      1210       0  CODE        2
                text13                         00090C  000004  000910      1218       0  CODE        2
                text10                         000E36  000034  000E6A      1C6C       0  CODE        2
                dataBANK4                      000220  00003B  00025B       220       1  BANK4       1
                bssBANK1                       0000A0  00004F  0000EF        A0       1  BANK1       1
                cstackBANK0                    000020  000047  000067        20       1  BANK0       1
                intentry                       000004  0007FC  000800         8       0  CODE        2
                reset_vec                      000000  000004  000004         0       0  CODE        2
                cstackCOMMON                   000070  00000A  00007A        70       1  COMMON      1
                dataBANK2                      000120  000046  000166       120       1  BANK2       1
                bssBANK6                       000320  000040  000360       320       1  BANK6       1
                dataBANK3                      0001A0  00003B  0001DB       1A0       1  BANK3       1
                bssBANK5                       0002A0  000040  0002E0       2A0       1  BANK5       1
                idataBANK4                     000F0D  00003B  000F48      1E1A       0  CODE        2
                idataBANK3                     000F48  00003B  000F83      1E90       0  CODE        2
                text63                         000ED6  000037  000F0D      1DAC       0  CODE        2
                idataBANK2                     000F83  00003B  000FBE      1F06       0  CODE        2
                text53                         000EA0  000036  000ED6      1D40       0  CODE        2
                text76                         000E6A  000036  000EA0      1CD4       0  CODE        2
                text32                         000FBE  000042  001000      1F7C       0  CODE        2


UNUSED ADDRESS RANGES

        Name                Unused          Largest block    Delta
        BANK0            00067-0006F               9           1
        BANK1            000EF-000EF               1           1
        BANK10           00520-0056F              50           1
        BANK11           005A0-005EF              50           1
        BANK12           00620-0064F              30           1
        BANK2            00166-0016F               A           1
        BANK3            001DB-001EF              15           1
        BANK4            0025B-0026F              15           1
        BANK5            002E0-002EF              10           1
        BANK6            00360-0036F              10           1
        BANK7            003A0-003EF              50           1
        BANK8            00420-0046F              50           1
        BANK9            004A0-004EF              50           1
        BIGRAM           02000-023EF             3F0           1
        CODE             00800-008A2              A3           2
                         01020-01FFF             7E0
        COMMON           0007A-0007D               4           1
        CONST            00800-008A2              A3           2
                         01020-01FFF             100
        EEDATA           0F000-0F0FF             100           2
        ENTRY            00800-008A2              A3           2
                         01020-01FFF             100
        RAM              00067-0006F               9           1
                         000EF-000EF               1
                         00166-0016F               A
                         001DB-001EF              15
                         0025B-0026F              15
                         002E0-002EF              10
                         00360-0036F              10
                         003A0-003EF              50
                         00420-0046F              50
                         004A0-004EF              50
                         00520-0056F              50
                         005A0-005EF              50
                         00620-0064F              30
        SFR0             00000-0001F              20           1
        SFR1             00080-0009F              20           1
        SFR10            00500-0051F              20           1
        SFR11            00580-0059F              20           1
        SFR12            00600-0061F              20           1
        SFR13            00680-006EF              70           1
        SFR14            00700-0076F              70           1
        SFR15            00780-007EF              70           1
        SFR16            00800-0086F              70           1
        SFR17            00880-008EF              70           1
        SFR18            00900-0096F              70           1
        SFR19            00980-009EF              70           1
        SFR2             00100-0011F              20           1
        SFR20            00A00-00A6F              70           1
        SFR21            00A80-00AEF              70           1
        SFR22            00B00-00B6F              70           1
        SFR23            00B80-00BEF              70           1
        SFR24            00C00-00C6F              70           1
        SFR25            00C80-00CEF              70           1
        SFR26            00D00-00D6F              70           1
        SFR27            00D80-00DEF              70           1
        SFR28            00E00-00E6F              70           1
        SFR29            00E80-00EEF              70           1
        SFR3             00180-0019F              20           1
        SFR30            00F00-00F6F              70           1
        SFR31            00F80-00FEF              70           1
        SFR32            01000-0106F              70           1
        SFR33            01080-010EF              70           1
        SFR34            01100-0116F              70           1
        SFR35            01180-011EF              70           1
        SFR36            01200-0126F              70           1
        SFR37            01280-012EF              70           1
        SFR38            01300-0136F              70           1
        SFR39            01380-013EF              70           1
        SFR4             00200-0021F              20           1
        SFR40            01400-0146F              70           1
        SFR41            01480-014EF              70           1
        SFR42            01500-0156F              70           1
        SFR43            01580-015EF              70           1
        SFR44            01600-0166F              70           1
        SFR45            01680-016EF              70           1
        SFR46            01700-0176F              70           1
        SFR47            01780-017EF              70           1
        SFR48            01800-0186F              70           1
        SFR49            01880-018EF              70           1
        SFR5             00280-0029F              20           1
        SFR50            01900-0196F              70           1
        SFR51            01980-019EF              70           1
        SFR52            01A00-01A6F              70           1
        SFR53            01A80-01AEF              70           1
        SFR54            01B00-01B6F              70           1
        SFR55            01B80-01BEF              70           1
        SFR56            01C00-01C6F              70           1
        SFR57            01C80-01CEF              70           1
        SFR58            01D00-01D6F              70           1
        SFR59            01D80-01DEF              70           1
        SFR6             00300-0031F              20           1
        SFR60            01E00-01E6F              70           1
        SFR61            01E80-01EEF              70           1
        SFR62            01F00-01F6F              70           1
        SFR63            01F80-01FEF              70           1
        SFR7             00380-0039F              20           1
        SFR8             00400-0041F              20           1
        SFR9             00480-0049F              20           1
        STRCODE          00800-008A2              A3           2
                         01020-01FFF             FE0
        STRING           00800-008A2              A3           2
                         01020-01FFF             100

                                  Symbol Table

?___aldiv                                       cstackBANK0  00020
?___lwdiv                                       cstackBANK0  00020
?___lwmod                                       cstackBANK0  00020
?___wmul                                        cstackBANK0  00020
?_readINA220                                    cstackBANK0  00032
?_stringCompare                                 cstackBANK0  00020
?_stringToInt16                                 cstackBANK0  00024
EUSART1_Read@readValue                          cstackCOMMON 00074
EUSART1_RxDataHandler@t                         cstackCOMMON 00072
EUSART1_SetErrorHandler@interruptHandler        cstackCOMMON 00074
EUSART1_SetFramingErrorHandler@interruptHandler cstackCOMMON 00074
EUSART1_SetOverrunErrorHandler@interruptHandler cstackCOMMON 00074
EUSART1_SetRxInterruptHandler@interruptHandler  cstackCOMMON 00074
EUSART1_Write@txData                            cstackCOMMON 00074
I2C1_CallbackReturnReset@funPtr                 cstackBANK0  00027
I2C1_Close@returnValue                          cstackCOMMON 00074
I2C1_MasterOperation@read                       cstackBANK0  0002C
I2C1_MasterOperation@returnValue                cstackBANK0  0002D
I2C1_MasterSendTxData@data                      cstackCOMMON 00074
I2C1_Open@address                               cstackCOMMON 00074
I2C1_Open@returnValue                           cstackCOMMON 00075
I2C1_ReadNBytes@address                         cstackBANK0  00031
I2C1_ReadNBytes@data                            cstackBANK0  0002E
I2C1_ReadNBytes@len                             cstackBANK0  0002F
I2C1_SetAddressNackCallback@cb                  cstackBANK0  00024
I2C1_SetAddressNackCallback@ptr                 cstackBANK0  00026
I2C1_SetBuffer@buffer                           cstackBANK0  00020
I2C1_SetBuffer@bufferSize                       cstackBANK0  00022
I2C1_SetCallback@cb                             cstackBANK0  00020
I2C1_SetCallback@idx                            cstackBANK0  00023
I2C1_SetCallback@ptr                            cstackBANK0  00022
I2C1_SetDataCompleteCallback@cb                 cstackBANK0  00024
I2C1_SetDataCompleteCallback@ptr                cstackBANK0  00026
I2C1_WriteNBytes@address                        cstackBANK0  00031
I2C1_WriteNBytes@data                           cstackBANK0  0002E
I2C1_WriteNBytes@len                            cstackBANK0  0002F
TMR0_SetInterruptHandler@InterruptHandler       cstackCOMMON 00074
TMR2_SetInterruptHandler@InterruptHandler       cstackCOMMON 00074
TMR4_SetInterruptHandler@InterruptHandler       cstackCOMMON 00074
_ANSELA                                         (abs)        01F38
_ANSELC                                         (abs)        01F4E
_BAUD1CON                                       (abs)        0011F
_CM1CON0                                        (abs)        00990
_CM1CON0bits                                    (abs)        00990
_CM1CON1                                        (abs)        00991
_CM1NCH                                         (abs)        00992
_CM1PCH                                         (abs)        00993
_CMP1_GetOutputStatus                           text115      00929
_CMP1_ISR                                       text114      009F5
_CMP1_Initialize                                text102      00A03
_CPUDOZE                                        (abs)        0088C
_DAC1CON0                                       (abs)        0090E
_DAC1CON1                                       (abs)        0090F
_DAC1_Initialize                                text101      0092F
_EUSART1_DefaultErrorHandler                    text112      008B1
_EUSART1_DefaultFramingErrorHandler             (abs)        00000
_EUSART1_DefaultOverrunErrorHandler             text111      008D8
_EUSART1_ErrorHandler                           nvBANK1      000E7
_EUSART1_FramingErrorHandler                    nvBANK1      000EB
_EUSART1_Initialize                             text96       00D70
_EUSART1_OverrunErrorHandler                    nvBANK1      000E9
_EUSART1_Read                                   text3        00A23
_EUSART1_Receive_ISR                            text110      00C24
_EUSART1_RxDataHandler                          text113      00D42
_EUSART1_RxDefaultInterruptHandler              nvBANK1      000ED
_EUSART1_SetErrorHandler                        text100      00910
_EUSART1_SetFramingErrorHandler                 text99       00935
_EUSART1_SetOverrunErrorHandler                 text98       00915
_EUSART1_SetRxInterruptHandler                  text97       0093B
_EUSART1_Write                                  text70       0099E
_EUSART1_is_tx_done                             text69       008DC
_EUSART1_is_tx_ready                            text68       009C6
_EUSART1_is_tx_ready$357                        cstackCOMMON 00074
_I2C1_CallbackReturnReset                       text45       00002
_I2C1_CallbackReturnStop                        text46       008AF
_I2C1_Close                                     text58       00AC0
_I2C1_DO_ADDRESS_NACK                           text22       00CC2
_I2C1_DO_IDLE                                   text36       0091F
_I2C1_DO_RCEN                                   text31       00959
_I2C1_DO_RESET                                  text23       00924
_I2C1_DO_RX                                     text32       00FBE
_I2C1_DO_RX_ACK                                 text26       008F8
_I2C1_DO_RX_NACK_RESTART                        text24       00900
_I2C1_DO_RX_NACK_STOP                           text25       008FC
_I2C1_DO_SEND_ADR_READ                          text35       0097A
_I2C1_DO_SEND_ADR_WRITE                         text34       0096B
_I2C1_DO_SEND_RESTART                           text28       008F0
_I2C1_DO_SEND_RESTART_READ                      text30       008E8
_I2C1_DO_SEND_RESTART_WRITE                     text29       008EC
_I2C1_DO_SEND_STOP                              text27       008F4
_I2C1_DO_TX                                     text33       00743
_I2C1_DO_TX_EMPTY                               text37       00D15
_I2C1_Initialize                                text95       0098A
_I2C1_MasterClearIrq                            text61       008C0
_I2C1_MasterClose                               text60       008C3
_I2C1_MasterDisableIrq                          text59       008AD
_I2C1_MasterEnableRestart                       text56       008C9
_I2C1_MasterFsm                                 text21       00BFF
_I2C1_MasterGetRxData                           text42       008D2
_I2C1_MasterIsNack                              text39       00953
_I2C1_MasterOpen                                text16       009E9
_I2C1_MasterOperation                           text18       00B17
_I2C1_MasterRead                                text17       00908
_I2C1_MasterSendAck                             text41       008E4
_I2C1_MasterSendNack                            text43       008E0
_I2C1_MasterSendTxData                          text40       0091A
_I2C1_MasterSetIrq                              text38       008D5
_I2C1_MasterStart                               text57       008C6
_I2C1_MasterStartRx                             text44       008CF
_I2C1_MasterStop                                text55       008CC
_I2C1_MasterWaitForEvent                        text20       00904
_I2C1_MasterWrite                               text13       0090C
_I2C1_Open                                      text15       00DD0
_I2C1_Poller                                    text19       009B2
_I2C1_ReadNBytes                                text14       00BA1
_I2C1_SetAddressNackCallback                    text12       009BC
_I2C1_SetBuffer                                 text54       00AD5
_I2C1_SetCallback                               text53       00EA0
_I2C1_SetDataCompleteCallback                   text52       009A8
_I2C1_Status                                    bssBANK1     000A0
_I2C1_WriteNBytes                               text11       00C9A
_INLVLA                                         (abs)        01F3C
_INLVLC                                         (abs)        01F52
_INTCONbits                                     (abs)        0000B
_INTERRUPT_InterruptManager                     intentry     00004
_LATA                                           (abs)        00018
_LATAbits                                       (abs)        00018
_LATC                                           (abs)        0001A
_LATCbits                                       (abs)        0001A
_ODCONA                                         (abs)        01F3A
_ODCONC                                         (abs)        01F50
_OSCCON1                                        (abs)        0088D
_OSCCON3                                        (abs)        0088F
_OSCEN                                          (abs)        00891
_OSCFRQ                                         (abs)        00893
_OSCILLATOR_Initialize                          text94       00994
_OSCTUNE                                        (abs)        00892
_PIE0bits                                       (abs)        00716
_PIE2bits                                       (abs)        00718
_PIE3bits                                       (abs)        00719
_PIE4bits                                       (abs)        0071A
_PIN_MANAGER_Initialize                         text93       00C72
_PIR0bits                                       (abs)        0070C
_PIR2bits                                       (abs)        0070E
_PIR3bits                                       (abs)        0070F
_PIR4bits                                       (abs)        00710
_PMD0                                           (abs)        00796
_PMD1                                           (abs)        00797
_PMD2                                           (abs)        00798
_PMD3                                           (abs)        00799
_PMD4                                           (abs)        0079A
_PMD5                                           (abs)        0079B
_PMD6                                           (abs)        0079C
_PMD7                                           (abs)        0079D
_PMD_Initialize                                 text92       00A12
_RC0PPS                                         (abs)        01F20
_RC1PPS                                         (abs)        01F21
_RC1REG                                         (abs)        00119
_RC1STA                                         (abs)        0011D
_RC1STAbits                                     (abs)        0011D
_RC4PPS                                         (abs)        01F24
_RX1PPS                                         (abs)        01ECB
_SLRCONA                                        (abs)        01F3B
_SLRCONC                                        (abs)        01F51
_SP1BRGH                                        (abs)        0011C
_SP1BRGL                                        (abs)        0011B
_SSP1ADD                                        (abs)        0018D
_SSP1BUF                                        (abs)        0018C
_SSP1CLKPPS                                     (abs)        01EC5
_SSP1CON1                                       (abs)        00190
_SSP1CON1bits                                   (abs)        00190
_SSP1CON2                                       (abs)        00191
_SSP1CON2bits                                   (abs)        00191
_SSP1DATPPS                                     (abs)        01EC6
_SSP1STAT                                       (abs)        0018F
_SYSTEM_Initialize                              text85       00B83
_T0CON0                                         (abs)        0059E
_T0CON1                                         (abs)        0059F
_T2CLKCON                                       (abs)        00290
_T2CON                                          (abs)        0028E
_T2CONbits                                      (abs)        0028E
_T2HLT                                          (abs)        0028F
_T2PR                                           (abs)        0028D
_T2RST                                          (abs)        00291
_T2TMR                                          (abs)        0028C
_T4CLKCON                                       (abs)        00296
_T4CON                                          (abs)        00294
_T4CONbits                                      (abs)        00294
_T4HLT                                          (abs)        00295
_T4PR                                           (abs)        00293
_T4RST                                          (abs)        00297
_T4TMR                                          (abs)        00292
_TMR0H                                          (abs)        0059D
_TMR0L                                          (abs)        0059C
_TMR0_DefaultInterruptHandler                   text109      008B4
_TMR0_ISR                                       text108      00A47
_TMR0_Initialize                                text90       00B31
_TMR0_InterruptHandler                          nvBANK0      0005E
_TMR0_Reload                                    text74       00972
_TMR0_SetInterruptHandler                       text91       00941
_TMR2_DefaultInterruptHandler                   text107      008A3
_TMR2_ISR                                       text106      009D1
_TMR2_Initialize                                text88       00B00
_TMR2_InterruptHandler                          nvBANK0      00062
_TMR2_SetInterruptHandler                       text89       00947
_TMR2_Start                                     text84       008A7
_TMR2_Stop                                      text83       008A9
_TMR4_DefaultInterruptHandler                   text105      008A5
_TMR4_ISR                                       text104      009DD
_TMR4_Initialize                                text86       00AAB
_TMR4_InterruptHandler                          nvBANK0      00060
_TMR4_SetInterruptHandler                       text87       0094D
_TMR4_Start                                     text82       008B7
_TMR4_Stop                                      text81       008BA
_TRISA                                          (abs)        00012
_TRISC                                          (abs)        00014
_TX1REG                                         (abs)        0011A
_TX1STA                                         (abs)        0011E
_TX1STAbits                                     (abs)        0011E
_TxDeviceDisable                                text67       008BD
_TxDeviceEnable                                 text66       008AB
_WPUA                                           (abs)        01F39
_WPUC                                           (abs)        01F4F
__H__absolute__                                 __absolute__ 00000
__Habs1                                         abs1         00000
__Hbank0                                        bank0        00000
__Hbank1                                        bank1        00000
__Hbank10                                       bank10       00000
__Hbank11                                       bank11       00000
__Hbank12                                       bank12       00000
__Hbank13                                       bank13       00000
__Hbank14                                       bank14       00000
__Hbank15                                       bank15       00000
__Hbank16                                       bank16       00000
__Hbank17                                       bank17       00000
__Hbank18                                       bank18       00000
__Hbank19                                       bank19       00000
__Hbank2                                        bank2        00000
__Hbank20                                       bank20       00000
__Hbank21                                       bank21       00000
__Hbank22                                       bank22       00000
__Hbank23                                       bank23       00000
__Hbank24                                       bank24       00000
__Hbank25                                       bank25       00000
__Hbank26                                       bank26       00000
__Hbank27                                       bank27       00000
__Hbank28                                       bank28       00000
__Hbank29                                       bank29       00000
__Hbank3                                        bank3        00000
__Hbank30                                       bank30       00000
__Hbank31                                       bank31       00000
__Hbank32                                       bank32       00000
__Hbank33                                       bank33       00000
__Hbank34                                       bank34       00000
__Hbank35                                       bank35       00000
__Hbank36                                       bank36       00000
__Hbank37                                       bank37       00000
__Hbank38                                       bank38       00000
__Hbank39                                       bank39       00000
__Hbank4                                        bank4        00000
__Hbank40                                       bank40       00000
__Hbank41                                       bank41       00000
__Hbank42                                       bank42       00000
__Hbank43                                       bank43       00000
__Hbank44                                       bank44       00000
__Hbank45                                       bank45       00000
__Hbank46                                       bank46       00000
__Hbank47                                       bank47       00000
__Hbank48                                       bank48       00000
__Hbank49                                       bank49       00000
__Hbank5                                        bank5        00000
__Hbank50                                       bank50       00000
__Hbank51                                       bank51       00000
__Hbank52                                       bank52       00000
__Hbank53                                       bank53       00000
__Hbank54                                       bank54       00000
__Hbank55                                       bank55       00000
__Hbank56                                       bank56       00000
__Hbank57                                       bank57       00000
__Hbank58                                       bank58       00000
__Hbank59                                       bank59       00000
__Hbank6                                        bank6        00000
__Hbank60                                       bank60       00000
__Hbank61                                       bank61       00000
__Hbank62                                       bank62       00000
__Hbank63                                       bank63       00000
__Hbank7                                        bank7        00000
__Hbank8                                        bank8        00000
__Hbank9                                        bank9        00000
__Hbigram                                       bigram       00000
__HbssBANK0                                     bssBANK0     00000
__HbssBANK1                                     bssBANK1     00000
__HbssBANK5                                     bssBANK5     00000
__HbssBANK6                                     bssBANK6     00000
__HbssCOMMON                                    bssCOMMON    00000
__Hcinit                                        cinit        00090
__Hclrtext                                      clrtext      00000
__Hcode                                         code         00000
__Hcommon                                       common       00000
__Hconfig                                       config       0800C
__HcstackBANK0                                  cstackBANK0  00000
__HcstackBANK2                                  cstackBANK2  00000
__HcstackCOMMON                                 cstackCOMMON 00000
__HdataBANK0                                    dataBANK0    00000
__HdataBANK1                                    dataBANK1    00000
__HdataBANK2                                    dataBANK2    00000
__HdataBANK3                                    dataBANK3    00000
__HdataBANK4                                    dataBANK4    00000
__Heeprom_data                                  eeprom_data  00000
__Hend_init                                     end_init     00032
__Hfunctab                                      functab      00000
__Hheap                                         heap         00000
__HidataBANK0                                   idataBANK0   00000
__HidataBANK1                                   idataBANK1   00000
__HidataBANK2                                   idataBANK2   00000
__HidataBANK3                                   idataBANK3   00000
__HidataBANK4                                   idataBANK4   00000
__Hidloc                                        idloc        08004
__Hinit                                         init         00030
__Hinittext                                     inittext     00000
__Hintentry                                     intentry     00030
__Hmaintext                                     maintext     00000
__HnvBANK0                                      nvBANK0      00000
__HnvBANK1                                      nvBANK1      00000
__Hpowerup                                      powerup      00000
__Hram                                          ram          00000
__Hreset_vec                                    reset_vec    00002
__Hsfr0                                         sfr0         00000
__Hsfr1                                         sfr1         00000
__Hsfr10                                        sfr10        00000
__Hsfr11                                        sfr11        00000
__Hsfr12                                        sfr12        00000
__Hsfr13                                        sfr13        00000
__Hsfr14                                        sfr14        00000
__Hsfr15                                        sfr15        00000
__Hsfr16                                        sfr16        00000
__Hsfr17                                        sfr17        00000
__Hsfr18                                        sfr18        00000
__Hsfr19                                        sfr19        00000
__Hsfr2                                         sfr2         00000
__Hsfr20                                        sfr20        00000
__Hsfr21                                        sfr21        00000
__Hsfr22                                        sfr22        00000
__Hsfr23                                        sfr23        00000
__Hsfr24                                        sfr24        00000
__Hsfr25                                        sfr25        00000
__Hsfr26                                        sfr26        00000
__Hsfr27                                        sfr27        00000
__Hsfr28                                        sfr28        00000
__Hsfr29                                        sfr29        00000
__Hsfr3                                         sfr3         00000
__Hsfr30                                        sfr30        00000
__Hsfr31                                        sfr31        00000
__Hsfr32                                        sfr32        00000
__Hsfr33                                        sfr33        00000
__Hsfr34                                        sfr34        00000
__Hsfr35                                        sfr35        00000
__Hsfr36                                        sfr36        00000
__Hsfr37                                        sfr37        00000
__Hsfr38                                        sfr38        00000
__Hsfr39                                        sfr39        00000
__Hsfr4                                         sfr4         00000
__Hsfr40                                        sfr40        00000
__Hsfr41                                        sfr41        00000
__Hsfr42                                        sfr42        00000
__Hsfr43                                        sfr43        00000
__Hsfr44                                        sfr44        00000
__Hsfr45                                        sfr45        00000
__Hsfr46                                        sfr46        00000
__Hsfr47                                        sfr47        00000
__Hsfr48                                        sfr48        00000
__Hsfr49                                        sfr49        00000
__Hsfr5                                         sfr5         00000
__Hsfr50                                        sfr50        00000
__Hsfr51                                        sfr51        00000
__Hsfr52                                        sfr52        00000
__Hsfr53                                        sfr53        00000
__Hsfr54                                        sfr54        00000
__Hsfr55                                        sfr55        00000
__Hsfr56                                        sfr56        00000
__Hsfr57                                        sfr57        00000
__Hsfr58                                        sfr58        00000
__Hsfr59                                        sfr59        00000
__Hsfr6                                         sfr6         00000
__Hsfr60                                        sfr60        00000
__Hsfr61                                        sfr61        00000
__Hsfr62                                        sfr62        00000
__Hsfr63                                        sfr63        00000
__Hsfr7                                         sfr7         00000
__Hsfr8                                         sfr8         00000
__Hsfr9                                         sfr9         00000
__Hsivt                                         sivt         00030
__Hspace_0                                      (abs)        01020
__Hspace_1                                      (abs)        00360
__Hspace_2                                      (abs)        00000
__Hspace_3                                      (abs)        00000
__Hspace_4                                      (abs)        10013
__Hstack                                        stack        00000
__Hstrings                                      strings      00000
__Hstringtext1                                  stringtext1  00000
__Htext                                         text         00000
__L__absolute__                                 __absolute__ 00000
__Labs1                                         abs1         00000
__Lbank0                                        bank0        00000
__Lbank1                                        bank1        00000
__Lbank10                                       bank10       00000
__Lbank11                                       bank11       00000
__Lbank12                                       bank12       00000
__Lbank13                                       bank13       00000
__Lbank14                                       bank14       00000
[...]
__ptext5                                        text5        0058E
__ptext50                                       text50       00A6F
__ptext51                                       text51       00A5B
__ptext52                                       text52       009A8
__ptext53                                       text53       00EA0
__ptext54                                       text54       00AD5
__ptext55                                       text55       008CC
__ptext56                                       text56       008C9
__ptext57                                       text57       008C6
__ptext58                                       text58       00AC0
__ptext59                                       text59       008AD
__ptext6                                        text6        00B4C
__ptext60                                       text60       008C3
__ptext61                                       text61       008C0
__ptext62                                       text62       007D9
__ptext63                                       text63       00ED6
__ptext64                                       text64       00AEA
__ptext65                                       text65       00651
__ptext66                                       text66       008AB
__ptext67                                       text67       008BD
__ptext68                                       text68       009C6
__ptext69                                       text69       008DC
__ptext7                                        text7        00791
__ptext70                                       text70       0099E
__ptext71                                       text71       0048A
__ptext72                                       text72       00CEB
__ptext73                                       text73       00D9E
__ptext74                                       text74       00972
__ptext75                                       text75       00C4B
__ptext76                                       text76       00E6A
__ptext77                                       text77       006A5
__ptext78                                       text78       005F9
__ptext79                                       text79       00511
__ptext8                                        text8        00393
__ptext80                                       text80       006F4
__ptext81                                       text81       008BA
__ptext82                                       text82       008B7
__ptext83                                       text83       008A9
__ptext84                                       text84       008A7
__ptext85                                       text85       00B83
__ptext86                                       text86       00AAB
__ptext87                                       text87       0094D
__ptext88                                       text88       00B00
__ptext89                                       text89       00947
__ptext9                                        text9        00A34
__ptext90                                       text90       00B31
__ptext91                                       text91       00941
__ptext92                                       text92       00A12
__ptext93                                       text93       00C72
__ptext94                                       text94       00994
__ptext95                                       text95       0098A
__ptext96                                       text96       00D70
__ptext97                                       text97       0093B
__ptext98                                       text98       00915
__ptext99                                       text99       00935
_battery                                        dataBANK2    00120
_cons                                           dataBANK4    00220
_eusart1PacketFinish                            bssBANK0     00066
_eusart1RxBuffer                                bssBANK5     002A0
_eusart1RxCount                                 bssCOMMON    00077
_eusart1RxHead                                  bssCOMMON    00079
_eusart1RxLastError                             bssCOMMON    00076
_eusart1RxStatusBuffer                          bssBANK6     00320
_eusart1RxTail                                  bssCOMMON    00078
_fsmStateTable                                  stringtext1  01000
_getHis                                         text62       007D9
_getINA220Data                                  text8        00393
_getMax                                         text80       006F4
_getMed                                         text78       005F9
_getMetrics                                     text76       00E6A
_getMin                                         text77       006A5
_initRxBuffer                                   text75       00C4B
_int16ToString                                  text71       0048A
_main                                           maintext     00090
_measureTime                                    dataBANK0    0005D
_panel                                          dataBANK3    001A0
_processCommand                                 text4        0021D
_rd1RegCompleteHandler                          text50       00A6F
_rd2RegCompleteHandler                          text49       00A83
_rdBlkRegCompleteHandler                        text47       00B67
_readINA220                                     text10       00E36
_receiveData                                    text2        00BBF
_sendPacket                                     text65       00651
_sendSensorData                                 text63       00ED6
_sendSensorInfo                                 text7        00791
_status                                         dataBANK0    00056
_status_prev                                    dataBANK1    000E0
_stringCompare                                  text1        00E03
_stringToInt16                                  text5        0058E
_stringlen                                      text64       00AEA
_timer0ReloadVal16bit                           bssBANK0     00064
_wr1RegCompleteHandler                          text48       00A97
_wr2RegCompleteHandler                          text51       00A5B
_writeINA220                                    text9        00A34
btemp                                           (abs)        0007E
clear_ram0                                      clrtext      0095F
end_of_initialization                           cinit        0008C
getHis@aux                                      cstackBANK0  00045
getHis@data                                     cstackBANK0  00040
getHis@i                                        cstackBANK0  00044
getINA220Data@buff                              cstackBANK0  00043
getINA220Data@device                            cstackBANK0  0003D
getMax@aux                                      cstackBANK0  00028
getMax@data                                     cstackCOMMON 00074
getMax@i                                        cstackBANK0  00027
getMed@aux                                      cstackBANK0  0003D
getMed@buff                                     cstackBANK0  00038
getMed@data                                     cstackBANK0  0002E
getMed@i                                        cstackBANK0  0003C
getMetrics@device                               cstackBANK0  0003E
getMin@aux                                      cstackBANK0  00028
getMin@data                                     cstackCOMMON 00074
getMin@i                                        cstackBANK0  00027
initRxBuffer@buf                                cstackBANK0  00020
initRxBuffer@i                                  cstackCOMMON 00074
initRxBuffer@size                               cstackBANK0  00022
init_ram                                        inittext     00965
int$flags                                       (abs)        0007E
int16ToString@data                              cstackBANK0  00029
int16ToString@dividend                          cstackBANK0  00030
int16ToString@divisor                           cstackBANK0  00032
int16ToString@flag_0                            cstackBANK0  0002B
int16ToString@i                                 cstackBANK0  0002E
int16ToString@result                            cstackBANK0  0002C
int16ToString@value                             cstackBANK0  00027
intlevel0                                       functab      00000
intlevel1                                       functab      00000
intlevel2                                       functab      00000
intlevel3                                       functab      00000
intlevel4                                       functab      00000
intlevel5                                       functab      00000
main@F11276                                     dataBANK1    000C6
main@packet                                     cstackBANK2  0015B
processCommand@command                          cstackBANK0  0004E
processCommand@data                             cstackBANK0  00046
processCommand@sensor                           cstackBANK0  00048
rd1RegCompleteHandler@ptr                       cstackBANK0  00027
rd2RegCompleteHandler@ptr                       cstackBANK0  00027
rdBlkRegCompleteHandler@ptr                     cstackBANK0  00027
readINA220@address                              cstackBANK0  00032
readINA220@buff                                 cstackBANK0  00038
readINA220@pRxbuffer                            cstackBANK0  00036
readINA220@pTxbuffer                            cstackBANK0  00037
readINA220@regadd                               cstackBANK0  0003A
readINA220@ret                                  cstackBANK0  0003B
receiveData@c                                   cstackBANK0  00023
receiveData@charCount                           cstackBANK0  00024
receiveData@data                                cstackBANK0  00020
receiveData@maxdata                             cstackBANK0  00022
reset_vec                                       reset_vec    00000
sendPacket@byteCount                            cstackBANK0  00023
sendPacket@i                                    cstackBANK0  0002B
sendPacket@str                                  cstackBANK0  00021
sendSensorData@F11244                           dataBANK1    000D1
sendSensorData@packet                           cstackBANK0  00038
sendSensorData@sensor_data                      cstackBANK0  00034
sendSensorInfo@F11239                           dataBANK1    000D9
sendSensorInfo@idx                              cstackBANK0  0003A
sendSensorInfo@packet                           cstackBANK0  00033
sendSensorInfo@sensor_info                      cstackBANK0  0002D
start                                           init         00030
start_initialization                            cinit        00032
stringCompare@buf                               cstackBANK0  00022
stringCompare@byte_count                        cstackBANK0  00024
stringCompare@idx                               cstackBANK0  00026
stringCompare@str                               cstackBANK0  00020
stringToInt16@multiple                          cstackBANK0  00028
stringToInt16@result                            cstackBANK0  0002A
stringToInt16@sign                              cstackBANK0  00027
stringToInt16@string                            cstackBANK0  00024
stringToInt16@strlen                            cstackBANK0  00026
stringlen@idx                                   cstackBANK0  00020
stringlen@str                                   cstackCOMMON 00074
wr1RegCompleteHandler@ptr                       cstackBANK0  00027
wr2RegCompleteHandler@ptr                       cstackBANK0  00027
writeINA220@Txbuffer                            cstackBANK0  00037
writeINA220@address                             cstackBANK0  00034
writeINA220@pTxbuffer                           cstackBANK0  00036
writeINA220@regadd                              cstackBANK0  00035
writeINA220@regdata                             cstackBANK0  00032
wtemp0                                          (abs)        0007E


MODULE INFORMATION

Module		Function		Class		Link	Load	Size
/opt/microchip/xc8/v3.00/pic/sources/c99/common/lwdiv.c
		___lwdiv       		CODE           	0D9E	0000	50

/opt/microchip/xc8/v3.00/pic/sources/c99/common/lwdiv.c estimated size: 50

mcc_generated_files/cmp1.c
		_CMP1_ISR      		CODE           	09F5	0000	14
		_CMP1_Initialize		CODE           	0A03	0000	15
		_CMP1_GetOutputStatus		CODE           	0929	0000	6

mcc_generated_files/cmp1.c estimated size: 35

sensor.c
		_getHis        		CODE           	07D9	0000	39
		_processCommand		CODE           	021D	0000	374
		_readINA220    		CODE           	0E36	0000	52
		_writeINA220   		CODE           	0A34	0000	19
		_getMetrics    		CODE           	0E6A	0000	54
		_getMed        		CODE           	05F9	0000	88
		_getMin        		CODE           	06A5	0000	79
		_getINA220Data 		CODE           	0393	0000	247
		_getMax        		CODE           	06F4	0000	79

sensor.c estimated size: 1031

mcc_generated_files/examples/i2c1_master_example.c
		_wr1RegCompleteHandler		CODE           	0A97	0000	20
		_wr2RegCompleteHandler		CODE           	0A5B	0000	20
		_I2C1_ReadNBytes		CODE           	0BA1	0000	30
		_rdBlkRegCompleteHandler		CODE           	0B67	0000	28
		_rd1RegCompleteHandler		CODE           	0A6F	0000	20
		_rd2RegCompleteHandler		CODE           	0A83	0000	20
		_I2C1_WriteNBytes		CODE           	0C9A	0000	40

mcc_generated_files/examples/i2c1_master_example.c estimated size: 178

/opt/microchip/xc8/v3.00/pic/sources/c99/common/aldiv.c
		___aldiv       		CODE           	0511	0000	125

/opt/microchip/xc8/v3.00/pic/sources/c99/common/aldiv.c estimated size: 125

mcc_generated_files/tmr4.c
		_TMR4_ISR      		CODE           	09DD	0000	12
		_TMR4_Initialize		CODE           	0AAB	0000	21
		_TMR4_Stop     		CODE           	08BA	0000	3
		_TMR4_Start    		CODE           	08B7	0000	3
		_TMR4_SetInterruptHandler		CODE           	094D	0000	6
		_TMR4_DefaultInterruptHandler		CODE           	08A5	0000	2

mcc_generated_files/tmr4.c estimated size: 47

mcc_generated_files/i2c1_master.c
		_I2C1_DO_SEND_RESTART		CODE           	08F0	0000	4
		_I2C1_DO_TX_EMPTY		CODE           	0D15	0000	45
		_I2C1_DO_SEND_RESTART_READ		CODE           	08E8	0000	4
		_I2C1_CallbackReturnStop		CODE           	08AF	0000	2
		_I2C1_MasterRead		CODE           	0908	0000	4
		_I2C1_DO_RX    		CODE           	0FBE	0000	66
		_I2C1_DO_TX    		CODE           	0743	0000	78
		_I2C1_SetAddressNackCallback		CODE           	09BC	0000	10
		_I2C1_DO_IDLE  		CODE           	091F	0000	5
		_I2C1_MasterOpen		CODE           	09E9	0000	12
		_I2C1_DO_RCEN  		CODE           	0959	0000	6
		_I2C1_MasterSendTxData		CODE           	091A	0000	5
		_I2C1_MasterStop		CODE           	08CC	0000	3
		_I2C1_CallbackReturnReset		CODE           	0002	0000	2
		_I2C1_DO_RESET 		CODE           	0924	0000	5
		_I2C1_MasterStartRx		CODE           	08CF	0000	3
		_I2C1_Poller   		CODE           	09B2	0000	10
		_I2C1_DO_RX_ACK		CODE           	08F8	0000	4
		_I2C1_MasterWaitForEvent		CODE           	0904	0000	4
		_I2C1_MasterSendNack		CODE           	08E0	0000	4
		_I2C1_DO_RX_NACK_RESTART		CODE           	0900	0000	4
		_I2C1_MasterDisableIrq		CODE           	08AD	0000	2
		_I2C1_MasterOperation		CODE           	0B17	0000	26
		_I2C1_SetCallback		CODE           	0EA0	0000	54
		_I2C1_MasterEnableRestart		CODE           	08C9	0000	3
		_I2C1_Open     		CODE           	0DD0	0000	51
		_I2C1_DO_ADDRESS_NACK		CODE           	0CC2	0000	41
		_I2C1_SetBuffer		CODE           	0AD5	0000	21
		_I2C1_DO_SEND_RESTART_WRITE		CODE           	08EC	0000	4
		_I2C1_MasterClose		CODE           	08C3	0000	3
		_I2C1_MasterWrite		CODE           	090C	0000	4
		_I2C1_Initialize		CODE           	098A	0000	10
		_I2C1_Close    		CODE           	0AC0	0000	21
		_I2C1_MasterIsNack		CODE           	0953	0000	6
		_I2C1_MasterStart		CODE           	08C6	0000	3
		_I2C1_DO_SEND_ADR_WRITE		CODE           	096B	0000	7
		_I2C1_MasterClearIrq		CODE           	08C0	0000	3
		_I2C1_SetDataCompleteCallback		CODE           	09A8	0000	10
		_I2C1_DO_SEND_STOP		CODE           	08F4	0000	4
		_I2C1_MasterSendAck		CODE           	08E4	0000	4
		_I2C1_MasterFsm		CODE           	0BFF	0000	37
		_I2C1_MasterGetRxData		CODE           	08D2	0000	3
		_I2C1_MasterSetIrq		CODE           	08D5	0000	3
		_I2C1_DO_SEND_ADR_READ		CODE           	097A	0000	8
		_I2C1_DO_RX_NACK_STOP		CODE           	08FC	0000	4

mcc_generated_files/i2c1_master.c estimated size: 612

mcc_generated_files/tmr2.c
		_TMR2_ISR      		CODE           	09D1	0000	12
		_TMR2_Initialize		CODE           	0B00	0000	23
		_TMR2_Stop     		CODE           	08A9	0000	2
		_TMR2_Start    		CODE           	08A7	0000	2
		_TMR2_SetInterruptHandler		CODE           	0947	0000	6
		_TMR2_DefaultInterruptHandler		CODE           	08A3	0000	2

mcc_generated_files/tmr2.c estimated size: 47

mcc_generated_files/interrupt_manager.c
		_INTERRUPT_InterruptManager		CODE           	0004	0000	44

mcc_generated_files/interrupt_manager.c estimated size: 44

mcc_generated_files/tmr0.c
		_TMR0_SetInterruptHandler		CODE           	0941	0000	6
		_TMR0_Reload   		CODE           	0972	0000	8
		_TMR0_DefaultInterruptHandler		CODE           	08B4	0000	3
		_TMR0_ISR      		CODE           	0A47	0000	20
		_TMR0_Initialize		CODE           	0B31	0000	27

mcc_generated_files/tmr0.c estimated size: 64

mcc_generated_files/pin_manager.c
		_PIN_MANAGER_Initialize		CODE           	0C72	0000	40

mcc_generated_files/pin_manager.c estimated size: 40

/opt/microchip/xc8/v3.00/pic/sources/c99/common/Umul16.c
		___wmul        		CODE           	0B4C	0000	27

/opt/microchip/xc8/v3.00/pic/sources/c99/common/Umul16.c estimated size: 27

shared
		__initialization		CODE           	0032	0000	90
		_fsmStateTable 		STRCODE        	1000	0000	32

shared estimated size: 122

mcc_generated_files/eusart1.c
		_EUSART1_is_tx_done		CODE           	08DC	0000	4
		_EUSART1_SetRxInterruptHandler		CODE           	093B	0000	6
		_EUSART1_is_tx_ready		CODE           	09C6	0000	11
		_EUSART1_Initialize		CODE           	0D70	0000	46
		_EUSART1_DefaultErrorHandler		CODE           	08B1	0000	3
		_EUSART1_SetFramingErrorHandler		CODE           	0935	0000	6
		_EUSART1_Read  		CODE           	0A23	0000	17
		_EUSART1_SetOverrunErrorHandler		CODE           	0915	0000	5
		_EUSART1_SetErrorHandler		CODE           	0910	0000	5
		_EUSART1_Write 		CODE           	099E	0000	10
		_EUSART1_Receive_ISR		CODE           	0C24	0000	39
		_EUSART1_RxDataHandler		CODE           	0D42	0000	46
		_EUSART1_DefaultOverrunErrorHandler		CODE           	08D8	0000	4

mcc_generated_files/eusart1.c estimated size: 202

/opt/microchip/xc8/v3.00/pic/sources/c99/common/lwmod.c
		___lwmod       		CODE           	0CEB	0000	42

/opt/microchip/xc8/v3.00/pic/sources/c99/common/lwmod.c estimated size: 42

mcc_generated_files/mcc.c
		_PMD_Initialize		CODE           	0A12	0000	17
		_OSCILLATOR_Initialize		CODE           	0994	0000	10
		_SYSTEM_Initialize		CODE           	0B83	0000	30

mcc_generated_files/mcc.c estimated size: 57

mcc_generated_files/dac1.c
		_DAC1_Initialize		CODE           	092F	0000	6

mcc_generated_files/dac1.c estimated size: 6

device.c
		_stringCompare 		CODE           	0E03	0000	51
		_stringlen     		CODE           	0AEA	0000	22
		_int16ToString 		CODE           	048A	0000	135
		_sendSensorData		CODE           	0ED6	0000	55
		_sendSensorInfo		CODE           	0791	0000	72
		_stringToInt16 		CODE           	058E	0000	107

device.c estimated size: 442

main.c
		_main          		CODE           	0090	0000	397

main.c estimated size: 397

communication.c
		_sendPacket    		CODE           	0651	0000	84
		_TxDeviceDisable		CODE           	08BD	0000	3
		_receiveData   		CODE           	0BBF	0000	31
		_initRxBuffer  		CODE           	0C4B	0000	39
		_TxDeviceEnable		CODE           	08AB	0000	2

communication.c estimated size: 159

