Microchip MPLAB XC8 Compiler V2.50

Linker command line:

-W-3 --edf=/opt/microchip/xc8/v2.50/pic/dat/20240725155939_en.msgs -cn \
  -h+dist/default/debug/HU01TE02PA07_modbus.X.debug.sym \
  --cmf=dist/default/debug/HU01TE02PA07_modbus.X.debug.cmf -z -Q16F18425 \
  -o/tmp/xcXNGAhfH/driver_tmp_3.o --defsym=__MPLAB_BUILD=1 \
  --fixupoverflow=error \
  -Mdist/default/debug/HU01TE02PA07_modbus.X.debug.map \
  --md=/tmp/xcXNGAhfH/driver_tmp_0.dat -E1 -ver=XC8 Compiler --acfsm=1493 \
  -ACODE=00h-07FFhx4 -ASTRCODE=00h-01FFFh -ASTRING=00h-0FFhx32 \
  -ACONST=00h-0FFhx32 -AENTRY=00h-0FFhx32 -ACOMMON=070h-07Fh \
  -ABANK0=020h-06Fh -ABANK1=0A0h-0EFh -ABANK2=0120h-016Fh \
  -ABANK3=01A0h-01EFh -ABANK4=0220h-026Fh -ABANK5=02A0h-02EFh \
  -ABANK6=0320h-036Fh -ABANK7=03A0h-03EFh -ABANK8=0420h-046Fh \
  -ABANK9=04A0h-04EFh -ABANK10=0520h-056Fh -ABANK11=05A0h-05EFh \
  -ABANK12=0620h-064Fh -ABIGRAM=02000h-023EFh \
  -ARAM=020h-06Fh,0A0h-0EFh,0120h-016Fh,01A0h-01EFh,0220h-026Fh,02A0h-02EFh,0320h-036Fh,03A0h-03EFh,0420h-046Fh,04A0h-04EFh,0520h-056Fh,05A0h-05EFh,0620h-064Fh \
  -AABS1=020h-07Fh,0A0h-0EFh,0120h-016Fh,01A0h-01EFh,0220h-026Fh,02A0h-02EFh,0320h-036Fh,03A0h-03EFh,0420h-046Fh,04A0h-04EFh,0520h-056Fh,05A0h-05EFh,0620h-064Fh \
  -ASFR0=00h-01Fh -ASFR1=080h-09Fh -ASFR2=0100h-011Fh -ASFR3=0180h-019Fh \
  -ASFR4=0200h-021Fh -ASFR5=0280h-029Fh -ASFR6=0300h-031Fh \
  -ASFR7=0380h-039Fh -ASFR8=0400h-041Fh -ASFR9=0480h-049Fh \
  -ASFR10=0500h-051Fh -ASFR11=0580h-059Fh -ASFR12=0600h-061Fh \
  -ASFR13=0680h-06EFh -ASFR14=0700h-076Fh -ASFR15=0780h-07EFh \
  -ASFR16=0800h-086Fh -ASFR17=0880h-08EFh -ASFR18=0900h-096Fh \
  -ASFR19=0980h-09EFh -ASFR20=0A00h-0A6Fh -ASFR21=0A80h-0AEFh \
  -ASFR22=0B00h-0B6Fh -ASFR23=0B80h-0BEFh -ASFR24=0C00h-0C6Fh \
  -ASFR25=0C80h-0CEFh -ASFR26=0D00h-0D6Fh -ASFR27=0D80h-0DEFh \
  -ASFR28=0E00h-0E6Fh -ASFR29=0E80h-0EEFh -ASFR30=0F00h-0F6Fh \
  -ASFR31=0F80h-0FEFh -ASFR32=01000h-0106Fh -ASFR33=01080h-010EFh \
  -ASFR34=01100h-0116Fh -ASFR35=01180h-011EFh -ASFR36=01200h-0126Fh \
  -ASFR37=01280h-012EFh -ASFR38=01300h-0136Fh -ASFR39=01380h-013EFh \
  -ASFR40=01400h-0146Fh -ASFR41=01480h-014EFh -ASFR42=01500h-0156Fh \
  -ASFR43=01580h-015EFh -ASFR44=01600h-0166Fh -ASFR45=01680h-016EFh \
  -ASFR46=01700h-0176Fh -ASFR47=01780h-017EFh -ASFR48=01800h-0186Fh \
  -ASFR49=01880h-018EFh -ASFR50=01900h-0196Fh -ASFR51=01980h-019EFh \
  -ASFR52=01A00h-01A6Fh -ASFR53=01A80h-01AEFh -ASFR54=01B00h-01B6Fh \
  -ASFR55=01B80h-01BEFh -ASFR56=01C00h-01C6Fh -ASFR57=01C80h-01CEFh \
  -ASFR58=01D00h-01D6Fh -ASFR59=01D80h-01DEFh -ASFR60=01E00h-01E6Fh \
  -ASFR61=01E80h-01EEFh -ASFR62=01F00h-01F6Fh -ASFR63=01F80h-01FEFh \
  -ACONFIG=08007h-0800Bh -DCONFIG=2 -AIDLOC=08000h-08003h -DIDLOC=2 \
  -AEEDATA=00h-0FFh/0F000h -peeprom_data=EEDATA -DEEDATA=2 -DCODE=2 \
  -DSTRCODE=2 -DSTRING=2 -DCONST=2 -DENTRY=2 \
  -preset_vec=00h,intentry=04h,sivt,init,end_init -ppowerup=CODE \
  -pcinit=CODE -pfunctab=ENTRY -k /tmp/xcXNGAhfH/driver_tmp_20.o \
  dist/default/debug/HU01TE02PA07_modbus.X.debug.o 

Object code version is 3.11

Machine type is 16F18425



                Name                               Link     Load   Length Selector   Space Scale
/tmp/xcXNGAhfH/driver_tmp_20.o
                end_init                             1B       1B        2        8       0
                reset_vec                             0        0        2        0       0
                config                             8007     8007        5        0       4
                idloc                              8000     8000        4        0       5
dist/default/debug/HU01TE02PA07_modbus.X.debug.o
                cinit                                1D       1D       57        8       0
                intentry                              4        4       17        8       0
                config                             8007     8007        5        0       4
                idloc                              8000     8000        4        0       5
                text143                            10FD     10FD        2     21FA       0
                text142                            1105     1105        3     220A       0
                text141                            1272     1272        F     24E4       0
                text140                            16EF     16EF       36     2DDE       0
                text139                            1108     1108        3     2210       0
                text138                            10FA     10FA        1     21F4       0
                text137                            1126     1126        4     224C       0
                text136                            16BA     16BA       35     2D74       0
                text135                            112A     112A        4     2254       0
                text134                            123D     123D        D     247A       0
                text133                            12E8     12E8       14     25D0       0
                text131                            1264     1264        E     24C8       0
                text130                            1524     1524       23     2A48       0
                text129                            1174     1174        6     22E8       0
                text128                            110B     110B        3     2216       0
                text127                            110E     110E        3     221C       0
                text126                            10FF     10FF        2     21FE       0
                text125                            1375     1375       17     26EA       0
                text124                            1111     1111        3     2222       0
                text123                            1114     1114        3     2228       0
                text122                            1117     1117        3     222E       0
                text121                            1360     1360       15     26C0       0
                text120                            1725     1725       36     2E4A       0
                text119                            11EA     11EA        A     23D4       0
                text118                            12FC     12FC       14     25F8       0
                text117                            1310     1310       14     2620       0
                text116                            1324     1324       14     2648       0
                text115                            1338     1338       14     2670       0
                text114                            148E     148E       1C     291C       0
                text113                            1101     1101        2     2202       0
                text112                            1103     1103        2     2206       0
                text111                            111A     111A        3     2234       0
                text110                            112E     112E        4     225C       0
                text109                            111D     111D        3     223A       0
                text108                            1132     1132        4     2264       0
                text107                            117A     117A        6     22F4       0
                text106                            1180     1180        6     2300       0
                text105                            1120     1120        3     2240       0
                text104                            162F     162F       2D     2C5E       0
                text103                            116A     116A        5     22D4       0
                text102                            119F     119F        8     233E       0
                text101                            1198     1198        7     2330       0
                text100                             BD6      BD6       4E     17AC       0
                text99                              916      916       42     122C       0
                text98                             1186     1186        6     230C       0
                text97                             1136     1136        4     226C       0
                text96                             113A     113A        4     2274       0
                text95                             113E     113E        4     227C       0
                text94                             1142     1142        4     2284       0
                text93                             1146     1146        4     228C       0
                text92                             114A     114A        4     2294       0
                text91                             114E     114E        4     229C       0
                text90                             116F     116F        5     22DE       0
                text89                              800      800       29     1000       0
                text88                             156A     156A       25     2AD4       0
                text87                             1152     1152        4     22A4       0
                text86                             11F4     11F4        A     23E8       0
                text85                             13BC     13BC       1A     2778       0
                text84                             1156     1156        4     22AC       0
                text83                             121C     121C        B     2438       0
                text82                             175B     175B       37     2EB6       0
                text81                             11FE     11FE        A     23FC       0
                text80                             158F     158F       26     2B1E       0
                text79                             1290     1290       11     2520       0
                text78                             1227     1227        B     244E       0
                text77                             1458     1458       1B     28B0       0
                text76                             11A7     11A7        8     234E       0
                text75                             11AF     11AF        8     235E       0
                text74                             11B7     11B7        8     236E       0
                text73                             11BF     11BF        8     237E       0
                text72                             1689     1689       31     2D12       0
                text71                             115A     115A        4     22B4       0
                text70                             11CF     11CF        9     239E       0
                text69                             11D8     11D8        9     23B0       0
                text68                             15DB     15DB       28     2BB6       0
                text67                             1208     1208        A     2410       0
                text66                             11C7     11C7        8     238E       0
                text65                             14E3     14E3       20     29C6       0
                text64                             138C     138C       18     2718       0
                text63                             115E     115E        4     22BC       0
                text62                             10FB     10FB        1     21F6       0
                text61                             13A4     13A4       18     2748       0
                text60                              F7D      F7D       83     1EFA       0
                text59                             1162     1162        4     22C4       0
                text58                             14AA     14AA       1C     2954       0
                text57                             13D6     13D6       1A     27AC       0
                text56                             14C6     14C6       1D     298C       0
                text55                              B3C      B3C       4D     1678       0
                text54                             12D5     12D5       13     25AA       0
                text53                             12C3     12C3       12     2586       0
                text52                              632      632       93        8       0
                text51                              C75      C75       52     18EA       0
                text50                             1503     1503       21     2A06       0
                text49                             134C     134C       14     2698       0
                text48                              754      754       84        8       0
                text47                              42C      42C       BC        8       0
                text46                              B89      B89       4D     1712       0
                text45                             1792     1792       37     2F24       0
                text44                              99A      99A       44     1334       0
                text43                              9DE      9DE       44     13BC       0
                text42                             1212     1212        A     2424       0
                text41                             13F0     13F0       1A     27E0       0
                text40                             165C     165C       2D     2CB8       0
                text39                              D75      D75       60     1AEA       0
                text38                             1232     1232        B     2464       0
                text37                              89E      89E       3C     113C       0
                text36                              D1B      D1B       5A     1A36       0
                text35                             124A     124A        D     2494       0
                text34                              829      829       3A     1052       0
                text33                             17C9     17C9       37     2F92       0
                text32                              AF0      AF0       4C     15E0       0
                text31                             1473     1473       1B     28E6       0
                text30                             1603     1603       2C     2C06       0
                text29                              DD5      DD5       62     1BAA       0
                text28                              4E8      4E8       A7        8       0
                text27                              6C5      6C5       8F        8       0
                text26                             11E1     11E1        9     23C2       0
                text25                             1166     1166        4     22CC       0
                text24                             1257     1257        D     24AE       0
                text23                             1123     1123        3     2246       0
                text22                                2        2        2        0       0
                text21                              A22      A22       44     1444       0
                text20                              E37      E37       65     1C6E       0
                text19                              958      958       42     12B0       0
                text18                             1547     1547       23     2A8E       0
                text17                              1E5      1E5      158        8       0
                text16                             12A1     12A1       11     2542       0
                text15                             12B2     12B2       11     2564       0
                text14                              E9C      E9C       67     1D38       0
                text13                              C24      C24       51     1848       0
                text12                              33D      33D       EF        8       0
                text11                             15B5     15B5       26     2B6A       0
                text10                              7D8      7D8       28        8       0
                text9                               58F      58F       A3        8       0
                text8                               863      863       3B     10C6       0
                text7                               AAA      AAA       46     1554       0
                text6                               F03      F03       7A     1E06       0
                text5                              10FC     10FC        1     21F8       0
                text4                               CC7      CC7       54     198E       0
                text3                               A66      A66       44     14CC       0
                text2                              140A     140A       1A     2814       0
                text1                              1281     1281        F     2502       0
                maintext                             74       74      171        8       0
                cstackBANK0                          20       20       50       20       1
                cstackCOMMON                         76       76        6       70       1
                cstackBANK1                          A0       A0       4E       A0       1
                cstackBANK2                         15C      15C        E      120       1
                cstackBANK3                         1A0      1A0        7      1A0       1
                cstackBANK4                         220      220       2D      220       1
                cstackBANK9                         4A0      4A0       4C      4A0       1
                clrtext                            118C     118C        6     2318       0
                inittext                           1192     1192        6     2324       0
                bssBANK8                            420      420       40      420       1
                bssBANK7                            3A0      3A0       20      3A0       1
                dataBANK6                           320      320       1A      320       1
                bssBANK6                            33A      33A       18      320       1
                dataBANK5                           2A0      2A0       3C      2A0       1
                bssBANK5                            2DC      2DC        8      2A0       1
                dataBANK4                           24D      24D       1A      220       1
                bssBANK3                            1A9      1A9        1      1A0       1
                bssBANK2                            120      120       3C      120       1
                bssCOMMON                            70       70        6       70       1
                stringtext5                        1800     1800       26     3000       0
                nvBANK4                             267      267        4      220       1
                nvBANK3                             1A7      1A7        2      1A0       1
                nvBANK2                             16A      16A        4      120       1
                stringtext4                        1848     1848        1     3000       0
                stringtext3                        1847     1847        1     3000       0
                stringtext2                        1846     1846        1     3000       0
                stringtext1                        1826     1826       20     3000       0
                idataBANK6                         1424     1424       1A     2848       0
                idataBANK5                          8DA      8DA       3C     11B4       0
                idataBANK4                         143E     143E       1A     287C       0

TOTAL           Name                               Link     Load   Length     Space
        CLASS   CODE           
                end_init                             1B       1B        2         0
                cinit                                1D       1D       57         0
                intentry                              4        4       17         0
                reset_vec                             0        0        2         0
                text143                            10FD     10FD        2         0
                text142                            1105     1105        3         0
                text141                            1272     1272        F         0
                text140                            16EF     16EF       36         0
                text139                            1108     1108        3         0
                text138                            10FA     10FA        1         0
                text137                            1126     1126        4         0
                text136                            16BA     16BA       35         0
                text135                            112A     112A        4         0
                text134                            123D     123D        D         0
                text133                            12E8     12E8       14         0
                text131                            1264     1264        E         0
                text130                            1524     1524       23         0
                text129                            1174     1174        6         0
                text128                            110B     110B        3         0
                text127                            110E     110E        3         0
                text126                            10FF     10FF        2         0
                text125                            1375     1375       17         0
                text124                            1111     1111        3         0
                text123                            1114     1114        3         0
                text122                            1117     1117        3         0
                text121                            1360     1360       15         0
                text120                            1725     1725       36         0
                text119                            11EA     11EA        A         0
                text118                            12FC     12FC       14         0
                text117                            1310     1310       14         0
                text116                            1324     1324       14         0
                text115                            1338     1338       14         0
                text114                            148E     148E       1C         0
                text113                            1101     1101        2         0
                text112                            1103     1103        2         0
                text111                            111A     111A        3         0
                text110                            112E     112E        4         0
                text109                            111D     111D        3         0
                text108                            1132     1132        4         0
                text107                            117A     117A        6         0
                text106                            1180     1180        6         0
                text105                            1120     1120        3         0
                text104                            162F     162F       2D         0
                text103                            116A     116A        5         0
                text102                            119F     119F        8         0
                text101                            1198     1198        7         0
                text100                             BD6      BD6       4E         0
                text99                              916      916       42         0
                text98                             1186     1186        6         0
                text97                             1136     1136        4         0
                text96                             113A     113A        4         0
                text95                             113E     113E        4         0
                text94                             1142     1142        4         0
                text93                             1146     1146        4         0
                text92                             114A     114A        4         0
                text91                             114E     114E        4         0
                text90                             116F     116F        5         0
                text89                              800      800       29         0
                text88                             156A     156A       25         0
                text87                             1152     1152        4         0
                text86                             11F4     11F4        A         0
                text85                             13BC     13BC       1A         0
                text84                             1156     1156        4         0
                text83                             121C     121C        B         0
                text82                             175B     175B       37         0
                text81                             11FE     11FE        A         0
                text80                             158F     158F       26         0
                text79                             1290     1290       11         0
                text78                             1227     1227        B         0
                text77                             1458     1458       1B         0
                text76                             11A7     11A7        8         0
                text75                             11AF     11AF        8         0
                text74                             11B7     11B7        8         0
                text73                             11BF     11BF        8         0
                text72                             1689     1689       31         0
                text71                             115A     115A        4         0
                text70                             11CF     11CF        9         0
                text69                             11D8     11D8        9         0
                text68                             15DB     15DB       28         0
                text67                             1208     1208        A         0
                text66                             11C7     11C7        8         0
                text65                             14E3     14E3       20         0
                text64                             138C     138C       18         0
                text63                             115E     115E        4         0
                text62                             10FB     10FB        1         0
                text61                             13A4     13A4       18         0
                text60                              F7D      F7D       83         0
                text59                             1162     1162        4         0
                text58                             14AA     14AA       1C         0
                text57                             13D6     13D6       1A         0
                text56                             14C6     14C6       1D         0
                text55                              B3C      B3C       4D         0
                text54                             12D5     12D5       13         0
                text53                             12C3     12C3       12         0
                text52                              632      632       93         0
                text51                              C75      C75       52         0
                text50                             1503     1503       21         0
                text49                             134C     134C       14         0
                text48                              754      754       84         0
                text47                              42C      42C       BC         0
                text46                              B89      B89       4D         0
                text45                             1792     1792       37         0
                text44                              99A      99A       44         0
                text43                              9DE      9DE       44         0
                text42                             1212     1212        A         0
                text41                             13F0     13F0       1A         0
                text40                             165C     165C       2D         0
                text39                              D75      D75       60         0
                text38                             1232     1232        B         0
                text37                              89E      89E       3C         0
                text36                              D1B      D1B       5A         0
                text35                             124A     124A        D         0
                text34                              829      829       3A         0
                text33                             17C9     17C9       37         0
                text32                              AF0      AF0       4C         0
                text31                             1473     1473       1B         0
                text30                             1603     1603       2C         0
                text29                              DD5      DD5       62         0
                text28                              4E8      4E8       A7         0
                text27                              6C5      6C5       8F         0
                text26                             11E1     11E1        9         0
                text25                             1166     1166        4         0
                text24                             1257     1257        D         0
                text23                             1123     1123        3         0
                text22                                2        2        2         0
                text21                              A22      A22       44         0
                text20                              E37      E37       65         0
                text19                              958      958       42         0
                text18                             1547     1547       23         0
                text17                              1E5      1E5      158         0
                text16                             12A1     12A1       11         0
                text15                             12B2     12B2       11         0
                text14                              E9C      E9C       67         0
                text13                              C24      C24       51         0
                text12                              33D      33D       EF         0
                text11                             15B5     15B5       26         0
                text10                              7D8      7D8       28         0
                text9                               58F      58F       A3         0
                text8                               863      863       3B         0
                text7                               AAA      AAA       46         0
                text6                               F03      F03       7A         0
                text5                              10FC     10FC        1         0
                text4                               CC7      CC7       54         0
                text3                               A66      A66       44         0
                text2                              140A     140A       1A         0
                text1                              1281     1281        F         0
                maintext                             74       74      171         0
                clrtext                            118C     118C        6         0
                inittext                           1192     1192        6         0
                idataBANK6                         1424     1424       1A         0
                idataBANK5                          8DA      8DA       3C         0
                idataBANK4                         143E     143E       1A         0

        CLASS   STRCODE        
                stringtext5                        1800     1800       26         0
                stringtext4                        1848     1848        1         0
                stringtext3                        1847     1847        1         0
                stringtext2                        1846     1846        1         0
                stringtext1                        1826     1826       20         0

        CLASS   STRING         

        CLASS   CONST          

        CLASS   ENTRY          

        CLASS   COMMON         
                cstackCOMMON                         76       76        6         1
                bssCOMMON                            70       70        6         1

        CLASS   BANK0          
                cstackBANK0                          20       20       50         1

        CLASS   BANK1          
                cstackBANK1                          A0       A0       4E         1

        CLASS   BANK2          
                cstackBANK2                         15C      15C        E         1
                bssBANK2                            120      120       3C         1
                nvBANK2                             16A      16A        4         1

        CLASS   BANK3          
                cstackBANK3                         1A0      1A0        7         1
                bssBANK3                            1A9      1A9        1         1
                nvBANK3                             1A7      1A7        2         1

        CLASS   BANK4          
                cstackBANK4                         220      220       2D         1
                dataBANK4                           24D      24D       1A         1
                nvBANK4                             267      267        4         1

        CLASS   BANK5          
                dataBANK5                           2A0      2A0       3C         1
                bssBANK5                            2DC      2DC        8         1

        CLASS   BANK6          
                dataBANK6                           320      320       1A         1
                bssBANK6                            33A      33A       18         1

        CLASS   BANK7          
                bssBANK7                            3A0      3A0       20         1

        CLASS   BANK8          
                bssBANK8                            420      420       40         1

        CLASS   BANK9          
                cstackBANK9                         4A0      4A0       4C         1

        CLASS   BANK10         

        CLASS   BANK11         

        CLASS   BANK12         

        CLASS   BIGRAM         

        CLASS   RAM            

        CLASS   ABS1           
                abs_s1                               7E       7E        2         1

        CLASS   SFR0           

        CLASS   SFR1           

        CLASS   SFR2           

        CLASS   SFR3           

        CLASS   SFR4           

        CLASS   SFR5           

        CLASS   SFR6           

        CLASS   SFR7           

        CLASS   SFR8           

        CLASS   SFR9           

        CLASS   SFR10          

        CLASS   SFR11          

        CLASS   SFR12          

        CLASS   SFR13          

        CLASS   SFR14          

        CLASS   SFR15          

        CLASS   SFR16          

        CLASS   SFR17          

        CLASS   SFR18          

        CLASS   SFR19          

        CLASS   SFR20          

        CLASS   SFR21          

        CLASS   SFR22          

        CLASS   SFR23          

        CLASS   SFR24          

        CLASS   SFR25          

        CLASS   SFR26          

        CLASS   SFR27          

        CLASS   SFR28          

        CLASS   SFR29          

        CLASS   SFR30          

        CLASS   SFR31          

        CLASS   SFR32          

        CLASS   SFR33          

        CLASS   SFR34          

        CLASS   SFR35          

        CLASS   SFR36          

        CLASS   SFR37          

        CLASS   SFR38          

        CLASS   SFR39          

        CLASS   SFR40          

        CLASS   SFR41          

        CLASS   SFR42          

        CLASS   SFR43          

        CLASS   SFR44          

        CLASS   SFR45          

        CLASS   SFR46          

        CLASS   SFR47          

        CLASS   SFR48          

        CLASS   SFR49          

        CLASS   SFR50          

        CLASS   SFR51          

        CLASS   SFR52          

        CLASS   SFR53          

        CLASS   SFR54          

        CLASS   SFR55          

        CLASS   SFR56          

        CLASS   SFR57          

        CLASS   SFR58          

        CLASS   SFR59          

        CLASS   SFR60          

        CLASS   SFR61          

        CLASS   SFR62          

        CLASS   SFR63          

        CLASS   CONFIG         
                config                             8007     8007        5         4

        CLASS   IDLOC          
                idloc                              8000     8000        4         5

        CLASS   EEDATA         

        CLASS   BANK63         

        CLASS   BANK62         

        CLASS   BANK61         

        CLASS   BANK60         

        CLASS   BANK59         

        CLASS   BANK58         

        CLASS   BANK57         

        CLASS   BANK56         

        CLASS   BANK55         

        CLASS   BANK54         

        CLASS   BANK53         

        CLASS   BANK52         

        CLASS   BANK51         

        CLASS   BANK50         

        CLASS   BANK49         

        CLASS   BANK48         

        CLASS   BANK47         

        CLASS   BANK46         

        CLASS   BANK45         

        CLASS   BANK44         

        CLASS   BANK43         

        CLASS   BANK42         

        CLASS   BANK41         

        CLASS   BANK40         

        CLASS   BANK39         

        CLASS   BANK38         

        CLASS   BANK37         

        CLASS   BANK36         

        CLASS   BANK35         

        CLASS   BANK34         

        CLASS   BANK33         

        CLASS   BANK32         

        CLASS   BANK31         

        CLASS   BANK30         

        CLASS   BANK29         

        CLASS   BANK28         

        CLASS   BANK27         

        CLASS   BANK26         

        CLASS   BANK25         

        CLASS   BANK24         

        CLASS   BANK23         

        CLASS   BANK22         

        CLASS   BANK21         

        CLASS   BANK20         

        CLASS   BANK19         

        CLASS   BANK18         

        CLASS   BANK17         

        CLASS   BANK16         

        CLASS   BANK15         

        CLASS   BANK14         

        CLASS   BANK13         

        CLASS   HEAP           

        CLASS   STACK          



SEGMENTS        Name                           Load    Length   Top    Selector   Space  Class     Delta

                text49                         00134C  000014  001360      2698       0  CODE        2
                text121                        001360  000015  001375      26C0       0  CODE        2
                text125                        001375  000017  00138C      26EA       0  CODE        2
                text115                        001338  000014  00134C      2670       0  CODE        2
                text118                        0012FC  000014  001310      25F8       0  CODE        2
                text117                        001310  000014  001324      2620       0  CODE        2
                text116                        001324  000014  001338      2648       0  CODE        2
                text41                         0013F0  00001A  00140A      27E0       0  CODE        2
                text2                          00140A  00001A  001424      2814       0  CODE        2
                idataBANK6                     001424  00001A  00143E      2848       0  CODE        2
                text57                         0013D6  00001A  0013F0      27AC       0  CODE        2
                text64                         00138C  000018  0013A4      2718       0  CODE        2
                text61                         0013A4  000018  0013BC      2748       0  CODE        2
                text85                         0013BC  00001A  0013D6      2778       0  CODE        2
                text133                        0012E8  000014  0012FC      25D0       0  CODE        2
                text35                         00124A  00000D  001257      2494       0  CODE        2
                text24                         001257  00000D  001264      24AE       0  CODE        2
                text131                        001264  00000E  001272      24C8       0  CODE        2
                text134                        00123D  00000D  00124A      247A       0  CODE        2
                text83                         00121C  00000B  001227      2438       0  CODE        2
                text78                         001227  00000B  001232      244E       0  CODE        2
                text38                         001232  00000B  00123D      2464       0  CODE        2
                text15                         0012B2  000011  0012C3      2564       0  CODE        2
                text53                         0012C3  000012  0012D5      2586       0  CODE        2
                text54                         0012D5  000013  0012E8      25AA       0  CODE        2
                text16                         0012A1  000011  0012B2      2542       0  CODE        2
                text141                        001272  00000F  001281      24E4       0  CODE        2
                text1                          001281  00000F  001290      2502       0  CODE        2
                text79                         001290  000011  0012A1      2520       0  CODE        2
                idataBANK4                     00143E  00001A  001458      287C       0  CODE        2
                text136                        0016BA  000035  0016EF      2D74       0  CODE        2
                text140                        0016EF  000036  001725      2DDE       0  CODE        2
                text120                        001725  000036  00175B      2E4A       0  CODE        2
                text72                         001689  000031  0016BA      2D12       0  CODE        2
                text30                         001603  00002C  00162F      2C06       0  CODE        2
                text104                        00162F  00002D  00165C      2C5E       0  CODE        2
                text40                         00165C  00002D  001689      2CB8       0  CODE        2
                text8                          000863  00003B  00089E      10C6       0  CODE        2
                text37                         00089E  00003C  0008DA      113C       0  CODE        2
                idataBANK5                     0008DA  00003C  000916      11B4       0  CODE        2
                text34                         000829  00003A  000863      1052       0  CODE        2
                text82                         00175B  000037  001792      2EB6       0  CODE        2
                text45                         001792  000037  0017C9      2F24       0  CODE        2
                text33                         0017C9  000037  001800      2F92       0  CODE        2
                text89                         000800  000029  000829      1000       0  CODE        2
                text56                         0014C6  00001D  0014E3      298C       0  CODE        2
                text65                         0014E3  000020  001503      29C6       0  CODE        2
                text50                         001503  000021  001524      2A06       0  CODE        2
                text58                         0014AA  00001C  0014C6      2954       0  CODE        2
                text77                         001458  00001B  001473      28B0       0  CODE        2
                text31                         001473  00001B  00148E      28E6       0  CODE        2
                text114                        00148E  00001C  0014AA      291C       0  CODE        2
                text11                         0015B5  000026  0015DB      2B6A       0  CODE        2
                stringtext5                    001800  000049  001849      3000       0  STRCODE     2
                text68                         0015DB  000028  001603      2BB6       0  CODE        2
                text80                         00158F  000026  0015B5      2B1E       0  CODE        2
                text130                        001524  000023  001547      2A48       0  CODE        2
                text18                         001547  000023  00156A      2A8E       0  CODE        2
                text88                         00156A  000025  00158F      2AD4       0  CODE        2
                text137                        001126  000004  00112A      224C       0  CODE        2
                text135                        00112A  000004  00112E      2254       0  CODE        2
                text110                        00112E  000004  001132      225C       0  CODE        2
                text23                         001123  000003  001126      2246       0  CODE        2
                text111                        00111A  000003  00111D      2234       0  CODE        2
                text109                        00111D  000003  001120      223A       0  CODE        2
                text105                        001120  000003  001123      2240       0  CODE        2
                text94                         001142  000004  001146      2284       0  CODE        2
                text93                         001146  000004  00114A      228C       0  CODE        2
                text92                         00114A  000004  00114E      2294       0  CODE        2
                text95                         00113E  000004  001142      227C       0  CODE        2
                text108                        001132  000004  001136      2264       0  CODE        2
                text97                         001136  000004  00113A      226C       0  CODE        2
                text96                         00113A  000004  00113E      2274       0  CODE        2
                text122                        001117  000003  00111A      222E       0  CODE        2
                text143                        0010FD  000002  0010FF      21FA       0  CODE        2
                text126                        0010FF  000002  001101      21FE       0  CODE        2
                text113                        001101  000002  001103      2202       0  CODE        2
                text5                          0010FC  000001  0010FD      21F8       0  CODE        2
                text138                        0010FA  000001  0010FB      21F4       0  CODE        2
                text62                         0010FB  000001  0010FC      21F6       0  CODE        2
                text127                        00110E  000003  001111      221C       0  CODE        2
                text124                        001111  000003  001114      2222       0  CODE        2
                text123                        001114  000003  001117      2228       0  CODE        2
                text128                        00110B  000003  00110E      2216       0  CODE        2
                text112                        001103  000002  001105      2206       0  CODE        2
                text142                        001105  000003  001108      220A       0  CODE        2
                text139                        001108  000003  00110B      2210       0  CODE        2
                text91                         00114E  000004  001152      229C       0  CODE        2
                text73                         0011BF  000008  0011C7      237E       0  CODE        2
                text66                         0011C7  000008  0011CF      238E       0  CODE        2
                text70                         0011CF  000009  0011D8      239E       0  CODE        2
                text74                         0011B7  000008  0011BF      236E       0  CODE        2
                text102                        00119F  000008  0011A7      233E       0  CODE        2
                text76                         0011A7  000008  0011AF      234E       0  CODE        2
                text75                         0011AF  000008  0011B7      235E       0  CODE        2
                text81                         0011FE  00000A  001208      23FC       0  CODE        2
                text67                         001208  00000A  001212      2410       0  CODE        2
                text42                         001212  00000A  00121C      2424       0  CODE        2
                text86                         0011F4  00000A  0011FE      23E8       0  CODE        2
                text69                         0011D8  000009  0011E1      23B0       0  CODE        2
                text26                         0011E1  000009  0011EA      23C2       0  CODE        2
                text119                        0011EA  00000A  0011F4      23D4       0  CODE        2
                text101                        001198  000007  00119F      2330       0  CODE        2
                text59                         001162  000004  001166      22C4       0  CODE        2
                text25                         001166  000004  00116A      22CC       0  CODE        2
                text103                        00116A  000005  00116F      22D4       0  CODE        2
                text63                         00115E  000004  001162      22BC       0  CODE        2
                text87                         001152  000004  001156      22A4       0  CODE        2
                text84                         001156  000004  00115A      22AC       0  CODE        2
                text71                         00115A  000004  00115E      22B4       0  CODE        2
                text98                         001186  000006  00118C      230C       0  CODE        2
                clrtext                        00118C  000006  001192      2318       0  CODE        2
                inittext                       001192  000006  001198      2324       0  CODE        2
                text106                        001180  000006  001186      2300       0  CODE        2
                text90                         00116F  000005  001174      22DE       0  CODE        2
                text129                        001174  000006  00117A      22E8       0  CODE        2
                text107                        00117A  000006  001180      22F4       0  CODE        2
                cstackBANK3                    0001A0  00000A  0001AA       1A0       1  BANK3       1
                dataBANK6                      000320  000032  000352       320       1  BANK6       1
                reset_vec                      000000  000004  000004         0       0  CODE        2
                bssCOMMON                      000070  00000C  00007C        70       1  COMMON      1
                intentry                       000004  0007FC  000800         8       0  CODE        2
                bssBANK8                       000420  000040  000460       420       1  BANK8       1
                cstackBANK9                    0004A0  00004C  0004EC       4A0       1  BANK9       1
                cstackBANK1                    0000A0  00004E  0000EE        A0       1  BANK1       1
                bssBANK2                       000120  00004E  00016E       120       1  BANK2       1
                bssBANK7                       0003A0  000020  0003C0       3A0       1  BANK7       1
                cstackBANK4                    000220  00004B  00026B       220       1  BANK4       1
                dataBANK5                      0002A0  000044  0002E4       2A0       1  BANK5       1
                cstackBANK0                    000020  000050  000070        20       1  BANK0       1
                text55                         000B3C  00004D  000B89      1678       0  CODE        2
                text32                         000AF0  00004C  000B3C      15E0       0  CODE        2
                text46                         000B89  00004D  000BD6      1712       0  CODE        2
                text7                          000AAA  000046  000AF0      1554       0  CODE        2
                text100                        000BD6  00004E  000C24      17AC       0  CODE        2
                text13                         000C24  000051  000C75      1848       0  CODE        2
                text3                          000A66  000044  000AAA      14CC       0  CODE        2
                text21                         000A22  000044  000A66      1444       0  CODE        2
                text51                         000C75  000052  000CC7      18EA       0  CODE        2
                text4                          000CC7  000054  000D1B      198E       0  CODE        2
                text36                         000D1B  00005A  000D75      1A36       0  CODE        2
                text43                         0009DE  000044  000A22      13BC       0  CODE        2
                text19                         000958  000042  00099A      12B0       0  CODE        2
                text44                         00099A  000044  0009DE      1334       0  CODE        2
                text99                         000916  000042  000958      122C       0  CODE        2
                text20                         000E37  000065  000E9C      1C6E       0  CODE        2
                text29                         000DD5  000062  000E37      1BAA       0  CODE        2
                text39                         000D75  000060  000DD5      1AEA       0  CODE        2
                text14                         000E9C  000067  000F03      1D38       0  CODE        2
                text60                         000F7D  000083  001000      1EFA       0  CODE        2
                text6                          000F03  00007A  000F7D      1E06       0  CODE        2


UNUSED ADDRESS RANGES

        Name                Unused          Largest block    Delta
        BANK1            000EE-000EF               2           1
        BANK10           00520-0056F              50           1
        BANK11           005A0-005EF              50           1
        BANK12           00620-0064F              30           1
        BANK2            0016E-0016F               2           1
        BANK3            001AA-001EF              46           1
        BANK4            0026B-0026F               5           1
        BANK5            002E4-002EF               C           1
        BANK6            00352-0036F              1E           1
        BANK7            003C0-003EF              30           1
        BANK8            00460-0046F              10           1
        BANK9            004EC-004EF               4           1
        BIGRAM           02000-023EF             3F0           1
        CODE             01000-010F9              FA           2
                         01849-01FFF             7B7
        COMMON           0007C-0007D               2           1
        CONST            01000-010F9              FA           2
                         01849-01FFF             100
        EEDATA           0F000-0F0FF             100           2
        ENTRY            01000-010F9              FA           2
                         01849-01FFF             100
        RAM              000EE-000EF               2           1
                         0016E-0016F               2
                         001AA-001EF              46
                         0026B-0026F               5
                         002E4-002EF               C
                         00352-0036F              1E
                         003C0-003EF              30
                         00460-0046F              10
                         004EC-004EF               4
                         00520-0056F              50
                         005A0-005EF              50
                         00620-0064F              30
        SFR0             00000-0001F              20           1
        SFR1             00080-0009F              20           1
        SFR10            00500-0051F              20           1
        SFR11            00580-0059F              20           1
        SFR12            00600-0061F              20           1
        SFR13            00680-006EF              70           1
        SFR14            00700-0076F              70           1
        SFR15            00780-007EF              70           1
        SFR16            00800-0086F              70           1
        SFR17            00880-008EF              70           1
        SFR18            00900-0096F              70           1
        SFR19            00980-009EF              70           1
        SFR2             00100-0011F              20           1
        SFR20            00A00-00A6F              70           1
        SFR21            00A80-00AEF              70           1
        SFR22            00B00-00B6F              70           1
        SFR23            00B80-00BEF              70           1
        SFR24            00C00-00C6F              70           1
        SFR25            00C80-00CEF              70           1
        SFR26            00D00-00D6F              70           1
        SFR27            00D80-00DEF              70           1
        SFR28            00E00-00E6F              70           1
        SFR29            00E80-00EEF              70           1
        SFR3             00180-0019F              20           1
        SFR30            00F00-00F6F              70           1
        SFR31            00F80-00FEF              70           1
        SFR32            01000-0106F              70           1
        SFR33            01080-010EF              70           1
        SFR34            01100-0116F              70           1
        SFR35            01180-011EF              70           1
        SFR36            01200-0126F              70           1
        SFR37            01280-012EF              70           1
        SFR38            01300-0136F              70           1
        SFR39            01380-013EF              70           1
        SFR4             00200-0021F              20           1
        SFR40            01400-0146F              70           1
        SFR41            01480-014EF              70           1
        SFR42            01500-0156F              70           1
        SFR43            01580-015EF              70           1
        SFR44            01600-0166F              70           1
        SFR45            01680-016EF              70           1
        SFR46            01700-0176F              70           1
        SFR47            01780-017EF              70           1
        SFR48            01800-0186F              70           1
        SFR49            01880-018EF              70           1
        SFR5             00280-0029F              20           1
        SFR50            01900-0196F              70           1
        SFR51            01980-019EF              70           1
        SFR52            01A00-01A6F              70           1
        SFR53            01A80-01AEF              70           1
        SFR54            01B00-01B6F              70           1
        SFR55            01B80-01BEF              70           1
        SFR56            01C00-01C6F              70           1
        SFR57            01C80-01CEF              70           1
        SFR58            01D00-01D6F              70           1
        SFR59            01D80-01DEF              70           1
        SFR6             00300-0031F              20           1
        SFR60            01E00-01E6F              70           1
        SFR61            01E80-01EEF              70           1
        SFR62            01F00-01F6F              70           1
        SFR63            01F80-01FEF              70           1
        SFR7             00380-0039F              20           1
        SFR8             00400-0041F              20           1
        SFR9             00480-0049F              20           1
        STRCODE          01000-010F9              FA           2
                         01849-01FFF             7B7
        STRING           01000-010F9              FA           2
                         01849-01FFF             100

                                  Symbol Table

?_ADCC_GetSingleConversion                             cstackBANK0  00020
?_DATAEE_ReadWord                                      cstackBANK0  00022
?_getADCData                                           cstackBANK0  00023
?_getBMP280Data                                        cstackBANK0  00039
?_getSHTC3Data                                         cstackBANK0  00034
?_get_2                                                cstackBANK0  00020
?_nmbs_crc_calc                                        cstackBANK0  00020
?_printf                                               cstackBANK0  00039
?_read_serial                                          cstackBANK0  00021
?_vfprintf                                             cstackBANK0  00031
?_write_serial                                         cstackBANK0  00021
ADCC_GetSingleConversion@channel                       cstackBANK0  00022
DATAEE_ReadByte@bAdd                                   cstackBANK0  00020
DATAEE_ReadWord@bAdd                                   cstackBANK0  00022
DATAEE_ReadWord@high_byte                              cstackBANK0  0002A
DATAEE_ReadWord@low_byte                               cstackBANK0  00029
DATAEE_WriteByte@GIEBitValue                           cstackBANK0  00023
DATAEE_WriteByte@bAdd                                  cstackBANK0  00020
DATAEE_WriteByte@bData                                 cstackBANK0  00022
DATAEE_WriteWord@bAdd                                  cstackBANK0  00024
DATAEE_WriteWord@bData                                 cstackBANK0  00026
EUSART1_Read@readValue                                 cstackBANK0  00020
EUSART1_RxDataHandler@t                                cstackCOMMON 0007A
EUSART1_SetErrorHandler@interruptHandler               cstackBANK0  00020
EUSART1_SetFramingErrorHandler@interruptHandler        cstackBANK0  00020
EUSART1_SetOverrunErrorHandler@interruptHandler        cstackBANK0  00020
EUSART1_SetRxInterruptHandler@interruptHandler         cstackBANK0  00020
EUSART1_Write@txData                                   cstackBANK0  00020
I2C1_CallbackReturnReset@funPtr                        cstackBANK0  00029
I2C1_Close@returnValue                                 cstackBANK0  00020
I2C1_MasterOperation@read                              cstackBANK0  0002E
I2C1_MasterOperation@returnValue                       cstackBANK0  0002F
I2C1_MasterSendTxData@data                             cstackBANK0  00020
I2C1_Open@address                                      cstackBANK0  00020
I2C1_Open@returnValue                                  cstackBANK0  00021
I2C1_ReadNBytes@address                                cstackBANK0  00033
I2C1_ReadNBytes@data                                   cstackBANK0  00030
I2C1_ReadNBytes@len                                    cstackBANK0  00031
I2C1_SetAddressNackCallback@cb                         cstackBANK0  00026
I2C1_SetAddressNackCallback@ptr                        cstackBANK0  00028
I2C1_SetBuffer@buffer                                  cstackBANK0  00020
I2C1_SetBuffer@bufferSize                              cstackBANK0  00022
I2C1_SetCallback@cb                                    cstackBANK0  00020
I2C1_SetCallback@idx                                   cstackBANK0  00025
I2C1_SetCallback@ptr                                   cstackBANK0  00022
I2C1_SetDataCompleteCallback@cb                        cstackBANK0  00026
I2C1_SetDataCompleteCallback@ptr                       cstackBANK0  00028
I2C1_WriteNBytes@address                               cstackBANK0  00033
I2C1_WriteNBytes@data                                  cstackBANK0  00030
I2C1_WriteNBytes@len                                   cstackBANK0  00031
TMR1_SetInterruptHandler@InterruptHandler              cstackBANK0  00020
TMR1_WriteTimer@timerVal                               cstackCOMMON 00076
_ADACCU                                                (abs)        00098
_ADACQH                                                (abs)        0010D
_ADACQL                                                (abs)        0010C
_ADACT                                                 (abs)        00117
_ADCAP                                                 (abs)        0010E
_ADCC_GetSingleConversion                              text54       012D5
_ADCC_Initialize                                       text77       01458
_ADCLK                                                 (abs)        00118
_ADCON0                                                (abs)        00111
_ADCON0bits                                            (abs)        00111
_ADCON1                                                (abs)        00112
_ADCON2                                                (abs)        00113
_ADCON3                                                (abs)        00114
_ADLTHH                                                (abs)        0008D
_ADLTHL                                                (abs)        0008C
_ADPCH                                                 (abs)        0009F
_ADPREH                                                (abs)        00110
_ADPREL                                                (abs)        0010F
_ADREF                                                 (abs)        00116
_ADRESH                                                (abs)        0009E
_ADRESL                                                (abs)        0009D
_ADRPT                                                 (abs)        0009A
_ADSTAT                                                (abs)        00115
_ADSTPTH                                               (abs)        00093
_ADSTPTL                                               (abs)        00092
_ADUTHH                                                (abs)        0008F
_ADUTHL                                                (abs)        0008E
_ANSELA                                                (abs)        01F38
_ANSELC                                                (abs)        01F4E
_BAUD1CON                                              (abs)        0011F
_DATAEE_ReadByte                                       text131      01264
_DATAEE_ReadWord                                       text130      01524
_DATAEE_WriteByte                                      text50       01503
_DATAEE_WriteWord                                      text49       0134C
_EUSART1_DefaultErrorHandler                           text139      01108
_EUSART1_DefaultFramingErrorHandler                    text138      010FA
_EUSART1_DefaultOverrunErrorHandler                    text137      01126
_EUSART1_ErrorHandler                                  nvBANK4      00267
_EUSART1_FramingErrorHandler                           nvBANK3      001A7
_EUSART1_Initialize                                    text72       01689
_EUSART1_OverrunErrorHandler                           nvBANK4      00269
_EUSART1_Read                                          text35       0124A
_EUSART1_Receive_ISR                                   text136      016BA
_EUSART1_RxDataHandler                                 text140      016EF
_EUSART1_RxDefaultInterruptHandler                     nvBANK2      0016C
_EUSART1_SetErrorHandler                               text76       011A7
_EUSART1_SetFramingErrorHandler                        text75       011AF
_EUSART1_SetOverrunErrorHandler                        text74       011B7
_EUSART1_SetRxInterruptHandler                         text73       011BF
_EUSART1_Write                                         text26       011E1
_EUSART1_is_tx_done                                    text25       01166
_EUSART1_is_tx_ready                                   text24       01257
_EUSART1_is_tx_ready$765                               cstackBANK0  00020
_FVRCON                                                (abs)        0090C
_FVRCONbits                                            (abs)        0090C
_FVR_Initialize                                        text71       0115A
_FVR_IsOutputReady                                     text129      01174
_I2C1_CallbackReturnReset                              text112      01103
_I2C1_CallbackReturnStop                               text113      01101
_I2C1_Close                                            text125      01375
_I2C1_DO_ADDRESS_NACK                                  text89       00800
_I2C1_DO_IDLE                                          text103      0116A
_I2C1_DO_RCEN                                          text98       01186
_I2C1_DO_RESET                                         text90       0116F
_I2C1_DO_RX                                            text99       00916
_I2C1_DO_RX_ACK                                        text93       01146
_I2C1_DO_RX_NACK_RESTART                               text91       0114E
_I2C1_DO_RX_NACK_STOP                                  text92       0114A
_I2C1_DO_SEND_ADR_READ                                 text102      0119F
_I2C1_DO_SEND_ADR_WRITE                                text101      01198
_I2C1_DO_SEND_RESTART                                  text95       0113E
_I2C1_DO_SEND_RESTART_READ                             text97       01136
_I2C1_DO_SEND_RESTART_WRITE                            text96       0113A
_I2C1_DO_SEND_STOP                                     text94       01142
_I2C1_DO_TX                                            text100      00BD6
_I2C1_DO_TX_EMPTY                                      text104      0162F
_I2C1_Initialize                                       text70       011CF
_I2C1_MasterClearIrq                                   text128      0110B
_I2C1_MasterClose                                      text127      0110E
_I2C1_MasterDisableIrq                                 text126      010FF
_I2C1_MasterEnableRestart                              text123      01114
_I2C1_MasterFsm                                        text88       0156A
_I2C1_MasterGetRxData                                  text109      0111D
_I2C1_MasterIsNack                                     text106      01180
_I2C1_MasterOpen                                       text83       0121C
_I2C1_MasterOperation                                  text85       013BC
_I2C1_MasterRead                                       text59       01162
_I2C1_MasterSendAck                                    text108      01132
_I2C1_MasterSendNack                                   text110      0112E
_I2C1_MasterSendTxData                                 text107      0117A
_I2C1_MasterSetIrq                                     text105      01120
_I2C1_MasterStart                                      text124      01111
_I2C1_MasterStartRx                                    text111      0111A
_I2C1_MasterStop                                       text122      01117
_I2C1_MasterWaitForEvent                               text87       01152
_I2C1_MasterWrite                                      text84       01156
_I2C1_Open                                             text82       0175B
_I2C1_Poller                                           text86       011F4
_I2C1_ReadNBytes                                       text58       014AA
_I2C1_SetAddressNackCallback                           text81       011FE
_I2C1_SetBuffer                                        text121      01360
_I2C1_SetCallback                                      text120      01725
_I2C1_SetDataCompleteCallback                          text119      011EA
_I2C1_Status                                           bssBANK2     00120
_I2C1_WriteNBytes                                      text80       0158F
_INLVLA                                                (abs)        01F3C
_INLVLC                                                (abs)        01F52
_INTCONbits                                            (abs)        0000B
_INTERRUPT_InterruptManager                            intentry     00004
_InitBMP280                                            text78       01227
_LATA                                                  (abs)        00018
_LATC                                                  (abs)        0001A
_LATCbits                                              (abs)        0001A
_NVMADRH                                               (abs)        0081B
_NVMADRL                                               (abs)        0081A
_NVMCON1bits                                           (abs)        0081E
_NVMCON2                                               (abs)        0081F
_NVMDATL                                               (abs)        0081C
_ODCONA                                                (abs)        01F3A
_ODCONC                                                (abs)        01F50
_OSCCON1                                               (abs)        0088D
_OSCCON3                                               (abs)        0088F
_OSCEN                                                 (abs)        00891
_OSCFRQ                                                (abs)        00893
_OSCILLATOR_Initialize                                 text69       011D8
_OSCTUNE                                               (abs)        00892
_PIE3bits                                              (abs)        00719
_PIE4bits                                              (abs)        0071A
_PIN_MANAGER_Initialize                                text68       015DB
_PIR3bits                                              (abs)        0070F
_PIR4bits                                              (abs)        00710
_PMD0                                                  (abs)        00796
_PMD1                                                  (abs)        00797
_PMD2                                                  (abs)        00798
_PMD3                                                  (abs)        00799
_PMD4                                                  (abs)        0079A
_PMD5                                                  (abs)        0079B
_PMD6                                                  (abs)        0079C
_PMD7                                                  (abs)        0079D
_PMD_Initialize                                        text67       01208
_RC0PPS                                                (abs)        01F20
_RC1PPS                                                (abs)        01F21
_RC1REG                                                (abs)        00119
_RC1STA                                                (abs)        0011D
_RC1STAbits                                            (abs)        0011D
_RC4PPS                                                (abs)        01F24
_RX1DTPPS                                              (abs)        01ECB
_SLRCONA                                               (abs)        01F3B
_SLRCONC                                               (abs)        01F51
_SP1BRG                                                (abs)        0011B
_SP1BRGH                                               (abs)        0011C
_SP1BRGL                                               (abs)        0011B
_SSP1ADD                                               (abs)        0018D
_SSP1BUF                                               (abs)        0018C
_SSP1CLKPPS                                            (abs)        01EC5
_SSP1CON1                                              (abs)        00190
_SSP1CON1bits                                          (abs)        00190
_SSP1CON2                                              (abs)        00191
_SSP1CON2bits                                          (abs)        00191
_SSP1DATPPS                                            (abs)        01EC6
_SSP1STAT                                              (abs)        0018F
_SYSTEM_Initialize                                     text64       0138C
_T1CLK                                                 (abs)        00211
_T1CON                                                 (abs)        0020E
_T1CONbits                                             (abs)        0020E
_T1GATE                                                (abs)        00210
_T1GCON                                                (abs)        0020F
_TMR1H                                                 (abs)        0020D
_TMR1L                                                 (abs)        0020C
_TMR1_DefaultInterruptHandler                          text134      0123D
_TMR1_ISR                                              text133      012E8
_TMR1_Initialize                                       text65       014E3
_TMR1_InterruptHandler                                 nvBANK2      0016A
_TMR1_SetInterruptHandler                              text66       011C7
_TMR1_StartTimer                                       text143      010FD
_TMR1_StopTimer                                        text142      01105
_TMR1_WriteTimer                                       text141      01272
_TRISA                                                 (abs)        00012
_TRISC                                                 (abs)        00014
_TX1REG                                                (abs)        0011A
_TX1STA                                                (abs)        0011E
_TX1STAbits                                            (abs)        0011E
_TxDeviceDisable                                       text23       01123
_TxDeviceEnable                                        text22       00002
_UART_ClearBuffer                                      text63       0115E
_WPUA                                                  (abs)        01F39
_WPUC                                                  (abs)        01F4F
__H__absolute__                                        __absolute__ 00000
__Habs1                                                abs1         00000
__Hbank0                                               bank0        00000
__Hbank1                                               bank1        00000
__Hbank10                                              bank10       00000
__Hbank11                                              bank11       00000
[...]
handler_read_input_registers@arg                       cstackBANK0  00026
handler_read_input_registers@i                         cstackBANK0  0002C
handler_read_input_registers@quantity                  cstackBANK0  00022
handler_read_input_registers@registers_out             cstackBANK0  00024
handler_read_input_registers@server_registers          cstackBANK0  0002B
handler_read_input_registers@unit_id                   cstackBANK0  00025
i1_UART_ClearBuffer                                    text135      0112A
init_ram                                               inittext     01192
int$flags                                              (abs)        0007E
intlevel0                                              functab      00000
intlevel1                                              functab      00000
intlevel2                                              functab      00000
intlevel3                                              functab      00000
intlevel4                                              functab      00000
intlevel5                                              functab      00000
is_a_new_value@actual_regs                             cstackBANK0  0002A
is_a_new_value@nmbs                                    cstackBANK0  0002C
is_a_new_value@registers                               cstackBANK0  00028
m_memset@c                                             cstackBANK0  00022
m_memset@len                                           cstackBANK0  00024
m_memset@p                                             cstackBANK0  00026
m_memset@s                                             cstackBANK0  00020
main@actual_regs                                       cstackBANK2  0015C
main@callbacks                                         cstackBANK2  00161
main@err                                               cstackBANK2  00160
main@is_in_memory                                      cstackBANK1  000ED
main@nmbs                                              cstackBANK9  004A0
main@platform_conf                                     cstackBANK3  001A0
main@registers                                         cstackBANK4  00220
msg_buf_reset@nmbs                                     cstackBANK0  00020
msg_state_reset@nmbs                                   cstackBANK0  00022
nmbs_crc_calc@crc                                      cstackBANK0  00030
nmbs_crc_calc@data                                     cstackBANK0  00020
nmbs_crc_calc@i                                        cstackBANK0  0002A
nmbs_crc_calc@j                                        cstackBANK0  0002E
nmbs_crc_calc@length                                   cstackBANK0  00022
nmbs_create@nmbs                                       cstackBANK0  00028
nmbs_create@platform_conf                              cstackBANK0  0002A
nmbs_server_create@address_rtu                         cstackBANK0  00030
nmbs_server_create@callbacks                           cstackBANK0  00033
nmbs_server_create@nmbs                                cstackBANK0  0002E
nmbs_server_create@platform_conf                       cstackBANK0  00031
nmbs_server_create@ret                                 cstackBANK0  00036
nmbs_server_poll@err                                   cstackBANK1  000E9
nmbs_server_poll@first_byte_received                   cstackBANK1  000E8
nmbs_server_poll@nmbs                                  cstackBANK0  0006E
printf@ap                                              cstackBANK0  0003B
printf@fmt                                             cstackBANK0  00039
put_1@data                                             cstackBANK0  00022
put_1@nmbs                                             cstackBANK0  00020
put_2@data                                             cstackBANK0  00022
put_2@nmbs                                             cstackBANK0  00020
put_msg_header@data_length                             cstackBANK0  00028
put_msg_header@nmbs                                    cstackBANK0  00026
put_res_header@data_length                             cstackBANK0  0002C
put_res_header@nmbs                                    cstackBANK0  0002A
rd1RegCompleteHandler@ptr                              cstackBANK0  00029
rd2RegCompleteHandler@ptr                              cstackBANK0  00029
rdBlkRegCompleteHandler@ptr                            cstackBANK0  00029
readBMP280@pRxbuffer                                   cstackBANK0  00034
readBMP280@pTxbuffer                                   cstackBANK0  00035
readBMP280@regadd                                      cstackBANK0  00036
readBMP280@ret                                         cstackBANK0  00037
readBMP280coeff@Txbuffer                               cstackBANK0  0003B
readBMP280coeff@coeff_buff                             cstackBANK0  00038
readBMP280coeff@i                                      cstackBANK0  0003C
read_serial@arg                                        cstackBANK0  00029
read_serial@buf                                        cstackBANK0  00021
read_serial@byte_timeout_ms                            cstackBANK0  00025
read_serial@c                                          cstackBANK0  0002F
read_serial@charCount                                  cstackBANK0  00030
read_serial@count                                      cstackBANK0  00023
recv@count                                             cstackBANK0  00036
recv@nmbs                                              cstackBANK0  00034
recv@ret                                               cstackBANK0  00038
recv_msg_footer@crc                                    cstackBANK0  0003D
recv_msg_footer@err                                    cstackBANK0  00041
recv_msg_footer@nmbs                                   cstackBANK0  00039
recv_msg_footer@recv_crc                               cstackBANK0  0003F
recv_msg_header@err                                    cstackBANK0  0003F
recv_msg_header@first_byte_received                    cstackBANK0  0003B
recv_msg_header@nmbs                                   cstackBANK0  00039
recv_read_registers_res@err                            cstackBANK0  0005C
recv_read_registers_res@i                              cstackBANK0  00059
recv_read_registers_res@nmbs                           cstackBANK0  0004D
recv_read_registers_res@quantity                       cstackBANK0  0004F
recv_read_registers_res@reg                            cstackBANK0  00057
recv_read_registers_res@registers                      cstackBANK0  00051
recv_read_registers_res@registers_bytes                cstackBANK0  0005B
recv_req_header@err                                    cstackBANK0  00043
recv_req_header@first_byte_received                    cstackBANK0  00042
recv_req_header@nmbs                                   cstackBANK0  00040
recv_res_header@err                                    cstackBANK0  0004C
recv_res_header@exception                              cstackBANK0  0004B
recv_res_header@first_byte_received                    cstackBANK0  00049
recv_res_header@nmbs                                   cstackBANK0  00042
recv_res_header@req_fc                                 cstackBANK0  0004A
recv_res_header@req_transaction_id                     cstackBANK0  00046
recv_res_header@req_unit_id                            cstackBANK0  00048
recv_write_single_coil_res@address                     cstackBANK0  0004F
recv_write_single_coil_res@address_res                 cstackBANK0  00053
recv_write_single_coil_res@err                         cstackBANK0  00057
recv_write_single_coil_res@nmbs                        cstackBANK0  0004D
recv_write_single_coil_res@value_req                   cstackBANK0  00051
recv_write_single_coil_res@value_res                   cstackBANK0  00055
recv_write_single_register_res@address                 cstackBANK0  0004F
recv_write_single_register_res@nmbs                    cstackBANK0  0004D
recv_write_single_register_res@value_req               cstackBANK0  00051
reset_vec                                              reset_vec    00000
send@count                                             cstackBANK0  00033
send@nmbs                                              cstackBANK0  00031
send@ret                                               cstackBANK0  0003A
send_exception_msg@exception                           cstackBANK0  00047
send_exception_msg@nmbs                                cstackBANK0  00045
send_msg@crc                                           cstackBANK0  00042
send_msg@err                                           cstackBANK0  00044
send_msg@nmbs                                          cstackBANK0  0003E
setBaudRateEUSART1@baudRate                            cstackBANK0  00020
start                                                  init         0001B
start_initialization                                   cinit        0001D
vfpfcnvrt@ap                                           cstackBANK0  0002C
vfpfcnvrt@fmt                                          cstackBANK0  0002B
vfpfcnvrt@fp                                           cstackBANK0  00029
vfprintf@ap                                            cstackBANK0  00035
vfprintf@cfmt                                          cstackBANK0  00037
vfprintf@fmt                                           cstackBANK0  00033
vfprintf@fp                                            cstackBANK0  00031
wr1RegCompleteHandler@ptr                              cstackBANK0  00029
wr2RegCompleteHandler@ptr                              cstackBANK0  00029
writeBMP280@Txbuffer                                   cstackBANK0  00037
writeBMP280@pTxbuffer                                  cstackBANK0  00036
writeBMP280@regadd                                     cstackBANK0  00035
writeBMP280@regdata                                    cstackBANK0  00034
write_serial@arg                                       cstackBANK0  00029
write_serial@buf                                       cstackBANK0  00021
write_serial@byte_timeout_ms                           cstackBANK0  00025
write_serial@count                                     cstackBANK0  00023
write_serial@i                                         cstackBANK0  0002F
write_serial@number_of_byte_send                       cstackBANK0  0002B
wtemp0                                                 (abs)        0007E


MODULE INFORMATION

Module		Function		Class		Link	Load	Size
sensor.c
		_readBMP280    		CODE           	13D6	0000	26
		_adjustBMP280coeff		CODE           	0F7D	0000	131
		_getBMP280Data 		CODE           	0632	0000	147
		_writeBMP280   		CODE           	1290	0000	17
		_getADCData    		CODE           	12C3	0000	18
		_InitBMP280    		CODE           	1227	0000	11
		_readBMP280coeff		CODE           	14C6	0000	29
		_getSHTC3Data  		CODE           	0C75	0000	82

sensor.c estimated size: 461

mcc_generated_files/examples/i2c1_master_example.c
		_wr1RegCompleteHandler		CODE           	1338	0000	20
		_wr2RegCompleteHandler		CODE           	12FC	0000	20
		_I2C1_ReadNBytes		CODE           	14AA	0000	28
		_rdBlkRegCompleteHandler		CODE           	148E	0000	28
		_rd1RegCompleteHandler		CODE           	1310	0000	20
		_rd2RegCompleteHandler		CODE           	1324	0000	20
		_I2C1_WriteNBytes		CODE           	158F	0000	38

mcc_generated_files/examples/i2c1_master_example.c estimated size: 174

mcc_generated_files/fvr.c
		_FVR_IsOutputReady		CODE           	1174	0000	6
		_FVR_Initialize		CODE           	115A	0000	4

mcc_generated_files/fvr.c estimated size: 10

mcc_generated_files/i2c1_master.c
		_I2C1_DO_SEND_RESTART		CODE           	113E	0000	4
		_I2C1_DO_TX_EMPTY		CODE           	162F	0000	45
		_I2C1_DO_SEND_RESTART_READ		CODE           	1136	0000	4
		_I2C1_CallbackReturnStop		CODE           	1101	0000	2
		_I2C1_MasterRead		CODE           	1162	0000	4
		_I2C1_DO_RX    		CODE           	0916	0000	66
		_I2C1_DO_TX    		CODE           	0BD6	0000	78
		_I2C1_SetAddressNackCallback		CODE           	11FE	0000	10
		_I2C1_DO_IDLE  		CODE           	116A	0000	5
		_I2C1_MasterOpen		CODE           	121C	0000	11
		_I2C1_DO_RCEN  		CODE           	1186	0000	6
		_I2C1_MasterSendTxData		CODE           	117A	0000	6
		_I2C1_MasterStop		CODE           	1117	0000	3
		_I2C1_CallbackReturnReset		CODE           	1103	0000	2
		_I2C1_DO_RESET 		CODE           	116F	0000	5
		_I2C1_MasterStartRx		CODE           	111A	0000	3
		_I2C1_Poller   		CODE           	11F4	0000	10
		_I2C1_DO_RX_ACK		CODE           	1146	0000	4
		_I2C1_MasterWaitForEvent		CODE           	1152	0000	4
		_I2C1_MasterSendNack		CODE           	112E	0000	4
		_I2C1_DO_RX_NACK_RESTART		CODE           	114E	0000	4
		_I2C1_MasterDisableIrq		CODE           	10FF	0000	2
		_I2C1_MasterOperation		CODE           	13BC	0000	26
		_I2C1_SetCallback		CODE           	1725	0000	54
		_I2C1_MasterEnableRestart		CODE           	1114	0000	3
		_I2C1_Open     		CODE           	175B	0000	55
		_I2C1_DO_ADDRESS_NACK		CODE           	0800	0000	41
		_I2C1_SetBuffer		CODE           	1360	0000	21
		_I2C1_DO_SEND_RESTART_WRITE		CODE           	113A	0000	4
		_I2C1_MasterClose		CODE           	110E	0000	3
		_I2C1_MasterWrite		CODE           	1156	0000	4
		_I2C1_Initialize		CODE           	11CF	0000	9
		_I2C1_Close    		CODE           	1375	0000	23
		_I2C1_MasterIsNack		CODE           	1180	0000	6
		_I2C1_MasterStart		CODE           	1111	0000	3
		_I2C1_DO_SEND_ADR_WRITE		CODE           	1198	0000	7
		_I2C1_MasterClearIrq		CODE           	110B	0000	3
		_I2C1_SetDataCompleteCallback		CODE           	11EA	0000	10
		_I2C1_DO_SEND_STOP		CODE           	1142	0000	4
		_I2C1_MasterSendAck		CODE           	1132	0000	4
		_I2C1_MasterFsm		CODE           	156A	0000	37
		_I2C1_MasterGetRxData		CODE           	111D	0000	3
		_I2C1_MasterSetIrq		CODE           	1120	0000	3
		_I2C1_DO_SEND_ADR_READ		CODE           	119F	0000	8
		_I2C1_DO_RX_NACK_STOP		CODE           	114A	0000	4

mcc_generated_files/i2c1_master.c estimated size: 617

mcc_generated_files/interrupt_manager.c
		_INTERRUPT_InterruptManager		CODE           	0004	0000	23

mcc_generated_files/interrupt_manager.c estimated size: 23

/opt/microchip/xc8/v2.50/pic/sources/c99/common/nf_fputc.c
		_fputc         		CODE           	0CC7	0000	84

/opt/microchip/xc8/v2.50/pic/sources/c99/common/nf_fputc.c estimated size: 84

/opt/microchip/xc8/v2.50/pic/sources/c99/common/doprnt.c
		_vfpfcnvrt     		CODE           	0A66	0000	68
		_vfprintf      		CODE           	140A	0000	26

/opt/microchip/xc8/v2.50/pic/sources/c99/common/doprnt.c estimated size: 94

mcc_generated_files/pin_manager.c
		_PIN_MANAGER_Initialize		CODE           	15DB	0000	40

mcc_generated_files/pin_manager.c estimated size: 40

nanomodbus.c
		_send_exception_msg		CODE           	1547	0000	35
		_handle_read_registers		CODE           	01E5	0000	344
		_get_2         		CODE           	089E	0000	60
		_recv_write_single_coil_res		CODE           	0C24	0000	81
		_recv_read_registers_res		CODE           	06C5	0000	143
		_nmbs_server_poll		CODE           	0F03	0000	122
		_msg_state_reset		CODE           	1603	0000	44
		_handle_read_input_registers		CODE           	12B2	0000	17
		_put_1         		CODE           	13F0	0000	26
		_recv_msg_header		CODE           	0DD5	0000	98
		_put_msg_header		CODE           	0D75	0000	96
		_handle_req_fc 		CODE           	0863	0000	59
		_recv_msg_footer		CODE           	0AF0	0000	76
		_m_memset      		CODE           	13A4	0000	24
		_recv_req_header		CODE           	0AAA	0000	70
		_recv_res_header		CODE           	04E8	0000	167
		_put_2         		CODE           	165C	0000	45
		_nmbs_create   		CODE           	0B89	0000	77
		_nmbs_server_create		CODE           	1792	0000	55
		_nmbs_crc_calc 		CODE           	0D1B	0000	90
		_handle_write_single_coil@nanomodbus$F3828		CODE           	033D	0000	239
		_recv_write_single_register_res		CODE           	07D8	0000	40
		_put_res_header		CODE           	1232	0000	11
		_msg_buf_reset 		CODE           	1212	0000	10
		_send_msg      		CODE           	0958	0000	66
		_send          		CODE           	0E37	0000	101
		_handle_read_holding_registers		CODE           	12A1	0000	17
		_recv          		CODE           	17C9	0000	55
		_handle_write_single_register@nanomodbus$F3873		CODE           	058F	0000	163
		_get_1         		CODE           	1473	0000	27

nanomodbus.c estimated size: 2458

modbus_imp.c
		_default_values_register		CODE           	0B3C	0000	77
		_handler_read_input_registers		CODE           	099A	0000	68
		_write_serial  		CODE           	0A22	0000	68
		_check_error_modbus		CODE           	10FB	0000	1
		_read_serial   		CODE           	0829	0000	58
		_handle_write_single_register		CODE           	15B5	0000	38
		_handler_read_holding_registers		CODE           	09DE	0000	68
		_handle_write_single_coil		CODE           	0E9C	0000	103

modbus_imp.c estimated size: 481

/opt/microchip/xc8/v2.50/pic/sources/c99/common/putch.c
		_putch         		CODE           	10FC	0000	1

/opt/microchip/xc8/v2.50/pic/sources/c99/common/putch.c estimated size: 1

shared
		_NMBS_BROADCAST_ADDRESS@nanomodbus$F3032		STRCODE        	0000	0000	0
		_NMBS_BROADCAST_ADDRESS		STRCODE        	0000	0000	0
		_NMBS_BROADCAST_ADDRESS@nanomodbus$F2768		STRCODE        	0000	0000	0
		__initialization		CODE           	001D	0000	83
		_fsmStateTable 		STRCODE        	1826	0000	32
		i1_UART_ClearBuffer		CODE           	112A	0000	4

shared estimated size: 119

mcc_generated_files/eusart1.c
		_EUSART1_is_tx_done		CODE           	1166	0000	4
		_EUSART1_SetRxInterruptHandler		CODE           	11BF	0000	8
		_EUSART1_is_tx_ready		CODE           	1257	0000	13
		_EUSART1_Initialize		CODE           	1689	0000	49
		_EUSART1_DefaultErrorHandler		CODE           	1108	0000	3
		_EUSART1_SetFramingErrorHandler		CODE           	11AF	0000	8
		_EUSART1_Read  		CODE           	124A	0000	13
		_EUSART1_SetOverrunErrorHandler		CODE           	11B7	0000	8
		_EUSART1_SetErrorHandler		CODE           	11A7	0000	8
		_EUSART1_Write 		CODE           	11E1	0000	9
		_setBaudRateEUSART1		CODE           	0754	0000	132
		_EUSART1_Receive_ISR		CODE           	16BA	0000	53
		_EUSART1_RxDataHandler		CODE           	16EF	0000	54
		_EUSART1_DefaultOverrunErrorHandler		CODE           	1126	0000	4
		_UART_ClearBuffer		CODE           	115E	0000	4
		_EUSART1_DefaultFramingErrorHandler		CODE           	10FA	0000	1

mcc_generated_files/eusart1.c estimated size: 371

mcc_generated_files/mcc.c
		_PMD_Initialize		CODE           	1208	0000	10
		_OSCILLATOR_Initialize		CODE           	11D8	0000	9
		_SYSTEM_Initialize		CODE           	138C	0000	24

mcc_generated_files/mcc.c estimated size: 43

mcc_generated_files/tmr1.c
		_TMR1_Initialize		CODE           	14E3	0000	32
		_TMR1_SetInterruptHandler		CODE           	11C7	0000	8
		_TMR1_StopTimer		CODE           	1105	0000	3
		_TMR1_DefaultInterruptHandler		CODE           	123D	0000	13
		_TMR1_WriteTimer		CODE           	1272	0000	15
		_TMR1_StartTimer		CODE           	10FD	0000	2
		_TMR1_ISR      		CODE           	12E8	0000	20

mcc_generated_files/tmr1.c estimated size: 93

/opt/microchip/xc8/v2.50/pic/sources/c99/common/printf.c
		_printf        		CODE           	1281	0000	15

/opt/microchip/xc8/v2.50/pic/sources/c99/common/printf.c estimated size: 15

mcc_generated_files/memory.c
		_DATAEE_WriteWord		CODE           	134C	0000	20
		_DATAEE_WriteByte		CODE           	1503	0000	33
		_DATAEE_ReadWord		CODE           	1524	0000	35
		_DATAEE_ReadByte		CODE           	1264	0000	14

mcc_generated_files/memory.c estimated size: 102

mcc_generated_files/adcc.c
		_ADCC_GetSingleConversion		CODE           	12D5	0000	19
		_ADCC_Initialize		CODE           	1458	0000	27

mcc_generated_files/adcc.c estimated size: 46

main.c
		_is_a_new_value		CODE           	042C	0000	188
		_main          		CODE           	0074	0000	369

main.c estimated size: 557

communication.c
		_TxDeviceDisable		CODE           	1123	0000	3
		_TxDeviceEnable		CODE           	0002	0000	2

communication.c estimated size: 5

